openclaw-supply-chain/workspace-supply-chain-inventory-forecaster/sales_history_2025-2026.csv
日期,SKU编号,商品名称,销量,单价,销售额,活动标记
2025-07-01,A001,爆款玻尿酸面膜,261,89.0,23229.0,日常
2025-07-02,A001,爆款玻尿酸面膜,234,89.0,20826.0,日常
2025-07-03,A001,爆款玻尿酸面膜,284,89.0,25276.0,日常
2025-07-04,A001,爆款玻尿酸面膜,277,89.0,24653.0,日常
2025-07-05,A001,爆款玻尿酸面膜,359,89.0,31951.0,日常
2025-07-06,A001,爆款玻尿酸面膜,276,89.0,24564.0,日常
2025-07-07,A001,爆款玻尿酸面膜,301,89.0,26789.0,日常
2025-07-08,A001,爆款玻尿酸面膜,312,89.0,27768.0,日常
2025-07-09,A001,爆款玻尿酸面膜,270,89.0,24030.0,日常
2025-07-10,A001,爆款玻尿酸面膜,286,89.0,25454.0,日常
2025-07-11,A001,爆款玻尿酸面膜,313,89.0,27857.0,日常
2025-07-12,A001,爆款玻尿酸面膜,296,89.0,26344.0,日常
2025-07-13,A001,爆款玻尿酸面膜,300,89.0,26700.0,日常
2025-07-14,A001,爆款玻尿酸面膜,289,89.0,25721.0,日常
2025-07-15,A001,爆款玻尿酸面膜,262,89.0,23318.0,日常
2025-07-16,A001,爆款玻尿酸面膜,282,89.0,25098.0,日常
2025-07-17,A001,爆款玻尿酸面膜,230,89.0,20470.0,日常
2025-07-18,A001,爆款玻尿酸面膜,266,89.0,23674.0,日常
2025-07-19,A001,爆款玻尿酸面膜,320,89.0,28480.0,日常
2025-07-20,A001,爆款玻尿酸面膜,313,89.0,27857.0,日常
2025-07-21,A001,爆款玻尿酸面膜,301,89.0,26789.0,日常
2025-07-22,A001,爆款玻尿酸面膜,202,89.0,17978.0,日常
2025-07-23,A001,爆款玻尿酸面膜,277,89.0,24653.0,日常
2025-07-24,A001,爆款玻尿酸面膜,324,89.0,28836.0,日常
2025-07-25,A001,爆款玻尿酸面膜,264,89.0,23496.0,日常
2025-07-26,A001,爆款玻尿酸面膜,319,89.0,28391.0,日常
2025-07-27,A001,爆款玻尿酸面膜,350,89.0,31150.0,日常
2025-07-28,A001,爆款玻尿酸面膜,249,89.0,22161.0,日常
2025-07-29,A001,爆款玻尿酸面膜,229,89.0,20381.0,日常
2025-07-30,A001,爆款玻尿酸面膜,267,89.0,23763.0,日常
2025-07-31,A001,爆款玻尿酸面膜,311,89.0,27679.0,日常
2025-08-01,A001,爆款玻尿酸面膜,254,89.0,22606.0,日常
2025-08-02,A001,爆款玻尿酸面膜,294,89.0,26166.0,日常
2025-08-03,A001,爆款玻尿酸面膜,343,89.0,30527.0,日常
2025-08-04,A001,爆款玻尿酸面膜,265,89.0,23585.0,日常
2025-08-05,A001,爆款玻尿酸面膜,216,89.0,19224.0,日常
2025-08-06,A001,爆款玻尿酸面膜,292,89.0,25988.0,日常
2025-08-07,A001,爆款玻尿酸面膜,225,89.0,20025.0,日常
2025-08-08,A001,爆款玻尿酸面膜,250,89.0,22250.0,日常
2025-08-09,A001,爆款玻尿酸面膜,279,89.0,24831.0,日常
2025-08-10,A001,爆款玻尿酸面膜,347,89.0,30883.0,日常
2025-08-11,A001,爆款玻尿酸面膜,253,89.0,22517.0,日常
2025-08-12,A001,爆款玻尿酸面膜,296,89.0,26344.0,日常
2025-08-13,A001,爆款玻尿酸面膜,233,89.0,20737.0,日常
2025-08-14,A001,爆款玻尿酸面膜,235,89.0,20915.0,日常
2025-08-15,A001,爆款玻尿酸面膜,230,89.0,20470.0,日常
2025-08-16,A001,爆款玻尿酸面膜,287,89.0,25543.0,日常
2025-08-17,A001,爆款玻尿酸面膜,325,89.0,28925.0,日常
2025-08-18,A001,爆款玻尿酸面膜,326,89.0,29014.0,日常
2025-08-19,A001,爆款玻尿酸面膜,237,89.0,21093.0,日常
2025-08-20,A001,爆款玻尿酸面膜,223,89.0,19847.0,日常
2025-08-21,A001,爆款玻尿酸面膜,238,89.0,21182.0,日常
2025-08-22,A001,爆款玻尿酸面膜,278,89.0,24742.0,日常
2025-08-23,A001,爆款玻尿酸面膜,361,89.0,32129.0,日常
2025-08-24,A001,爆款玻尿酸面膜,269,89.0,23941.0,日常
2025-08-25,A001,爆款玻尿酸面膜,256,89.0,22784.0,日常
2025-08-26,A001,爆款玻尿酸面膜,235,89.0,20915.0,日常
2025-08-27,A001,爆款玻尿酸面膜,209,89.0,18601.0,日常
2025-08-28,A001,爆款玻尿酸面膜,210,89.0,18690.0,日常
2025-08-29,A001,爆款玻尿酸面膜,233,89.0,20737.0,日常
2025-08-30,A001,爆款玻尿酸面膜,329,89.0,29281.0,日常
2025-08-31,A001,爆款玻尿酸面膜,279,89.0,24831.0,日常
2025-09-01,A001,爆款玻尿酸面膜,242,89.0,21538.0,日常
2025-09-02,A001,爆款玻尿酸面膜,270,89.0,24030.0,日常
2025-09-03,A001,爆款玻尿酸面膜,238,89.0,21182.0,日常
2025-09-04,A001,爆款玻尿酸面膜,287,89.0,25543.0,日常
2025-09-05,A001,爆款玻尿酸面膜,245,89.0,21805.0,日常
2025-09-06,A001,爆款玻尿酸面膜,323,89.0,28747.0,日常
2025-09-07,A001,爆款玻尿酸面膜,302,89.0,26878.0,日常
2025-09-08,A001,爆款玻尿酸面膜,262,89.0,23318.0,日常
2025-09-09,A001,爆款玻尿酸面膜,270,89.0,24030.0,日常
2025-09-10,A001,爆款玻尿酸面膜,267,89.0,23763.0,日常
2025-09-11,A001,爆款玻尿酸面膜,236,89.0,21004.0,日常
2025-09-12,A001,爆款玻尿酸面膜,286,89.0,25454.0,日常
2025-09-13,A001,爆款玻尿酸面膜,275,89.0,24475.0,日常
2025-09-14,A001,爆款玻尿酸面膜,290,89.0,25810.0,日常
2025-09-15,A001,爆款玻尿酸面膜,257,89.0,22873.0,日常
2025-09-16,A001,爆款玻尿酸面膜,228,89.0,20292.0,日常
2025-09-17,A001,爆款玻尿酸面膜,262,89.0,23318.0,日常
2025-09-18,A001,爆款玻尿酸面膜,260,89.0,23140.0,日常
2025-09-19,A001,爆款玻尿酸面膜,678,75.6,51256.8,99大促
2025-09-20,A001,爆款玻尿酸面膜,579,75.6,43772.4,99大促
2025-09-21,A001,爆款玻尿酸面膜,626,75.6,47325.6,99大促
2025-09-22,A001,爆款玻尿酸面膜,697,75.6,52693.2,99大促
2025-09-23,A001,爆款玻尿酸面膜,662,75.6,50047.2,99大促
2025-09-24,A001,爆款玻尿酸面膜,290,89.0,25810.0,日常
2025-09-25,A001,爆款玻尿酸面膜,277,89.0,24653.0,日常
2025-09-26,A001,爆款玻尿酸面膜,224,89.0,19936.0,日常
2025-09-27,A001,爆款玻尿酸面膜,335,89.0,29815.0,日常
2025-09-28,A001,爆款玻尿酸面膜,274,89.0,24386.0,日常
2025-09-29,A001,爆款玻尿酸面膜,231,89.0,20559.0,日常
2025-09-30,A001,爆款玻尿酸面膜,234,89.0,20826.0,日常
2025-10-01,A001,爆款玻尿酸面膜,318,89.0,28302.0,日常
2025-10-02,A001,爆款玻尿酸面膜,229,89.0,20381.0,日常
2025-10-03,A001,爆款玻尿酸面膜,264,89.0,23496.0,日常
2025-10-04,A001,爆款玻尿酸面膜,329,89.0,29281.0,日常
2025-10-05,A001,爆款玻尿酸面膜,331,89.0,29459.0,日常
2025-10-06,A001,爆款玻尿酸面膜,254,89.0,22606.0,日常
2025-10-07,A001,爆款玻尿酸面膜,300,89.0,26700.0,日常
2025-10-08,A001,爆款玻尿酸面膜,304,89.0,27056.0,日常
2025-10-09,A001,爆款玻尿酸面膜,230,89.0,20470.0,日常
2025-10-10,A001,爆款玻尿酸面膜,302,89.0,26878.0,日常
2025-10-11,A001,爆款玻尿酸面膜,285,89.0,25365.0,日常
2025-10-12,A001,爆款玻尿酸面膜,283,89.0,25187.0,日常
2025-10-13,A001,爆款玻尿酸面膜,223,89.0,19847.0,日常
2025-10-14,A001,爆款玻尿酸面膜,318,89.0,28302.0,日常
2025-10-15,A001,爆款玻尿酸面膜,312,89.0,27768.0,日常
2025-10-16,A001,爆款玻尿酸面膜,227,89.0,20203.0,日常
2025-10-17,A001,爆款玻尿酸面膜,207,89.0,18423.0,日常
2025-10-18,A001,爆款玻尿酸面膜,301,89.0,26789.0,日常
2025-10-19,A001,爆款玻尿酸面膜,276,89.0,24564.0,日常
2025-10-20,A001,爆款玻尿酸面膜,267,89.0,23763.0,日常
2025-10-21,A001,爆款玻尿酸面膜,211,89.0,18779.0,日常
2025-10-22,A001,爆款玻尿酸面膜,265,89.0,23585.0,日常
2025-10-23,A001,爆款玻尿酸面膜,216,89.0,19224.0,日常
2025-10-24,A001,爆款玻尿酸面膜,211,89.0,18779.0,日常
2025-10-25,A001,爆款玻尿酸面膜,337,89.0,29993.0,日常
2025-10-26,A001,爆款玻尿酸面膜,376,89.0,33464.0,日常
2025-10-27,A001,爆款玻尿酸面膜,278,89.0,24742.0,日常
2025-10-28,A001,爆款玻尿酸面膜,290,89.0,25810.0,日常
2025-10-29,A001,爆款玻尿酸面膜,221,89.0,19669.0,日常
2025-10-30,A001,爆款玻尿酸面膜,343,89.0,30527.0,日常
2025-10-31,A001,爆款玻尿酸面膜,236,89.0,21004.0,日常
2025-11-01,A001,爆款玻尿酸面膜,1158,75.6,87544.8,双11
2025-11-02,A001,爆款玻尿酸面膜,1355,75.6,102438.0,双11
2025-11-03,A001,爆款玻尿酸面膜,1119,75.6,84596.4,双11
2025-11-04,A001,爆款玻尿酸面膜,1156,75.6,87393.6,双11
2025-11-05,A001,爆款玻尿酸面膜,1173,75.6,88678.8,双11
2025-11-06,A001,爆款玻尿酸面膜,1158,75.6,87544.8,双11
2025-11-07,A001,爆款玻尿酸面膜,1272,75.6,96163.2,双11
2025-11-08,A001,爆款玻尿酸面膜,1108,75.6,83764.8,双11
2025-11-09,A001,爆款玻尿酸面膜,1103,75.6,83386.8,双11
2025-11-10,A001,爆款玻尿酸面膜,1135,75.6,85806.0,双11
2025-11-11,A001,爆款玻尿酸面膜,992,75.6,74995.2,双11
2025-11-12,A001,爆款玻尿酸面膜,752,75.6,56851.2,双11
2025-11-13,A001,爆款玻尿酸面膜,831,75.6,62823.6,双11
2025-11-14,A001,爆款玻尿酸面膜,223,89.0,19847.0,日常
2025-11-15,A001,爆款玻尿酸面膜,319,89.0,28391.0,日常
2025-11-16,A001,爆款玻尿酸面膜,247,89.0,21983.0,日常
2025-11-17,A001,爆款玻尿酸面膜,320,89.0,28480.0,日常
2025-11-18,A001,爆款玻尿酸面膜,231,89.0,20559.0,日常
2025-11-19,A001,爆款玻尿酸面膜,311,89.0,27679.0,日常
2025-11-20,A001,爆款玻尿酸面膜,291,89.0,25899.0,日常
2025-11-21,A001,爆款玻尿酸面膜,218,89.0,19402.0,日常
2025-11-22,A001,爆款玻尿酸面膜,358,89.0,31862.0,日常
2025-11-23,A001,爆款玻尿酸面膜,409,89.0,36401.0,日常
2025-11-24,A001,爆款玻尿酸面膜,272,89.0,24208.0,日常
2025-11-25,A001,爆款玻尿酸面膜,280,89.0,24920.0,日常
2025-11-26,A001,爆款玻尿酸面膜,281,89.0,25009.0,日常
2025-11-27,A001,爆款玻尿酸面膜,308,89.0,27412.0,日常
2025-11-28,A001,爆款玻尿酸面膜,244,89.0,21716.0,日常
2025-11-29,A001,爆款玻尿酸面膜,351,89.0,31239.0,日常
2025-11-30,A001,爆款玻尿酸面膜,322,89.0,28658.0,日常
2025-12-01,A001,爆款玻尿酸面膜,345,89.0,30705.0,日常
2025-12-02,A001,爆款玻尿酸面膜,341,89.0,30349.0,日常
2025-12-03,A001,爆款玻尿酸面膜,288,89.0,25632.0,日常
2025-12-04,A001,爆款玻尿酸面膜,261,89.0,23229.0,日常
2025-12-05,A001,爆款玻尿酸面膜,314,89.0,27946.0,日常
2025-12-06,A001,爆款玻尿酸面膜,342,89.0,30438.0,日常
2025-12-07,A001,爆款玻尿酸面膜,345,89.0,30705.0,日常
2025-12-08,A001,爆款玻尿酸面膜,315,89.0,28035.0,日常
2025-12-09,A001,爆款玻尿酸面膜,340,89.0,30260.0,日常
2025-12-10,A001,爆款玻尿酸面膜,253,89.0,22517.0,日常
2025-12-11,A001,爆款玻尿酸面膜,234,89.0,20826.0,日常
2025-12-12,A001,爆款玻尿酸面膜,509,75.6,38480.4,双12
2025-12-13,A001,爆款玻尿酸面膜,715,75.6,54054.0,双12
2025-12-14,A001,爆款玻尿酸面膜,816,75.6,61689.6,双12
2025-12-15,A001,爆款玻尿酸面膜,331,89.0,29459.0,日常
2025-12-16,A001,爆款玻尿酸面膜,244,89.0,21716.0,日常
2025-12-17,A001,爆款玻尿酸面膜,339,89.0,30171.0,日常
2025-12-18,A001,爆款玻尿酸面膜,320,89.0,28480.0,日常
2025-12-19,A001,爆款玻尿酸面膜,297,89.0,26433.0,日常
2025-12-20,A001,爆款玻尿酸面膜,385,89.0,34265.0,日常
2025-12-21,A001,爆款玻尿酸面膜,265,89.0,23585.0,日常
2025-12-22,A001,爆款玻尿酸面膜,270,89.0,24030.0,日常
2025-12-23,A001,爆款玻尿酸面膜,271,89.0,24119.0,日常
2025-12-24,A001,爆款玻尿酸面膜,307,89.0,27323.0,日常
2025-12-25,A001,爆款玻尿酸面膜,357,89.0,31773.0,日常
2025-12-26,A001,爆款玻尿酸面膜,274,89.0,24386.0,日常
2025-12-27,A001,爆款玻尿酸面膜,424,89.0,37736.0,日常
2025-12-28,A001,爆款玻尿酸面膜,382,89.0,33998.0,日常
2025-12-29,A001,爆款玻尿酸面膜,266,89.0,23674.0,日常
2025-12-30,A001,爆款玻尿酸面膜,267,89.0,23763.0,日常
2025-12-31,A001,爆款玻尿酸面膜,368,89.0,32752.0,日常
2026-01-01,A001,爆款玻尿酸面膜,284,89.0,25276.0,日常
2026-01-02,A001,爆款玻尿酸面膜,322,89.0,28658.0,日常
2026-01-03,A001,爆款玻尿酸面膜,379,89.0,33731.0,日常
2026-01-04,A001,爆款玻尿酸面膜,284,89.0,25276.0,日常
2026-01-05,A001,爆款玻尿酸面膜,311,89.0,27679.0,日常
2026-01-06,A001,爆款玻尿酸面膜,379,89.0,33731.0,日常
2026-01-07,A001,爆款玻尿酸面膜,367,89.0,32663.0,日常
2026-01-08,A001,爆款玻尿酸面膜,331,89.0,29459.0,日常
2026-01-09,A001,爆款玻尿酸面膜,325,89.0,28925.0,日常
2026-01-10,A001,爆款玻尿酸面膜,270,89.0,24030.0,日常
2026-01-11,A001,爆款玻尿酸面膜,326,89.0,29014.0,日常
2026-01-12,A001,爆款玻尿酸面膜,312,89.0,27768.0,日常
2026-01-13,A001,爆款玻尿酸面膜,347,89.0,30883.0,日常
2026-01-14,A001,爆款玻尿酸面膜,286,89.0,25454.0,日常
2026-01-15,A001,爆款玻尿酸面膜,338,89.0,30082.0,日常
2026-01-16,A001,爆款玻尿酸面膜,322,89.0,28658.0,日常
2026-01-17,A001,爆款玻尿酸面膜,400,89.0,35600.0,日常
2026-01-18,A001,爆款玻尿酸面膜,348,89.0,30972.0,日常
2026-01-19,A001,爆款玻尿酸面膜,309,89.0,27501.0,日常
2026-01-20,A001,爆款玻尿酸面膜,748,75.6,56548.8,年货节
2026-01-21,A001,爆款玻尿酸面膜,697,75.6,52693.2,年货节
2026-01-22,A001,爆款玻尿酸面膜,651,75.6,49215.6,年货节
2026-01-23,A001,爆款玻尿酸面膜,908,75.6,68644.8,年货节
2026-01-24,A001,爆款玻尿酸面膜,853,75.6,64486.8,年货节
2026-01-25,A001,爆款玻尿酸面膜,751,75.6,56775.6,年货节
2026-01-26,A001,爆款玻尿酸面膜,731,75.6,55263.6,年货节
2026-01-27,A001,爆款玻尿酸面膜,777,75.6,58741.2,年货节
2026-01-28,A001,爆款玻尿酸面膜,749,75.6,56624.4,年货节
2026-01-29,A001,爆款玻尿酸面膜,572,75.6,43243.2,年货节
2026-01-30,A001,爆款玻尿酸面膜,769,75.6,58136.4,年货节
2026-01-31,A001,爆款玻尿酸面膜,783,75.6,59194.8,年货节
2026-02-01,A001,爆款玻尿酸面膜,849,75.6,64184.4,年货节
2026-02-02,A001,爆款玻尿酸面膜,770,75.6,58212.0,年货节
2026-02-03,A001,爆款玻尿酸面膜,756,75.6,57153.6,年货节
2026-02-04,A001,爆款玻尿酸面膜,731,75.6,55263.6,年货节
2026-02-05,A001,爆款玻尿酸面膜,773,75.6,58438.8,年货节
2026-02-06,A001,爆款玻尿酸面膜,342,89.0,30438.0,日常
2026-02-07,A001,爆款玻尿酸面膜,449,89.0,39961.0,日常
2026-02-08,A001,爆款玻尿酸面膜,337,89.0,29993.0,日常
2026-02-09,A001,爆款玻尿酸面膜,386,89.0,34354.0,日常
2026-02-10,A001,爆款玻尿酸面膜,320,89.0,28480.0,日常
2026-02-11,A001,爆款玻尿酸面膜,288,89.0,25632.0,日常
2026-02-12,A001,爆款玻尿酸面膜,322,89.0,28658.0,日常
2026-02-13,A001,爆款玻尿酸面膜,311,89.0,27679.0,日常
2026-02-14,A001,爆款玻尿酸面膜,355,89.0,31595.0,日常
2026-02-15,A001,爆款玻尿酸面膜,412,89.0,36668.0,日常
2026-02-16,A001,爆款玻尿酸面膜,321,89.0,28569.0,日常
2026-02-17,A001,爆款玻尿酸面膜,323,89.0,28747.0,日常
2026-02-18,A001,爆款玻尿酸面膜,266,89.0,23674.0,日常
2026-02-19,A001,爆款玻尿酸面膜,264,89.0,23496.0,日常
2026-02-20,A001,爆款玻尿酸面膜,308,89.0,27412.0,日常
2026-02-21,A001,爆款玻尿酸面膜,278,89.0,24742.0,日常
2026-02-22,A001,爆款玻尿酸面膜,412,89.0,36668.0,日常
2026-02-23,A001,爆款玻尿酸面膜,345,89.0,30705.0,日常
2026-02-24,A001,爆款玻尿酸面膜,396,89.0,35244.0,日常
2026-02-25,A001,爆款玻尿酸面膜,316,89.0,28124.0,日常
2026-02-26,A001,爆款玻尿酸面膜,309,89.0,27501.0,日常
2026-02-27,A001,爆款玻尿酸面膜,333,89.0,29637.0,日常
2026-02-28,A001,爆款玻尿酸面膜,368,89.0,32752.0,日常
2026-03-01,A001,爆款玻尿酸面膜,461,89.0,41029.0,日常
2026-03-02,A001,爆款玻尿酸面膜,374,89.0,33286.0,日常
2026-03-03,A001,爆款玻尿酸面膜,328,89.0,29192.0,日常
2026-03-04,A001,爆款玻尿酸面膜,280,89.0,24920.0,日常
2026-03-05,A001,爆款玻尿酸面膜,364,89.0,32396.0,日常
2026-03-06,A001,爆款玻尿酸面膜,294,89.0,26166.0,日常
2026-03-07,A001,爆款玻尿酸面膜,372,89.0,33108.0,日常
2026-03-08,A001,爆款玻尿酸面膜,569,75.6,43016.4,38女王节
2026-03-09,A001,爆款玻尿酸面膜,542,75.6,40975.2,38女王节
2026-03-10,A001,爆款玻尿酸面膜,605,75.6,45738.0,38女王节
2026-03-11,A001,爆款玻尿酸面膜,270,89.0,24030.0,日常
2026-03-12,A001,爆款玻尿酸面膜,303,89.0,26967.0,日常
2026-03-13,A001,爆款玻尿酸面膜,347,89.0,30883.0,日常
2026-03-14,A001,爆款玻尿酸面膜,342,89.0,30438.0,日常
2026-03-15,A001,爆款玻尿酸面膜,413,89.0,36757.0,日常
2026-03-16,A001,爆款玻尿酸面膜,297,89.0,26433.0,日常
2026-03-17,A001,爆款玻尿酸面膜,343,89.0,30527.0,日常
2026-03-18,A001,爆款玻尿酸面膜,296,89.0,26344.0,日常
2026-03-19,A001,爆款玻尿酸面膜,389,89.0,34621.0,日常
2026-03-20,A001,爆款玻尿酸面膜,285,89.0,25365.0,日常
2026-03-21,A001,爆款玻尿酸面膜,406,89.0,36134.0,日常
2026-03-22,A001,爆款玻尿酸面膜,417,89.0,37113.0,日常
2026-03-23,A001,爆款玻尿酸面膜,400,89.0,35600.0,日常
2026-03-24,A001,爆款玻尿酸面膜,364,89.0,32396.0,日常
2026-03-25,A001,爆款玻尿酸面膜,258,89.0,22962.0,日常
2026-03-26,A001,爆款玻尿酸面膜,351,89.0,31239.0,日常
2026-03-27,A001,爆款玻尿酸面膜,283,89.0,25187.0,日常
2026-03-28,A001,爆款玻尿酸面膜,344,89.0,30616.0,日常
2026-03-29,A001,爆款玻尿酸面膜,409,89.0,36401.0,日常
2026-03-30,A001,爆款玻尿酸面膜,248,89.0,22072.0,日常
2026-03-31,A001,爆款玻尿酸面膜,346,89.0,30794.0,日常
2026-04-01,A001,爆款玻尿酸面膜,346,89.0,30794.0,日常
2026-04-02,A001,爆款玻尿酸面膜,340,89.0,30260.0,日常
2026-04-03,A001,爆款玻尿酸面膜,279,89.0,24831.0,日常
2026-04-04,A001,爆款玻尿酸面膜,400,89.0,35600.0,日常
2026-04-05,A001,爆款玻尿酸面膜,402,89.0,35778.0,日常
2026-04-06,A001,爆款玻尿酸面膜,337,89.0,29993.0,日常
2026-04-07,A001,爆款玻尿酸面膜,291,89.0,25899.0,日常
2026-04-08,A001,爆款玻尿酸面膜,322,89.0,28658.0,日常
2026-04-09,A001,爆款玻尿酸面膜,327,89.0,29103.0,日常
2026-04-10,A001,爆款玻尿酸面膜,298,89.0,26522.0,日常
2026-04-11,A001,爆款玻尿酸面膜,404,89.0,35956.0,日常
2026-04-12,A001,爆款玻尿酸面膜,407,89.0,36223.0,日常
2026-04-13,A001,爆款玻尿酸面膜,312,89.0,27768.0,日常
2026-04-14,A001,爆款玻尿酸面膜,343,89.0,30527.0,日常
2026-04-15,A001,爆款玻尿酸面膜,320,89.0,28480.0,日常
2026-04-16,A001,爆款玻尿酸面膜,308,89.0,27412.0,日常
2026-04-17,A001,爆款玻尿酸面膜,405,89.0,36045.0,日常
2026-04-18,A001,爆款玻尿酸面膜,415,89.0,36935.0,日常
2026-04-19,A001,爆款玻尿酸面膜,378,89.0,33642.0,日常
2026-04-20,A001,爆款玻尿酸面膜,349,89.0,31061.0,日常
2026-04-21,A001,爆款玻尿酸面膜,345,89.0,30705.0,日常
2026-04-22,A001,爆款玻尿酸面膜,322,89.0,28658.0,日常
2026-04-23,A001,爆款玻尿酸面膜,359,89.0,31951.0,日常
2026-04-24,A001,爆款玻尿酸面膜,341,89.0,30349.0,日常
2026-04-25,A001,爆款玻尿酸面膜,463,89.0,41207.0,日常
2026-04-26,A001,爆款玻尿酸面膜,410,89.0,36490.0,日常
2026-04-27,A001,爆款玻尿酸面膜,336,89.0,29904.0,日常
2026-04-28,A001,爆款玻尿酸面膜,318,89.0,28302.0,日常
2026-04-29,A001,爆款玻尿酸面膜,297,89.0,26433.0,日常
2026-04-30,A001,爆款玻尿酸面膜,261,89.0,23229.0,日常
2026-05-01,A001,爆款玻尿酸面膜,322,89.0,28658.0,日常
2026-05-02,A001,爆款玻尿酸面膜,385,89.0,34265.0,日常
2026-05-03,A001,爆款玻尿酸面膜,328,89.0,29192.0,日常
2026-05-04,A001,爆款玻尿酸面膜,371,89.0,33019.0,日常
2026-05-05,A001,爆款玻尿酸面膜,311,89.0,27679.0,日常
2026-05-06,A001,爆款玻尿酸面膜,381,89.0,33909.0,日常
2026-05-07,A001,爆款玻尿酸面膜,325,89.0,28925.0,日常
2026-05-08,A001,爆款玻尿酸面膜,332,89.0,29548.0,日常
2026-05-09,A001,爆款玻尿酸面膜,388,89.0,34532.0,日常
2026-05-10,A001,爆款玻尿酸面膜,394,89.0,35066.0,日常
2026-05-11,A001,爆款玻尿酸面膜,349,89.0,31061.0,日常
2026-05-12,A001,爆款玻尿酸面膜,351,89.0,31239.0,日常
2026-05-13,A001,爆款玻尿酸面膜,245,89.0,21805.0,日常
2026-05-14,A001,爆款玻尿酸面膜,337,89.0,29993.0,日常
2026-05-15,A001,爆款玻尿酸面膜,371,89.0,33019.0,日常
2026-05-16,A001,爆款玻尿酸面膜,364,89.0,32396.0,日常
2026-05-17,A001,爆款玻尿酸面膜,270,89.0,24030.0,日常
2026-05-18,A001,爆款玻尿酸面膜,390,89.0,34710.0,日常
2026-05-19,A001,爆款玻尿酸面膜,315,89.0,28035.0,日常
2026-05-20,A001,爆款玻尿酸面膜,360,89.0,32040.0,日常
2026-05-21,A001,爆款玻尿酸面膜,246,89.0,21894.0,日常
2026-05-22,A001,爆款玻尿酸面膜,334,89.0,29726.0,日常
2026-05-23,A001,爆款玻尿酸面膜,437,89.0,38893.0,日常
2026-05-24,A001,爆款玻尿酸面膜,350,89.0,31150.0,日常
2026-05-25,A001,爆款玻尿酸面膜,370,89.0,32930.0,日常
2026-05-26,A001,爆款玻尿酸面膜,344,89.0,30616.0,日常
2026-05-27,A001,爆款玻尿酸面膜,346,89.0,30794.0,日常
2026-05-28,A001,爆款玻尿酸面膜,276,89.0,24564.0,日常
2026-05-29,A001,爆款玻尿酸面膜,314,89.0,27946.0,日常
2026-05-30,A001,爆款玻尿酸面膜,433,89.0,38537.0,日常
2026-05-31,A001,爆款玻尿酸面膜,436,89.0,38804.0,日常
2026-06-01,A001,爆款玻尿酸面膜,1228,75.6,92836.8,618大促
2026-06-02,A001,爆款玻尿酸面膜,902,75.6,68191.2,618大促
2026-06-03,A001,爆款玻尿酸面膜,870,75.6,65772.0,618大促
2026-06-04,A001,爆款玻尿酸面膜,1072,75.6,81043.2,618大促
2026-06-05,A001,爆款玻尿酸面膜,1108,75.6,83764.8,618大促
2026-06-06,A001,爆款玻尿酸面膜,1207,75.6,91249.2,618大促
2026-06-07,A001,爆款玻尿酸面膜,1166,75.6,88149.6,618大促
2026-06-08,A001,爆款玻尿酸面膜,1056,75.6,79833.6,618大促
2026-06-09,A001,爆款玻尿酸面膜,987,75.6,74617.2,618大促
2026-06-10,A001,爆款玻尿酸面膜,946,75.6,71517.6,618大促
2026-06-11,A001,爆款玻尿酸面膜,990,75.6,74844.0,618大促
2026-06-12,A001,爆款玻尿酸面膜,958,75.6,72424.8,618大促
2026-06-13,A001,爆款玻尿酸面膜,1471,75.6,111207.6,618大促
2026-06-14,A001,爆款玻尿酸面膜,1124,75.6,84974.4,618大促
2026-06-15,A001,爆款玻尿酸面膜,1274,75.6,96314.4,618大促
2026-06-16,A001,爆款玻尿酸面膜,976,75.6,73785.6,618大促
2026-06-17,A001,爆款玻尿酸面膜,1035,75.6,78246.0,618大促
2026-06-18,A001,爆款玻尿酸面膜,1144,75.6,86486.4,618大促
2026-06-19,A001,爆款玻尿酸面膜,281,89.0,25009.0,日常
