openclaw-supply-chain/workspace-supply-chain-inventory-forecaster/sales_history_2025-2026.csv
日期,SKU编号,商品名称,销量,单价,销售额,活动标记
2025-07-01,A002,美白精华液30ml,118,199.0,23482.0,日常
2025-07-02,A002,美白精华液30ml,124,199.0,24676.0,日常
2025-07-03,A002,美白精华液30ml,98,199.0,19502.0,日常
2025-07-04,A002,美白精华液30ml,129,199.0,25671.0,日常
2025-07-05,A002,美白精华液30ml,137,199.0,27263.0,日常
2025-07-06,A002,美白精华液30ml,154,199.0,30646.0,日常
2025-07-07,A002,美白精华液30ml,133,199.0,26467.0,日常
2025-07-08,A002,美白精华液30ml,132,199.0,26268.0,日常
2025-07-09,A002,美白精华液30ml,102,199.0,20298.0,日常
2025-07-10,A002,美白精华液30ml,142,199.0,28258.0,日常
2025-07-11,A002,美白精华液30ml,120,199.0,23880.0,日常
2025-07-12,A002,美白精华液30ml,140,199.0,27860.0,日常
2025-07-13,A002,美白精华液30ml,114,199.0,22686.0,日常
2025-07-14,A002,美白精华液30ml,116,199.0,23084.0,日常
2025-07-15,A002,美白精华液30ml,146,199.0,29054.0,日常
2025-07-16,A002,美白精华液30ml,92,199.0,18308.0,日常
2025-07-17,A002,美白精华液30ml,130,199.0,25870.0,日常
2025-07-18,A002,美白精华液30ml,129,199.0,25671.0,日常
2025-07-19,A002,美白精华液30ml,126,199.0,25074.0,日常
2025-07-20,A002,美白精华液30ml,143,199.0,28457.0,日常
2025-07-21,A002,美白精华液30ml,110,199.0,21890.0,日常
2025-07-22,A002,美白精华液30ml,104,199.0,20696.0,日常
2025-07-23,A002,美白精华液30ml,110,199.0,21890.0,日常
2025-07-24,A002,美白精华液30ml,132,199.0,26268.0,日常
2025-07-25,A002,美白精华液30ml,108,199.0,21492.0,日常
2025-07-26,A002,美白精华液30ml,131,199.0,26069.0,日常
2025-07-27,A002,美白精华液30ml,126,199.0,25074.0,日常
2025-07-28,A002,美白精华液30ml,136,199.0,27064.0,日常
2025-07-29,A002,美白精华液30ml,131,199.0,26069.0,日常
2025-07-30,A002,美白精华液30ml,121,199.0,24079.0,日常
2025-07-31,A002,美白精华液30ml,106,199.0,21094.0,日常
2025-08-01,A002,美白精华液30ml,123,199.0,24477.0,日常
2025-08-02,A002,美白精华液30ml,140,199.0,27860.0,日常
2025-08-03,A002,美白精华液30ml,131,199.0,26069.0,日常
2025-08-04,A002,美白精华液30ml,133,199.0,26467.0,日常
2025-08-05,A002,美白精华液30ml,130,199.0,25870.0,日常
2025-08-06,A002,美白精华液30ml,87,199.0,17313.0,日常
2025-08-07,A002,美白精华液30ml,151,199.0,30049.0,日常
2025-08-08,A002,美白精华液30ml,106,199.0,21094.0,日常
2025-08-09,A002,美白精华液30ml,117,199.0,23283.0,日常
2025-08-10,A002,美白精华液30ml,153,199.0,30447.0,日常
2025-08-11,A002,美白精华液30ml,121,199.0,24079.0,日常
2025-08-12,A002,美白精华液30ml,118,199.0,23482.0,日常
2025-08-13,A002,美白精华液30ml,134,199.0,26666.0,日常
2025-08-14,A002,美白精华液30ml,116,199.0,23084.0,日常
2025-08-15,A002,美白精华液30ml,119,199.0,23681.0,日常
2025-08-16,A002,美白精华液30ml,122,199.0,24278.0,日常
2025-08-17,A002,美白精华液30ml,139,199.0,27661.0,日常
2025-08-18,A002,美白精华液30ml,141,199.0,28059.0,日常
2025-08-19,A002,美白精华液30ml,115,199.0,22885.0,日常
2025-08-20,A002,美白精华液30ml,156,199.0,31044.0,日常
2025-08-21,A002,美白精华液30ml,100,199.0,19900.0,日常
2025-08-22,A002,美白精华液30ml,106,199.0,21094.0,日常
2025-08-23,A002,美白精华液30ml,106,199.0,21094.0,日常
2025-08-24,A002,美白精华液30ml,144,199.0,28656.0,日常
2025-08-25,A002,美白精华液30ml,138,199.0,27462.0,日常
2025-08-26,A002,美白精华液30ml,140,199.0,27860.0,日常
2025-08-27,A002,美白精华液30ml,121,199.0,24079.0,日常
2025-08-28,A002,美白精华液30ml,111,199.0,22089.0,日常
2025-08-29,A002,美白精华液30ml,130,199.0,25870.0,日常
2025-08-30,A002,美白精华液30ml,139,199.0,27661.0,日常
2025-08-31,A002,美白精华液30ml,124,199.0,24676.0,日常
2025-09-01,A002,美白精华液30ml,145,199.0,28855.0,日常
2025-09-02,A002,美白精华液30ml,129,199.0,25671.0,日常
2025-09-03,A002,美白精华液30ml,104,199.0,20696.0,日常
2025-09-04,A002,美白精华液30ml,144,199.0,28656.0,日常
2025-09-05,A002,美白精华液30ml,125,199.0,24875.0,日常
2025-09-06,A002,美白精华液30ml,143,199.0,28457.0,日常
2025-09-07,A002,美白精华液30ml,151,199.0,30049.0,日常
2025-09-08,A002,美白精华液30ml,123,199.0,24477.0,日常
2025-09-09,A002,美白精华液30ml,93,199.0,18507.0,日常
2025-09-10,A002,美白精华液30ml,109,199.0,21691.0,日常
2025-09-11,A002,美白精华液30ml,125,199.0,24875.0,日常
2025-09-12,A002,美白精华液30ml,129,199.0,25671.0,日常
2025-09-13,A002,美白精华液30ml,135,199.0,26865.0,日常
2025-09-14,A002,美白精华液30ml,169,199.0,33631.0,日常
2025-09-15,A002,美白精华液30ml,112,199.0,22288.0,日常
2025-09-16,A002,美白精华液30ml,111,199.0,22089.0,日常
2025-09-17,A002,美白精华液30ml,130,199.0,25870.0,日常
2025-09-18,A002,美白精华液30ml,148,199.0,29452.0,日常
2025-09-19,A002,美白精华液30ml,282,169.2,47714.4,99大促
2025-09-20,A002,美白精华液30ml,363,169.2,61419.6,99大促
2025-09-21,A002,美白精华液30ml,327,169.2,55328.4,99大促
2025-09-22,A002,美白精华液30ml,370,169.2,62604.0,99大促
2025-09-23,A002,美白精华液30ml,316,169.2,53467.2,99大促
2025-09-24,A002,美白精华液30ml,112,199.0,22288.0,日常
2025-09-25,A002,美白精华液30ml,133,199.0,26467.0,日常
2025-09-26,A002,美白精华液30ml,113,199.0,22487.0,日常
2025-09-27,A002,美白精华液30ml,110,199.0,21890.0,日常
2025-09-28,A002,美白精华液30ml,128,199.0,25472.0,日常
2025-09-29,A002,美白精华液30ml,134,199.0,26666.0,日常
2025-09-30,A002,美白精华液30ml,129,199.0,25671.0,日常
2025-10-01,A002,美白精华液30ml,110,199.0,21890.0,日常
2025-10-02,A002,美白精华液30ml,120,199.0,23880.0,日常
2025-10-03,A002,美白精华液30ml,130,199.0,25870.0,日常
2025-10-04,A002,美白精华液30ml,109,199.0,21691.0,日常
2025-10-05,A002,美白精华液30ml,167,199.0,33233.0,日常
2025-10-06,A002,美白精华液30ml,112,199.0,22288.0,日常
2025-10-07,A002,美白精华液30ml,120,199.0,23880.0,日常
2025-10-08,A002,美白精华液30ml,102,199.0,20298.0,日常
2025-10-09,A002,美白精华液30ml,90,199.0,17910.0,日常
2025-10-10,A002,美白精华液30ml,106,199.0,21094.0,日常
2025-10-11,A002,美白精华液30ml,178,199.0,35422.0,日常
2025-10-12,A002,美白精华液30ml,157,199.0,31243.0,日常
2025-10-13,A002,美白精华液30ml,116,199.0,23084.0,日常
2025-10-14,A002,美白精华液30ml,127,199.0,25273.0,日常
2025-10-15,A002,美白精华液30ml,105,199.0,20895.0,日常
2025-10-16,A002,美白精华液30ml,97,199.0,19303.0,日常
2025-10-17,A002,美白精华液30ml,125,199.0,24875.0,日常
2025-10-18,A002,美白精华液30ml,126,199.0,25074.0,日常
2025-10-19,A002,美白精华液30ml,134,199.0,26666.0,日常
2025-10-20,A002,美白精华液30ml,113,199.0,22487.0,日常
2025-10-21,A002,美白精华液30ml,122,199.0,24278.0,日常
2025-10-22,A002,美白精华液30ml,131,199.0,26069.0,日常
2025-10-23,A002,美白精华液30ml,118,199.0,23482.0,日常
2025-10-24,A002,美白精华液30ml,102,199.0,20298.0,日常
2025-10-25,A002,美白精华液30ml,162,199.0,32238.0,日常
2025-10-26,A002,美白精华液30ml,133,199.0,26467.0,日常
2025-10-27,A002,美白精华液30ml,145,199.0,28855.0,日常
2025-10-28,A002,美白精华液30ml,120,199.0,23880.0,日常
2025-10-29,A002,美白精华液30ml,119,199.0,23681.0,日常
2025-10-30,A002,美白精华液30ml,114,199.0,22686.0,日常
2025-10-31,A002,美白精华液30ml,133,199.0,26467.0,日常
2025-11-01,A002,美白精华液30ml,522,169.2,88322.4,双11
2025-11-02,A002,美白精华液30ml,494,169.2,83584.8,双11
2025-11-03,A002,美白精华液30ml,485,169.2,82062.0,双11
2025-11-04,A002,美白精华液30ml,518,169.2,87645.6,双11
2025-11-05,A002,美白精华液30ml,560,169.2,94752.0,双11
2025-11-06,A002,美白精华液30ml,432,169.2,73094.4,双11
2025-11-07,A002,美白精华液30ml,513,169.2,86799.6,双11
2025-11-08,A002,美白精华液30ml,639,169.2,108118.8,双11
2025-11-09,A002,美白精华液30ml,443,169.2,74955.6,双11
2025-11-10,A002,美白精华液30ml,502,169.2,84938.4,双11
2025-11-11,A002,美白精华液30ml,421,169.2,71233.2,双11
2025-11-12,A002,美白精华液30ml,497,169.2,84092.4,双11
2025-11-13,A002,美白精华液30ml,350,169.2,59220.0,双11
2025-11-14,A002,美白精华液30ml,105,199.0,20895.0,日常
2025-11-15,A002,美白精华液30ml,143,199.0,28457.0,日常
2025-11-16,A002,美白精华液30ml,148,199.0,29452.0,日常
2025-11-17,A002,美白精华液30ml,102,199.0,20298.0,日常
2025-11-18,A002,美白精华液30ml,118,199.0,23482.0,日常
2025-11-19,A002,美白精华液30ml,113,199.0,22487.0,日常
2025-11-20,A002,美白精华液30ml,120,199.0,23880.0,日常
2025-11-21,A002,美白精华液30ml,107,199.0,21293.0,日常
2025-11-22,A002,美白精华液30ml,154,199.0,30646.0,日常
2025-11-23,A002,美白精华液30ml,118,199.0,23482.0,日常
2025-11-24,A002,美白精华液30ml,106,199.0,21094.0,日常
2025-11-25,A002,美白精华液30ml,138,199.0,27462.0,日常
2025-11-26,A002,美白精华液30ml,125,199.0,24875.0,日常
2025-11-27,A002,美白精华液30ml,120,199.0,23880.0,日常
2025-11-28,A002,美白精华液30ml,132,199.0,26268.0,日常
2025-11-29,A002,美白精华液30ml,156,199.0,31044.0,日常
2025-11-30,A002,美白精华液30ml,159,199.0,31641.0,日常
2025-12-01,A002,美白精华液30ml,135,199.0,26865.0,日常
2025-12-02,A002,美白精华液30ml,113,199.0,22487.0,日常
2025-12-03,A002,美白精华液30ml,104,199.0,20696.0,日常
2025-12-04,A002,美白精华液30ml,124,199.0,24676.0,日常
2025-12-05,A002,美白精华液30ml,119,199.0,23681.0,日常
2025-12-06,A002,美白精华液30ml,160,199.0,31840.0,日常
2025-12-07,A002,美白精华液30ml,150,199.0,29850.0,日常
2025-12-08,A002,美白精华液30ml,102,199.0,20298.0,日常
2025-12-09,A002,美白精华液30ml,116,199.0,23084.0,日常
2025-12-10,A002,美白精华液30ml,123,199.0,24477.0,日常
2025-12-11,A002,美白精华液30ml,117,199.0,23283.0,日常
2025-12-12,A002,美白精华液30ml,357,169.2,60404.4,双12
2025-12-13,A002,美白精华液30ml,292,169.2,49406.4,双12
2025-12-14,A002,美白精华液30ml,271,169.2,45853.2,双12
2025-12-15,A002,美白精华液30ml,104,199.0,20696.0,日常
2025-12-16,A002,美白精华液30ml,130,199.0,25870.0,日常
2025-12-17,A002,美白精华液30ml,131,199.0,26069.0,日常
2025-12-18,A002,美白精华液30ml,119,199.0,23681.0,日常
2025-12-19,A002,美白精华液30ml,128,199.0,25472.0,日常
2025-12-20,A002,美白精华液30ml,165,199.0,32835.0,日常
2025-12-21,A002,美白精华液30ml,150,199.0,29850.0,日常
2025-12-22,A002,美白精华液30ml,97,199.0,19303.0,日常
2025-12-23,A002,美白精华液30ml,168,199.0,33432.0,日常
2025-12-24,A002,美白精华液30ml,126,199.0,25074.0,日常
2025-12-25,A002,美白精华液30ml,110,199.0,21890.0,日常
2025-12-26,A002,美白精华液30ml,147,199.0,29253.0,日常
2025-12-27,A002,美白精华液30ml,144,199.0,28656.0,日常
2025-12-28,A002,美白精华液30ml,157,199.0,31243.0,日常
2025-12-29,A002,美白精华液30ml,113,199.0,22487.0,日常
2025-12-30,A002,美白精华液30ml,127,199.0,25273.0,日常
2025-12-31,A002,美白精华液30ml,125,199.0,24875.0,日常
2026-01-01,A002,美白精华液30ml,122,199.0,24278.0,日常
2026-01-02,A002,美白精华液30ml,127,199.0,25273.0,日常
2026-01-03,A002,美白精华液30ml,172,199.0,34228.0,日常
2026-01-04,A002,美白精华液30ml,142,199.0,28258.0,日常
2026-01-05,A002,美白精华液30ml,113,199.0,22487.0,日常
2026-01-06,A002,美白精华液30ml,130,199.0,25870.0,日常
2026-01-07,A002,美白精华液30ml,129,199.0,25671.0,日常
2026-01-08,A002,美白精华液30ml,134,199.0,26666.0,日常
2026-01-09,A002,美白精华液30ml,137,199.0,27263.0,日常
2026-01-10,A002,美白精华液30ml,198,199.0,39402.0,日常
2026-01-11,A002,美白精华液30ml,104,199.0,20696.0,日常
2026-01-12,A002,美白精华液30ml,127,199.0,25273.0,日常
2026-01-13,A002,美白精华液30ml,119,199.0,23681.0,日常
2026-01-14,A002,美白精华液30ml,117,199.0,23283.0,日常
2026-01-15,A002,美白精华液30ml,123,199.0,24477.0,日常
2026-01-16,A002,美白精华液30ml,125,199.0,24875.0,日常
2026-01-17,A002,美白精华液30ml,125,199.0,24875.0,日常
2026-01-18,A002,美白精华液30ml,124,199.0,24676.0,日常
2026-01-19,A002,美白精华液30ml,137,199.0,27263.0,日常
2026-01-20,A002,美白精华液30ml,330,169.2,55836.0,年货节
2026-01-21,A002,美白精华液30ml,301,169.2,50929.2,年货节
2026-01-22,A002,美白精华液30ml,208,169.2,35193.6,年货节
2026-01-23,A002,美白精华液30ml,266,169.2,45007.2,年货节
2026-01-24,A002,美白精华液30ml,302,169.2,51098.4,年货节
2026-01-25,A002,美白精华液30ml,310,169.2,52452.0,年货节
2026-01-26,A002,美白精华液30ml,263,169.2,44499.6,年货节
2026-01-27,A002,美白精华液30ml,270,169.2,45684.0,年货节
2026-01-28,A002,美白精华液30ml,258,169.2,43653.6,年货节
2026-01-29,A002,美白精华液30ml,274,169.2,46360.8,年货节
2026-01-30,A002,美白精华液30ml,298,169.2,50421.6,年货节
2026-01-31,A002,美白精华液30ml,314,169.2,53128.8,年货节
2026-02-01,A002,美白精华液30ml,261,169.2,44161.2,年货节
2026-02-02,A002,美白精华液30ml,258,169.2,43653.6,年货节
2026-02-03,A002,美白精华液30ml,326,169.2,55159.2,年货节
2026-02-04,A002,美白精华液30ml,289,169.2,48898.8,年货节
2026-02-05,A002,美白精华液30ml,258,169.2,43653.6,年货节
2026-02-06,A002,美白精华液30ml,133,199.0,26467.0,日常
2026-02-07,A002,美白精华液30ml,159,199.0,31641.0,日常
2026-02-08,A002,美白精华液30ml,174,199.0,34626.0,日常
2026-02-09,A002,美白精华液30ml,114,199.0,22686.0,日常
2026-02-10,A002,美白精华液30ml,105,199.0,20895.0,日常
2026-02-11,A002,美白精华液30ml,112,199.0,22288.0,日常
2026-02-12,A002,美白精华液30ml,118,199.0,23482.0,日常
2026-02-13,A002,美白精华液30ml,148,199.0,29452.0,日常
2026-02-14,A002,美白精华液30ml,146,199.0,29054.0,日常
2026-02-15,A002,美白精华液30ml,119,199.0,23681.0,日常
2026-02-16,A002,美白精华液30ml,121,199.0,24079.0,日常
2026-02-17,A002,美白精华液30ml,132,199.0,26268.0,日常
2026-02-18,A002,美白精华液30ml,122,199.0,24278.0,日常
2026-02-19,A002,美白精华液30ml,130,199.0,25870.0,日常
2026-02-20,A002,美白精华液30ml,128,199.0,25472.0,日常
2026-02-21,A002,美白精华液30ml,141,199.0,28059.0,日常
2026-02-22,A002,美白精华液30ml,141,199.0,28059.0,日常
2026-02-23,A002,美白精华液30ml,124,199.0,24676.0,日常
2026-02-24,A002,美白精华液30ml,114,199.0,22686.0,日常
2026-02-25,A002,美白精华液30ml,127,199.0,25273.0,日常
2026-02-26,A002,美白精华液30ml,118,199.0,23482.0,日常
2026-02-27,A002,美白精华液30ml,118,199.0,23482.0,日常
2026-02-28,A002,美白精华液30ml,158,199.0,31442.0,日常
2026-03-01,A002,美白精华液30ml,149,199.0,29651.0,日常
2026-03-02,A002,美白精华液30ml,97,199.0,19303.0,日常
2026-03-03,A002,美白精华液30ml,109,199.0,21691.0,日常
2026-03-04,A002,美白精华液30ml,127,199.0,25273.0,日常
2026-03-05,A002,美白精华液30ml,131,199.0,26069.0,日常
2026-03-06,A002,美白精华液30ml,156,199.0,31044.0,日常
2026-03-07,A002,美白精华液30ml,167,199.0,33233.0,日常
2026-03-08,A002,美白精华液30ml,202,169.2,34178.4,38女王节
2026-03-09,A002,美白精华液30ml,268,169.2,45345.6,38女王节
2026-03-10,A002,美白精华液30ml,198,169.2,33501.6,38女王节
2026-03-11,A002,美白精华液30ml,100,199.0,19900.0,日常
2026-03-12,A002,美白精华液30ml,112,199.0,22288.0,日常
2026-03-13,A002,美白精华液30ml,146,199.0,29054.0,日常
2026-03-14,A002,美白精华液30ml,139,199.0,27661.0,日常
2026-03-15,A002,美白精华液30ml,135,199.0,26865.0,日常
2026-03-16,A002,美白精华液30ml,119,199.0,23681.0,日常
2026-03-17,A002,美白精华液30ml,112,199.0,22288.0,日常
2026-03-18,A002,美白精华液30ml,128,199.0,25472.0,日常
2026-03-19,A002,美白精华液30ml,98,199.0,19502.0,日常
2026-03-20,A002,美白精华液30ml,151,199.0,30049.0,日常
2026-03-21,A002,美白精华液30ml,156,199.0,31044.0,日常
2026-03-22,A002,美白精华液30ml,150,199.0,29850.0,日常
2026-03-23,A002,美白精华液30ml,105,199.0,20895.0,日常
2026-03-24,A002,美白精华液30ml,113,199.0,22487.0,日常
2026-03-25,A002,美白精华液30ml,130,199.0,25870.0,日常
2026-03-26,A002,美白精华液30ml,131,199.0,26069.0,日常
2026-03-27,A002,美白精华液30ml,121,199.0,24079.0,日常
2026-03-28,A002,美白精华液30ml,162,199.0,32238.0,日常
2026-03-29,A002,美白精华液30ml,120,199.0,23880.0,日常
2026-03-30,A002,美白精华液30ml,156,199.0,31044.0,日常
2026-03-31,A002,美白精华液30ml,116,199.0,23084.0,日常
2026-04-01,A002,美白精华液30ml,130,199.0,25870.0,日常
2026-04-02,A002,美白精华液30ml,117,199.0,23283.0,日常
2026-04-03,A002,美白精华液30ml,132,199.0,26268.0,日常
2026-04-04,A002,美白精华液30ml,131,199.0,26069.0,日常
2026-04-05,A002,美白精华液30ml,137,199.0,27263.0,日常
2026-04-06,A002,美白精华液30ml,83,199.0,16517.0,日常
2026-04-07,A002,美白精华液30ml,127,199.0,25273.0,日常
2026-04-08,A002,美白精华液30ml,106,199.0,21094.0,日常
2026-04-09,A002,美白精华液30ml,138,199.0,27462.0,日常
2026-04-10,A002,美白精华液30ml,109,199.0,21691.0,日常
2026-04-11,A002,美白精华液30ml,147,199.0,29253.0,日常
2026-04-12,A002,美白精华液30ml,139,199.0,27661.0,日常
2026-04-13,A002,美白精华液30ml,117,199.0,23283.0,日常
2026-04-14,A002,美白精华液30ml,132,199.0,26268.0,日常
2026-04-15,A002,美白精华液30ml,148,199.0,29452.0,日常
2026-04-16,A002,美白精华液30ml,110,199.0,21890.0,日常
2026-04-17,A002,美白精华液30ml,127,199.0,25273.0,日常
2026-04-18,A002,美白精华液30ml,130,199.0,25870.0,日常
2026-04-19,A002,美白精华液30ml,114,199.0,22686.0,日常
2026-04-20,A002,美白精华液30ml,124,199.0,24676.0,日常
2026-04-21,A002,美白精华液30ml,126,199.0,25074.0,日常
2026-04-22,A002,美白精华液30ml,102,199.0,20298.0,日常
2026-04-23,A002,美白精华液30ml,158,199.0,31442.0,日常
2026-04-24,A002,美白精华液30ml,123,199.0,24477.0,日常
2026-04-25,A002,美白精华液30ml,143,199.0,28457.0,日常
2026-04-26,A002,美白精华液30ml,130,199.0,25870.0,日常
2026-04-27,A002,美白精华液30ml,130,199.0,25870.0,日常
2026-04-28,A002,美白精华液30ml,122,199.0,24278.0,日常
2026-04-29,A002,美白精华液30ml,143,199.0,28457.0,日常
2026-04-30,A002,美白精华液30ml,127,199.0,25273.0,日常
2026-05-01,A002,美白精华液30ml,112,199.0,22288.0,日常
2026-05-02,A002,美白精华液30ml,125,199.0,24875.0,日常
2026-05-03,A002,美白精华液30ml,152,199.0,30248.0,日常
2026-05-04,A002,美白精华液30ml,95,199.0,18905.0,日常
2026-05-05,A002,美白精华液30ml,101,199.0,20099.0,日常
2026-05-06,A002,美白精华液30ml,101,199.0,20099.0,日常
2026-05-07,A002,美白精华液30ml,133,199.0,26467.0,日常
2026-05-08,A002,美白精华液30ml,101,199.0,20099.0,日常
2026-05-09,A002,美白精华液30ml,143,199.0,28457.0,日常
2026-05-10,A002,美白精华液30ml,152,199.0,30248.0,日常
2026-05-11,A002,美白精华液30ml,129,199.0,25671.0,日常
2026-05-12,A002,美白精华液30ml,133,199.0,26467.0,日常
2026-05-13,A002,美白精华液30ml,156,199.0,31044.0,日常
2026-05-14,A002,美白精华液30ml,120,199.0,23880.0,日常
2026-05-15,A002,美白精华液30ml,155,199.0,30845.0,日常
2026-05-16,A002,美白精华液30ml,161,199.0,32039.0,日常
2026-05-17,A002,美白精华液30ml,132,199.0,26268.0,日常
2026-05-18,A002,美白精华液30ml,136,199.0,27064.0,日常
2026-05-19,A002,美白精华液30ml,114,199.0,22686.0,日常
2026-05-20,A002,美白精华液30ml,159,199.0,31641.0,日常
2026-05-21,A002,美白精华液30ml,123,199.0,24477.0,日常
2026-05-22,A002,美白精华液30ml,118,199.0,23482.0,日常
2026-05-23,A002,美白精华液30ml,137,199.0,27263.0,日常
2026-05-24,A002,美白精华液30ml,162,199.0,32238.0,日常
2026-05-25,A002,美白精华液30ml,153,199.0,30447.0,日常
2026-05-26,A002,美白精华液30ml,127,199.0,25273.0,日常
2026-05-27,A002,美白精华液30ml,131,199.0,26069.0,日常
2026-05-28,A002,美白精华液30ml,130,199.0,25870.0,日常
2026-05-29,A002,美白精华液30ml,117,199.0,23283.0,日常
2026-05-30,A002,美白精华液30ml,139,199.0,27661.0,日常
2026-05-31,A002,美白精华液30ml,151,199.0,30049.0,日常
2026-06-01,A002,美白精华液30ml,446,169.2,75463.2,618大促
2026-06-02,A002,美白精华液30ml,458,169.2,77493.6,618大促
2026-06-03,A002,美白精华液30ml,488,169.2,82569.6,618大促
2026-06-04,A002,美白精华液30ml,462,169.2,78170.4,618大促
2026-06-05,A002,美白精华液30ml,414,169.2,70048.8,618大促
2026-06-06,A002,美白精华液30ml,444,169.2,75124.8,618大促
2026-06-07,A002,美白精华液30ml,535,169.2,90522.0,618大促
2026-06-08,A002,美白精华液30ml,407,169.2,68864.4,618大促
2026-06-09,A002,美白精华液30ml,493,169.2,83415.6,618大促
2026-06-10,A002,美白精华液30ml,462,169.2,78170.4,618大促
2026-06-11,A002,美白精华液30ml,510,169.2,86292.0,618大促
2026-06-12,A002,美白精华液30ml,439,169.2,74278.8,618大促
2026-06-13,A002,美白精华液30ml,644,169.2,108964.8,618大促
2026-06-14,A002,美白精华液30ml,568,169.2,96105.6,618大促
2026-06-15,A002,美白精华液30ml,422,169.2,71402.4,618大促
2026-06-16,A002,美白精华液30ml,500,169.2,84600.0,618大促
2026-06-17,A002,美白精华液30ml,416,169.2,70387.2,618大促
2026-06-18,A002,美白精华液30ml,449,169.2,75970.8,618大促
2026-06-19,A002,美白精华液30ml,135,199.0,26865.0,日常
