openclaw-supply-chain/workspace-supply-chain-inventory-forecaster/sales_history_2025-2026.csv
日期,SKU编号,商品名称,销量,单价,销售额,活动标记
2025-07-01,A003,氨基酸洁面乳120g,94,69.0,6486.0,日常
2025-07-02,A003,氨基酸洁面乳120g,110,69.0,7590.0,日常
2025-07-03,A003,氨基酸洁面乳120g,65,69.0,4485.0,日常
2025-07-04,A003,氨基酸洁面乳120g,100,69.0,6900.0,日常
2025-07-05,A003,氨基酸洁面乳120g,91,69.0,6279.0,日常
2025-07-06,A003,氨基酸洁面乳120g,102,69.0,7038.0,日常
2025-07-07,A003,氨基酸洁面乳120g,98,69.0,6762.0,日常
2025-07-08,A003,氨基酸洁面乳120g,103,69.0,7107.0,日常
2025-07-09,A003,氨基酸洁面乳120g,98,69.0,6762.0,日常
2025-07-10,A003,氨基酸洁面乳120g,103,69.0,7107.0,日常
2025-07-11,A003,氨基酸洁面乳120g,82,69.0,5658.0,日常
2025-07-12,A003,氨基酸洁面乳120g,129,69.0,8901.0,日常
2025-07-13,A003,氨基酸洁面乳120g,115,69.0,7935.0,日常
2025-07-14,A003,氨基酸洁面乳120g,94,69.0,6486.0,日常
2025-07-15,A003,氨基酸洁面乳120g,84,69.0,5796.0,日常
2025-07-16,A003,氨基酸洁面乳120g,95,69.0,6555.0,日常
2025-07-17,A003,氨基酸洁面乳120g,69,69.0,4761.0,日常
2025-07-18,A003,氨基酸洁面乳120g,99,69.0,6831.0,日常
2025-07-19,A003,氨基酸洁面乳120g,93,69.0,6417.0,日常
2025-07-20,A003,氨基酸洁面乳120g,105,69.0,7245.0,日常
2025-07-21,A003,氨基酸洁面乳120g,103,69.0,7107.0,日常
2025-07-22,A003,氨基酸洁面乳120g,104,69.0,7176.0,日常
2025-07-23,A003,氨基酸洁面乳120g,96,69.0,6624.0,日常
2025-07-24,A003,氨基酸洁面乳120g,93,69.0,6417.0,日常
2025-07-25,A003,氨基酸洁面乳120g,84,69.0,5796.0,日常
2025-07-26,A003,氨基酸洁面乳120g,99,69.0,6831.0,日常
2025-07-27,A003,氨基酸洁面乳120g,104,69.0,7176.0,日常
2025-07-28,A003,氨基酸洁面乳120g,102,69.0,7038.0,日常
2025-07-29,A003,氨基酸洁面乳120g,101,69.0,6969.0,日常
2025-07-30,A003,氨基酸洁面乳120g,117,69.0,8073.0,日常
2025-07-31,A003,氨基酸洁面乳120g,87,69.0,6003.0,日常
2025-08-01,A003,氨基酸洁面乳120g,113,69.0,7797.0,日常
2025-08-02,A003,氨基酸洁面乳120g,96,69.0,6624.0,日常
2025-08-03,A003,氨基酸洁面乳120g,114,69.0,7866.0,日常
2025-08-04,A003,氨基酸洁面乳120g,96,69.0,6624.0,日常
2025-08-05,A003,氨基酸洁面乳120g,93,69.0,6417.0,日常
2025-08-06,A003,氨基酸洁面乳120g,97,69.0,6693.0,日常
2025-08-07,A003,氨基酸洁面乳120g,118,69.0,8142.0,日常
2025-08-08,A003,氨基酸洁面乳120g,92,69.0,6348.0,日常
2025-08-09,A003,氨基酸洁面乳120g,114,69.0,7866.0,日常
2025-08-10,A003,氨基酸洁面乳120g,88,69.0,6072.0,日常
2025-08-11,A003,氨基酸洁面乳120g,85,69.0,5865.0,日常
2025-08-12,A003,氨基酸洁面乳120g,94,69.0,6486.0,日常
2025-08-13,A003,氨基酸洁面乳120g,85,69.0,5865.0,日常
2025-08-14,A003,氨基酸洁面乳120g,101,69.0,6969.0,日常
2025-08-15,A003,氨基酸洁面乳120g,68,69.0,4692.0,日常
2025-08-16,A003,氨基酸洁面乳120g,98,69.0,6762.0,日常
2025-08-17,A003,氨基酸洁面乳120g,93,69.0,6417.0,日常
2025-08-18,A003,氨基酸洁面乳120g,103,69.0,7107.0,日常
2025-08-19,A003,氨基酸洁面乳120g,96,69.0,6624.0,日常
2025-08-20,A003,氨基酸洁面乳120g,84,69.0,5796.0,日常
2025-08-21,A003,氨基酸洁面乳120g,102,69.0,7038.0,日常
2025-08-22,A003,氨基酸洁面乳120g,93,69.0,6417.0,日常
2025-08-23,A003,氨基酸洁面乳120g,125,69.0,8625.0,日常
2025-08-24,A003,氨基酸洁面乳120g,118,69.0,8142.0,日常
2025-08-25,A003,氨基酸洁面乳120g,99,69.0,6831.0,日常
2025-08-26,A003,氨基酸洁面乳120g,82,69.0,5658.0,日常
2025-08-27,A003,氨基酸洁面乳120g,83,69.0,5727.0,日常
2025-08-28,A003,氨基酸洁面乳120g,98,69.0,6762.0,日常
2025-08-29,A003,氨基酸洁面乳120g,106,69.0,7314.0,日常
2025-08-30,A003,氨基酸洁面乳120g,129,69.0,8901.0,日常
2025-08-31,A003,氨基酸洁面乳120g,96,69.0,6624.0,日常
2025-09-01,A003,氨基酸洁面乳120g,98,69.0,6762.0,日常
2025-09-02,A003,氨基酸洁面乳120g,94,69.0,6486.0,日常
2025-09-03,A003,氨基酸洁面乳120g,108,69.0,7452.0,日常
2025-09-04,A003,氨基酸洁面乳120g,117,69.0,8073.0,日常
2025-09-05,A003,氨基酸洁面乳120g,84,69.0,5796.0,日常
2025-09-06,A003,氨基酸洁面乳120g,116,69.0,8004.0,日常
2025-09-07,A003,氨基酸洁面乳120g,118,69.0,8142.0,日常
2025-09-08,A003,氨基酸洁面乳120g,106,69.0,7314.0,日常
2025-09-09,A003,氨基酸洁面乳120g,83,69.0,5727.0,日常
2025-09-10,A003,氨基酸洁面乳120g,85,69.0,5865.0,日常
2025-09-11,A003,氨基酸洁面乳120g,89,69.0,6141.0,日常
2025-09-12,A003,氨基酸洁面乳120g,82,69.0,5658.0,日常
2025-09-13,A003,氨基酸洁面乳120g,105,69.0,7245.0,日常
2025-09-14,A003,氨基酸洁面乳120g,99,69.0,6831.0,日常
2025-09-15,A003,氨基酸洁面乳120g,87,69.0,6003.0,日常
2025-09-16,A003,氨基酸洁面乳120g,99,69.0,6831.0,日常
2025-09-17,A003,氨基酸洁面乳120g,95,69.0,6555.0,日常
2025-09-18,A003,氨基酸洁面乳120g,85,69.0,5865.0,日常
2025-09-19,A003,氨基酸洁面乳120g,210,58.6,12306.0,99大促
2025-09-20,A003,氨基酸洁面乳120g,253,58.6,14825.8,99大促
2025-09-21,A003,氨基酸洁面乳120g,229,58.6,13419.4,99大促
2025-09-22,A003,氨基酸洁面乳120g,266,58.6,15587.6,99大促
2025-09-23,A003,氨基酸洁面乳120g,288,58.6,16876.8,99大促
2025-09-24,A003,氨基酸洁面乳120g,109,69.0,7521.0,日常
2025-09-25,A003,氨基酸洁面乳120g,113,69.0,7797.0,日常
2025-09-26,A003,氨基酸洁面乳120g,86,69.0,5934.0,日常
2025-09-27,A003,氨基酸洁面乳120g,122,69.0,8418.0,日常
2025-09-28,A003,氨基酸洁面乳120g,114,69.0,7866.0,日常
2025-09-29,A003,氨基酸洁面乳120g,117,69.0,8073.0,日常
2025-09-30,A003,氨基酸洁面乳120g,92,69.0,6348.0,日常
2025-10-01,A003,氨基酸洁面乳120g,84,69.0,5796.0,日常
2025-10-02,A003,氨基酸洁面乳120g,82,69.0,5658.0,日常
2025-10-03,A003,氨基酸洁面乳120g,82,69.0,5658.0,日常
2025-10-04,A003,氨基酸洁面乳120g,82,69.0,5658.0,日常
2025-10-05,A003,氨基酸洁面乳120g,90,69.0,6210.0,日常
2025-10-06,A003,氨基酸洁面乳120g,94,69.0,6486.0,日常
2025-10-07,A003,氨基酸洁面乳120g,70,69.0,4830.0,日常
2025-10-08,A003,氨基酸洁面乳120g,104,69.0,7176.0,日常
2025-10-09,A003,氨基酸洁面乳120g,106,69.0,7314.0,日常
2025-10-10,A003,氨基酸洁面乳120g,90,69.0,6210.0,日常
2025-10-11,A003,氨基酸洁面乳120g,104,69.0,7176.0,日常
2025-10-12,A003,氨基酸洁面乳120g,94,69.0,6486.0,日常
2025-10-13,A003,氨基酸洁面乳120g,104,69.0,7176.0,日常
2025-10-14,A003,氨基酸洁面乳120g,80,69.0,5520.0,日常
2025-10-15,A003,氨基酸洁面乳120g,96,69.0,6624.0,日常
2025-10-16,A003,氨基酸洁面乳120g,88,69.0,6072.0,日常
2025-10-17,A003,氨基酸洁面乳120g,92,69.0,6348.0,日常
2025-10-18,A003,氨基酸洁面乳120g,123,69.0,8487.0,日常
2025-10-19,A003,氨基酸洁面乳120g,112,69.0,7728.0,日常
2025-10-20,A003,氨基酸洁面乳120g,85,69.0,5865.0,日常
2025-10-21,A003,氨基酸洁面乳120g,90,69.0,6210.0,日常
2025-10-22,A003,氨基酸洁面乳120g,104,69.0,7176.0,日常
2025-10-23,A003,氨基酸洁面乳120g,90,69.0,6210.0,日常
2025-10-24,A003,氨基酸洁面乳120g,87,69.0,6003.0,日常
2025-10-25,A003,氨基酸洁面乳120g,91,69.0,6279.0,日常
2025-10-26,A003,氨基酸洁面乳120g,121,69.0,8349.0,日常
2025-10-27,A003,氨基酸洁面乳120g,92,69.0,6348.0,日常
2025-10-28,A003,氨基酸洁面乳120g,86,69.0,5934.0,日常
2025-10-29,A003,氨基酸洁面乳120g,107,69.0,7383.0,日常
2025-10-30,A003,氨基酸洁面乳120g,111,69.0,7659.0,日常
2025-10-31,A003,氨基酸洁面乳120g,123,69.0,8487.0,日常
2025-11-01,A003,氨基酸洁面乳120g,449,58.6,26311.4,双11
2025-11-02,A003,氨基酸洁面乳120g,510,58.6,29886.0,双11
2025-11-03,A003,氨基酸洁面乳120g,369,58.6,21623.4,双11
2025-11-04,A003,氨基酸洁面乳120g,384,58.6,22502.4,双11
2025-11-05,A003,氨基酸洁面乳120g,413,58.6,24201.8,双11
2025-11-06,A003,氨基酸洁面乳120g,334,58.6,19572.4,双11
2025-11-07,A003,氨基酸洁面乳120g,378,58.6,22150.8,双11
2025-11-08,A003,氨基酸洁面乳120g,408,58.6,23908.8,双11
2025-11-09,A003,氨基酸洁面乳120g,423,58.6,24787.8,双11
2025-11-10,A003,氨基酸洁面乳120g,326,58.6,19103.6,双11
2025-11-11,A003,氨基酸洁面乳120g,345,58.6,20217.0,双11
2025-11-12,A003,氨基酸洁面乳120g,449,58.6,26311.4,双11
2025-11-13,A003,氨基酸洁面乳120g,339,58.6,19865.4,双11
2025-11-14,A003,氨基酸洁面乳120g,104,69.0,7176.0,日常
2025-11-15,A003,氨基酸洁面乳120g,129,69.0,8901.0,日常
2025-11-16,A003,氨基酸洁面乳120g,122,69.0,8418.0,日常
2025-11-17,A003,氨基酸洁面乳120g,96,69.0,6624.0,日常
2025-11-18,A003,氨基酸洁面乳120g,99,69.0,6831.0,日常
2025-11-19,A003,氨基酸洁面乳120g,82,69.0,5658.0,日常
2025-11-20,A003,氨基酸洁面乳120g,102,69.0,7038.0,日常
2025-11-21,A003,氨基酸洁面乳120g,78,69.0,5382.0,日常
2025-11-22,A003,氨基酸洁面乳120g,120,69.0,8280.0,日常
2025-11-23,A003,氨基酸洁面乳120g,99,69.0,6831.0,日常
2025-11-24,A003,氨基酸洁面乳120g,100,69.0,6900.0,日常
2025-11-25,A003,氨基酸洁面乳120g,92,69.0,6348.0,日常
2025-11-26,A003,氨基酸洁面乳120g,93,69.0,6417.0,日常
2025-11-27,A003,氨基酸洁面乳120g,107,69.0,7383.0,日常
2025-11-28,A003,氨基酸洁面乳120g,104,69.0,7176.0,日常
2025-11-29,A003,氨基酸洁面乳120g,87,69.0,6003.0,日常
2025-11-30,A003,氨基酸洁面乳120g,116,69.0,8004.0,日常
2025-12-01,A003,氨基酸洁面乳120g,78,69.0,5382.0,日常
2025-12-02,A003,氨基酸洁面乳120g,77,69.0,5313.0,日常
2025-12-03,A003,氨基酸洁面乳120g,108,69.0,7452.0,日常
2025-12-04,A003,氨基酸洁面乳120g,102,69.0,7038.0,日常
2025-12-05,A003,氨基酸洁面乳120g,105,69.0,7245.0,日常
2025-12-06,A003,氨基酸洁面乳120g,119,69.0,8211.0,日常
2025-12-07,A003,氨基酸洁面乳120g,105,69.0,7245.0,日常
2025-12-08,A003,氨基酸洁面乳120g,92,69.0,6348.0,日常
2025-12-09,A003,氨基酸洁面乳120g,81,69.0,5589.0,日常
2025-12-10,A003,氨基酸洁面乳120g,92,69.0,6348.0,日常
2025-12-11,A003,氨基酸洁面乳120g,95,69.0,6555.0,日常
2025-12-12,A003,氨基酸洁面乳120g,173,58.6,10137.8,双12
2025-12-13,A003,氨基酸洁面乳120g,240,58.6,14064.0,双12
2025-12-14,A003,氨基酸洁面乳120g,295,58.6,17287.0,双12
2025-12-15,A003,氨基酸洁面乳120g,101,69.0,6969.0,日常
2025-12-16,A003,氨基酸洁面乳120g,94,69.0,6486.0,日常
2025-12-17,A003,氨基酸洁面乳120g,98,69.0,6762.0,日常
2025-12-18,A003,氨基酸洁面乳120g,92,69.0,6348.0,日常
2025-12-19,A003,氨基酸洁面乳120g,114,69.0,7866.0,日常
2025-12-20,A003,氨基酸洁面乳120g,111,69.0,7659.0,日常
2025-12-21,A003,氨基酸洁面乳120g,114,69.0,7866.0,日常
2025-12-22,A003,氨基酸洁面乳120g,91,69.0,6279.0,日常
2025-12-23,A003,氨基酸洁面乳120g,92,69.0,6348.0,日常
2025-12-24,A003,氨基酸洁面乳120g,100,69.0,6900.0,日常
2025-12-25,A003,氨基酸洁面乳120g,94,69.0,6486.0,日常
2025-12-26,A003,氨基酸洁面乳120g,96,69.0,6624.0,日常
2025-12-27,A003,氨基酸洁面乳120g,108,69.0,7452.0,日常
2025-12-28,A003,氨基酸洁面乳120g,110,69.0,7590.0,日常
2025-12-29,A003,氨基酸洁面乳120g,102,69.0,7038.0,日常
2025-12-30,A003,氨基酸洁面乳120g,103,69.0,7107.0,日常
2025-12-31,A003,氨基酸洁面乳120g,88,69.0,6072.0,日常
2026-01-01,A003,氨基酸洁面乳120g,93,69.0,6417.0,日常
2026-01-02,A003,氨基酸洁面乳120g,93,69.0,6417.0,日常
2026-01-03,A003,氨基酸洁面乳120g,105,69.0,7245.0,日常
2026-01-04,A003,氨基酸洁面乳120g,108,69.0,7452.0,日常
2026-01-05,A003,氨基酸洁面乳120g,76,69.0,5244.0,日常
2026-01-06,A003,氨基酸洁面乳120g,97,69.0,6693.0,日常
2026-01-07,A003,氨基酸洁面乳120g,101,69.0,6969.0,日常
2026-01-08,A003,氨基酸洁面乳120g,120,69.0,8280.0,日常
2026-01-09,A003,氨基酸洁面乳120g,102,69.0,7038.0,日常
2026-01-10,A003,氨基酸洁面乳120g,127,69.0,8763.0,日常
2026-01-11,A003,氨基酸洁面乳120g,96,69.0,6624.0,日常
2026-01-12,A003,氨基酸洁面乳120g,103,69.0,7107.0,日常
2026-01-13,A003,氨基酸洁面乳120g,105,69.0,7245.0,日常
2026-01-14,A003,氨基酸洁面乳120g,93,69.0,6417.0,日常
2026-01-15,A003,氨基酸洁面乳120g,72,69.0,4968.0,日常
2026-01-16,A003,氨基酸洁面乳120g,101,69.0,6969.0,日常
2026-01-17,A003,氨基酸洁面乳120g,108,69.0,7452.0,日常
2026-01-18,A003,氨基酸洁面乳120g,101,69.0,6969.0,日常
2026-01-19,A003,氨基酸洁面乳120g,97,69.0,6693.0,日常
2026-01-20,A003,氨基酸洁面乳120g,238,58.6,13946.8,年货节
2026-01-21,A003,氨基酸洁面乳120g,253,58.6,14825.8,年货节
2026-01-22,A003,氨基酸洁面乳120g,222,58.6,13009.2,年货节
2026-01-23,A003,氨基酸洁面乳120g,218,58.6,12774.8,年货节
2026-01-24,A003,氨基酸洁面乳120g,266,58.6,15587.6,年货节
2026-01-25,A003,氨基酸洁面乳120g,237,58.6,13888.2,年货节
2026-01-26,A003,氨基酸洁面乳120g,230,58.6,13478.0,年货节
2026-01-27,A003,氨基酸洁面乳120g,223,58.6,13067.8,年货节
2026-01-28,A003,氨基酸洁面乳120g,213,58.6,12481.8,年货节
2026-01-29,A003,氨基酸洁面乳120g,218,58.6,12774.8,年货节
2026-01-30,A003,氨基酸洁面乳120g,242,58.6,14181.2,年货节
2026-01-31,A003,氨基酸洁面乳120g,245,58.6,14357.0,年货节
2026-02-01,A003,氨基酸洁面乳120g,242,58.6,14181.2,年货节
2026-02-02,A003,氨基酸洁面乳120g,239,58.6,14005.4,年货节
2026-02-03,A003,氨基酸洁面乳120g,222,58.6,13009.2,年货节
2026-02-04,A003,氨基酸洁面乳120g,227,58.6,13302.2,年货节
2026-02-05,A003,氨基酸洁面乳120g,262,58.6,15353.2,年货节
2026-02-06,A003,氨基酸洁面乳120g,84,69.0,5796.0,日常
2026-02-07,A003,氨基酸洁面乳120g,132,69.0,9108.0,日常
2026-02-08,A003,氨基酸洁面乳120g,119,69.0,8211.0,日常
2026-02-09,A003,氨基酸洁面乳120g,91,69.0,6279.0,日常
2026-02-10,A003,氨基酸洁面乳120g,103,69.0,7107.0,日常
2026-02-11,A003,氨基酸洁面乳120g,107,69.0,7383.0,日常
2026-02-12,A003,氨基酸洁面乳120g,101,69.0,6969.0,日常
2026-02-13,A003,氨基酸洁面乳120g,97,69.0,6693.0,日常
2026-02-14,A003,氨基酸洁面乳120g,114,69.0,7866.0,日常
2026-02-15,A003,氨基酸洁面乳120g,93,69.0,6417.0,日常
2026-02-16,A003,氨基酸洁面乳120g,104,69.0,7176.0,日常
2026-02-17,A003,氨基酸洁面乳120g,94,69.0,6486.0,日常
2026-02-18,A003,氨基酸洁面乳120g,111,69.0,7659.0,日常
2026-02-19,A003,氨基酸洁面乳120g,94,69.0,6486.0,日常
2026-02-20,A003,氨基酸洁面乳120g,80,69.0,5520.0,日常
2026-02-21,A003,氨基酸洁面乳120g,115,69.0,7935.0,日常
2026-02-22,A003,氨基酸洁面乳120g,91,69.0,6279.0,日常
2026-02-23,A003,氨基酸洁面乳120g,92,69.0,6348.0,日常
2026-02-24,A003,氨基酸洁面乳120g,83,69.0,5727.0,日常
2026-02-25,A003,氨基酸洁面乳120g,88,69.0,6072.0,日常
2026-02-26,A003,氨基酸洁面乳120g,90,69.0,6210.0,日常
2026-02-27,A003,氨基酸洁面乳120g,87,69.0,6003.0,日常
2026-02-28,A003,氨基酸洁面乳120g,123,69.0,8487.0,日常
2026-03-01,A003,氨基酸洁面乳120g,101,69.0,6969.0,日常
2026-03-02,A003,氨基酸洁面乳120g,93,69.0,6417.0,日常
2026-03-03,A003,氨基酸洁面乳120g,104,69.0,7176.0,日常
2026-03-04,A003,氨基酸洁面乳120g,85,69.0,5865.0,日常
2026-03-05,A003,氨基酸洁面乳120g,117,69.0,8073.0,日常
2026-03-06,A003,氨基酸洁面乳120g,108,69.0,7452.0,日常
2026-03-07,A003,氨基酸洁面乳120g,141,69.0,9729.0,日常
2026-03-08,A003,氨基酸洁面乳120g,201,58.6,11778.6,38女王节
2026-03-09,A003,氨基酸洁面乳120g,179,58.6,10489.4,38女王节
2026-03-10,A003,氨基酸洁面乳120g,151,58.6,8848.6,38女王节
2026-03-11,A003,氨基酸洁面乳120g,118,69.0,8142.0,日常
2026-03-12,A003,氨基酸洁面乳120g,102,69.0,7038.0,日常
2026-03-13,A003,氨基酸洁面乳120g,108,69.0,7452.0,日常
2026-03-14,A003,氨基酸洁面乳120g,106,69.0,7314.0,日常
2026-03-15,A003,氨基酸洁面乳120g,109,69.0,7521.0,日常
2026-03-16,A003,氨基酸洁面乳120g,76,69.0,5244.0,日常
2026-03-17,A003,氨基酸洁面乳120g,106,69.0,7314.0,日常
2026-03-18,A003,氨基酸洁面乳120g,100,69.0,6900.0,日常
2026-03-19,A003,氨基酸洁面乳120g,95,69.0,6555.0,日常
2026-03-20,A003,氨基酸洁面乳120g,84,69.0,5796.0,日常
2026-03-21,A003,氨基酸洁面乳120g,92,69.0,6348.0,日常
2026-03-22,A003,氨基酸洁面乳120g,127,69.0,8763.0,日常
2026-03-23,A003,氨基酸洁面乳120g,85,69.0,5865.0,日常
2026-03-24,A003,氨基酸洁面乳120g,92,69.0,6348.0,日常
2026-03-25,A003,氨基酸洁面乳120g,81,69.0,5589.0,日常
2026-03-26,A003,氨基酸洁面乳120g,89,69.0,6141.0,日常
2026-03-27,A003,氨基酸洁面乳120g,108,69.0,7452.0,日常
2026-03-28,A003,氨基酸洁面乳120g,112,69.0,7728.0,日常
2026-03-29,A003,氨基酸洁面乳120g,106,69.0,7314.0,日常
2026-03-30,A003,氨基酸洁面乳120g,87,69.0,6003.0,日常
2026-03-31,A003,氨基酸洁面乳120g,97,69.0,6693.0,日常
2026-04-01,A003,氨基酸洁面乳120g,93,69.0,6417.0,日常
2026-04-02,A003,氨基酸洁面乳120g,125,69.0,8625.0,日常
2026-04-03,A003,氨基酸洁面乳120g,103,69.0,7107.0,日常
2026-04-04,A003,氨基酸洁面乳120g,90,69.0,6210.0,日常
2026-04-05,A003,氨基酸洁面乳120g,115,69.0,7935.0,日常
2026-04-06,A003,氨基酸洁面乳120g,99,69.0,6831.0,日常
2026-04-07,A003,氨基酸洁面乳120g,95,69.0,6555.0,日常
2026-04-08,A003,氨基酸洁面乳120g,101,69.0,6969.0,日常
2026-04-09,A003,氨基酸洁面乳120g,87,69.0,6003.0,日常
2026-04-10,A003,氨基酸洁面乳120g,92,69.0,6348.0,日常
2026-04-11,A003,氨基酸洁面乳120g,136,69.0,9384.0,日常
2026-04-12,A003,氨基酸洁面乳120g,107,69.0,7383.0,日常
2026-04-13,A003,氨基酸洁面乳120g,76,69.0,5244.0,日常
2026-04-14,A003,氨基酸洁面乳120g,100,69.0,6900.0,日常
2026-04-15,A003,氨基酸洁面乳120g,113,69.0,7797.0,日常
2026-04-16,A003,氨基酸洁面乳120g,88,69.0,6072.0,日常
2026-04-17,A003,氨基酸洁面乳120g,104,69.0,7176.0,日常
2026-04-18,A003,氨基酸洁面乳120g,107,69.0,7383.0,日常
2026-04-19,A003,氨基酸洁面乳120g,90,69.0,6210.0,日常
2026-04-20,A003,氨基酸洁面乳120g,116,69.0,8004.0,日常
2026-04-21,A003,氨基酸洁面乳120g,99,69.0,6831.0,日常
2026-04-22,A003,氨基酸洁面乳120g,103,69.0,7107.0,日常
2026-04-23,A003,氨基酸洁面乳120g,103,69.0,7107.0,日常
2026-04-24,A003,氨基酸洁面乳120g,102,69.0,7038.0,日常
2026-04-25,A003,氨基酸洁面乳120g,114,69.0,7866.0,日常
2026-04-26,A003,氨基酸洁面乳120g,130,69.0,8970.0,日常
2026-04-27,A003,氨基酸洁面乳120g,111,69.0,7659.0,日常
2026-04-28,A003,氨基酸洁面乳120g,97,69.0,6693.0,日常
2026-04-29,A003,氨基酸洁面乳120g,122,69.0,8418.0,日常
2026-04-30,A003,氨基酸洁面乳120g,101,69.0,6969.0,日常
2026-05-01,A003,氨基酸洁面乳120g,111,69.0,7659.0,日常
2026-05-02,A003,氨基酸洁面乳120g,151,69.0,10419.0,日常
2026-05-03,A003,氨基酸洁面乳120g,107,69.0,7383.0,日常
2026-05-04,A003,氨基酸洁面乳120g,89,69.0,6141.0,日常
2026-05-05,A003,氨基酸洁面乳120g,108,69.0,7452.0,日常
2026-05-06,A003,氨基酸洁面乳120g,110,69.0,7590.0,日常
2026-05-07,A003,氨基酸洁面乳120g,97,69.0,6693.0,日常
2026-05-08,A003,氨基酸洁面乳120g,98,69.0,6762.0,日常
2026-05-09,A003,氨基酸洁面乳120g,106,69.0,7314.0,日常
2026-05-10,A003,氨基酸洁面乳120g,125,69.0,8625.0,日常
2026-05-11,A003,氨基酸洁面乳120g,90,69.0,6210.0,日常
2026-05-12,A003,氨基酸洁面乳120g,82,69.0,5658.0,日常
2026-05-13,A003,氨基酸洁面乳120g,106,69.0,7314.0,日常
2026-05-14,A003,氨基酸洁面乳120g,107,69.0,7383.0,日常
2026-05-15,A003,氨基酸洁面乳120g,95,69.0,6555.0,日常
2026-05-16,A003,氨基酸洁面乳120g,126,69.0,8694.0,日常
2026-05-17,A003,氨基酸洁面乳120g,122,69.0,8418.0,日常
2026-05-18,A003,氨基酸洁面乳120g,103,69.0,7107.0,日常
2026-05-19,A003,氨基酸洁面乳120g,106,69.0,7314.0,日常
2026-05-20,A003,氨基酸洁面乳120g,96,69.0,6624.0,日常
2026-05-21,A003,氨基酸洁面乳120g,101,69.0,6969.0,日常
2026-05-22,A003,氨基酸洁面乳120g,104,69.0,7176.0,日常
2026-05-23,A003,氨基酸洁面乳120g,122,69.0,8418.0,日常
2026-05-24,A003,氨基酸洁面乳120g,123,69.0,8487.0,日常
2026-05-25,A003,氨基酸洁面乳120g,106,69.0,7314.0,日常
2026-05-26,A003,氨基酸洁面乳120g,98,69.0,6762.0,日常
2026-05-27,A003,氨基酸洁面乳120g,96,69.0,6624.0,日常
2026-05-28,A003,氨基酸洁面乳120g,91,69.0,6279.0,日常
2026-05-29,A003,氨基酸洁面乳120g,84,69.0,5796.0,日常
2026-05-30,A003,氨基酸洁面乳120g,128,69.0,8832.0,日常
2026-05-31,A003,氨基酸洁面乳120g,132,69.0,9108.0,日常
2026-06-01,A003,氨基酸洁面乳120g,348,58.6,20392.8,618大促
2026-06-02,A003,氨基酸洁面乳120g,384,58.6,22502.4,618大促
2026-06-03,A003,氨基酸洁面乳120g,319,58.6,18693.4,618大促
2026-06-04,A003,氨基酸洁面乳120g,302,58.6,17697.2,618大促
2026-06-05,A003,氨基酸洁面乳120g,344,58.6,20158.4,618大促
2026-06-06,A003,氨基酸洁面乳120g,506,58.6,29651.6,618大促
2026-06-07,A003,氨基酸洁面乳120g,431,58.6,25256.6,618大促
2026-06-08,A003,氨基酸洁面乳120g,345,58.6,20217.0,618大促
2026-06-09,A003,氨基酸洁面乳120g,289,58.6,16935.4,618大促
2026-06-10,A003,氨基酸洁面乳120g,318,58.6,18634.8,618大促
2026-06-11,A003,氨基酸洁面乳120g,353,58.6,20685.8,618大促
2026-06-12,A003,氨基酸洁面乳120g,295,58.6,17287.0,618大促
2026-06-13,A003,氨基酸洁面乳120g,447,58.6,26194.2,618大促
2026-06-14,A003,氨基酸洁面乳120g,385,58.6,22561.0,618大促
2026-06-15,A003,氨基酸洁面乳120g,393,58.6,23029.8,618大促
2026-06-16,A003,氨基酸洁面乳120g,405,58.6,23733.0,618大促
2026-06-17,A003,氨基酸洁面乳120g,349,58.6,20451.4,618大促
2026-06-18,A003,氨基酸洁面乳120g,318,58.6,18634.8,618大促
2026-06-19,A003,氨基酸洁面乳120g,91,69.0,6279.0,日常
