openclaw-supply-chain/workspace-supply-chain-inventory-forecaster/sales_history_2025-2026.csv
日期,SKU编号,商品名称,销量,单价,销售额,活动标记
2025-07-01,A004,烟酰胺原液15ml,92,149.0,13708.0,日常
2025-07-02,A004,烟酰胺原液15ml,85,149.0,12665.0,日常
2025-07-03,A004,烟酰胺原液15ml,79,149.0,11771.0,日常
2025-07-04,A004,烟酰胺原液15ml,79,149.0,11771.0,日常
2025-07-05,A004,烟酰胺原液15ml,92,149.0,13708.0,日常
2025-07-06,A004,烟酰胺原液15ml,97,149.0,14453.0,日常
2025-07-07,A004,烟酰胺原液15ml,75,149.0,11175.0,日常
2025-07-08,A004,烟酰胺原液15ml,61,149.0,9089.0,日常
2025-07-09,A004,烟酰胺原液15ml,73,149.0,10877.0,日常
2025-07-10,A004,烟酰胺原液15ml,86,149.0,12814.0,日常
2025-07-11,A004,烟酰胺原液15ml,90,149.0,13410.0,日常
2025-07-12,A004,烟酰胺原液15ml,99,149.0,14751.0,日常
2025-07-13,A004,烟酰胺原液15ml,97,149.0,14453.0,日常
2025-07-14,A004,烟酰胺原液15ml,105,149.0,15645.0,日常
2025-07-15,A004,烟酰胺原液15ml,88,149.0,13112.0,日常
2025-07-16,A004,烟酰胺原液15ml,100,149.0,14900.0,日常
2025-07-17,A004,烟酰胺原液15ml,82,149.0,12218.0,日常
2025-07-18,A004,烟酰胺原液15ml,83,149.0,12367.0,日常
2025-07-19,A004,烟酰胺原液15ml,74,149.0,11026.0,日常
2025-07-20,A004,烟酰胺原液15ml,90,149.0,13410.0,日常
2025-07-21,A004,烟酰胺原液15ml,74,149.0,11026.0,日常
2025-07-22,A004,烟酰胺原液15ml,99,149.0,14751.0,日常
2025-07-23,A004,烟酰胺原液15ml,81,149.0,12069.0,日常
2025-07-24,A004,烟酰胺原液15ml,79,149.0,11771.0,日常
2025-07-25,A004,烟酰胺原液15ml,78,149.0,11622.0,日常
2025-07-26,A004,烟酰胺原液15ml,89,149.0,13261.0,日常
2025-07-27,A004,烟酰胺原液15ml,112,149.0,16688.0,日常
2025-07-28,A004,烟酰胺原液15ml,79,149.0,11771.0,日常
2025-07-29,A004,烟酰胺原液15ml,100,149.0,14900.0,日常
2025-07-30,A004,烟酰胺原液15ml,68,149.0,10132.0,日常
2025-07-31,A004,烟酰胺原液15ml,87,149.0,12963.0,日常
2025-08-01,A004,烟酰胺原液15ml,85,149.0,12665.0,日常
2025-08-02,A004,烟酰胺原液15ml,114,149.0,16986.0,日常
2025-08-03,A004,烟酰胺原液15ml,92,149.0,13708.0,日常
2025-08-04,A004,烟酰胺原液15ml,76,149.0,11324.0,日常
2025-08-05,A004,烟酰胺原液15ml,91,149.0,13559.0,日常
2025-08-06,A004,烟酰胺原液15ml,87,149.0,12963.0,日常
2025-08-07,A004,烟酰胺原液15ml,88,149.0,13112.0,日常
2025-08-08,A004,烟酰胺原液15ml,59,149.0,8791.0,日常
2025-08-09,A004,烟酰胺原液15ml,96,149.0,14304.0,日常
2025-08-10,A004,烟酰胺原液15ml,100,149.0,14900.0,日常
2025-08-11,A004,烟酰胺原液15ml,83,149.0,12367.0,日常
2025-08-12,A004,烟酰胺原液15ml,90,149.0,13410.0,日常
2025-08-13,A004,烟酰胺原液15ml,75,149.0,11175.0,日常
2025-08-14,A004,烟酰胺原液15ml,86,149.0,12814.0,日常
2025-08-15,A004,烟酰胺原液15ml,88,149.0,13112.0,日常
2025-08-16,A004,烟酰胺原液15ml,74,149.0,11026.0,日常
2025-08-17,A004,烟酰胺原液15ml,97,149.0,14453.0,日常
2025-08-18,A004,烟酰胺原液15ml,74,149.0,11026.0,日常
2025-08-19,A004,烟酰胺原液15ml,80,149.0,11920.0,日常
2025-08-20,A004,烟酰胺原液15ml,93,149.0,13857.0,日常
2025-08-21,A004,烟酰胺原液15ml,106,149.0,15794.0,日常
2025-08-22,A004,烟酰胺原液15ml,74,149.0,11026.0,日常
2025-08-23,A004,烟酰胺原液15ml,77,149.0,11473.0,日常
2025-08-24,A004,烟酰胺原液15ml,116,149.0,17284.0,日常
2025-08-25,A004,烟酰胺原液15ml,68,149.0,10132.0,日常
2025-08-26,A004,烟酰胺原液15ml,70,149.0,10430.0,日常
2025-08-27,A004,烟酰胺原液15ml,98,149.0,14602.0,日常
2025-08-28,A004,烟酰胺原液15ml,90,149.0,13410.0,日常
2025-08-29,A004,烟酰胺原液15ml,78,149.0,11622.0,日常
2025-08-30,A004,烟酰胺原液15ml,97,149.0,14453.0,日常
2025-08-31,A004,烟酰胺原液15ml,91,149.0,13559.0,日常
2025-09-01,A004,烟酰胺原液15ml,91,149.0,13559.0,日常
2025-09-02,A004,烟酰胺原液15ml,106,149.0,15794.0,日常
2025-09-03,A004,烟酰胺原液15ml,64,149.0,9536.0,日常
2025-09-04,A004,烟酰胺原液15ml,82,149.0,12218.0,日常
2025-09-05,A004,烟酰胺原液15ml,87,149.0,12963.0,日常
2025-09-06,A004,烟酰胺原液15ml,107,149.0,15943.0,日常
2025-09-07,A004,烟酰胺原液15ml,91,149.0,13559.0,日常
2025-09-08,A004,烟酰胺原液15ml,88,149.0,13112.0,日常
2025-09-09,A004,烟酰胺原液15ml,85,149.0,12665.0,日常
2025-09-10,A004,烟酰胺原液15ml,71,149.0,10579.0,日常
2025-09-11,A004,烟酰胺原液15ml,96,149.0,14304.0,日常
2025-09-12,A004,烟酰胺原液15ml,75,149.0,11175.0,日常
2025-09-13,A004,烟酰胺原液15ml,92,149.0,13708.0,日常
2025-09-14,A004,烟酰胺原液15ml,98,149.0,14602.0,日常
2025-09-15,A004,烟酰胺原液15ml,91,149.0,13559.0,日常
2025-09-16,A004,烟酰胺原液15ml,86,149.0,12814.0,日常
2025-09-17,A004,烟酰胺原液15ml,96,149.0,14304.0,日常
2025-09-18,A004,烟酰胺原液15ml,74,149.0,11026.0,日常
2025-09-19,A004,烟酰胺原液15ml,199,126.6,25193.4,99大促
2025-09-20,A004,烟酰胺原液15ml,260,126.6,32916.0,99大促
2025-09-21,A004,烟酰胺原液15ml,206,126.6,26079.6,99大促
2025-09-22,A004,烟酰胺原液15ml,238,126.6,30130.8,99大促
2025-09-23,A004,烟酰胺原液15ml,250,126.6,31650.0,99大促
2025-09-24,A004,烟酰胺原液15ml,90,149.0,13410.0,日常
2025-09-25,A004,烟酰胺原液15ml,83,149.0,12367.0,日常
2025-09-26,A004,烟酰胺原液15ml,80,149.0,11920.0,日常
2025-09-27,A004,烟酰胺原液15ml,102,149.0,15198.0,日常
2025-09-28,A004,烟酰胺原液15ml,99,149.0,14751.0,日常
2025-09-29,A004,烟酰胺原液15ml,83,149.0,12367.0,日常
2025-09-30,A004,烟酰胺原液15ml,63,149.0,9387.0,日常
2025-10-01,A004,烟酰胺原液15ml,72,149.0,10728.0,日常
2025-10-02,A004,烟酰胺原液15ml,93,149.0,13857.0,日常
2025-10-03,A004,烟酰胺原液15ml,93,149.0,13857.0,日常
2025-10-04,A004,烟酰胺原液15ml,100,149.0,14900.0,日常
2025-10-05,A004,烟酰胺原液15ml,104,149.0,15496.0,日常
2025-10-06,A004,烟酰胺原液15ml,87,149.0,12963.0,日常
2025-10-07,A004,烟酰胺原液15ml,87,149.0,12963.0,日常
2025-10-08,A004,烟酰胺原液15ml,85,149.0,12665.0,日常
2025-10-09,A004,烟酰胺原液15ml,98,149.0,14602.0,日常
2025-10-10,A004,烟酰胺原液15ml,75,149.0,11175.0,日常
2025-10-11,A004,烟酰胺原液15ml,100,149.0,14900.0,日常
2025-10-12,A004,烟酰胺原液15ml,115,149.0,17135.0,日常
2025-10-13,A004,烟酰胺原液15ml,91,149.0,13559.0,日常
2025-10-14,A004,烟酰胺原液15ml,98,149.0,14602.0,日常
2025-10-15,A004,烟酰胺原液15ml,102,149.0,15198.0,日常
2025-10-16,A004,烟酰胺原液15ml,90,149.0,13410.0,日常
2025-10-17,A004,烟酰胺原液15ml,79,149.0,11771.0,日常
2025-10-18,A004,烟酰胺原液15ml,94,149.0,14006.0,日常
2025-10-19,A004,烟酰胺原液15ml,86,149.0,12814.0,日常
2025-10-20,A004,烟酰胺原液15ml,67,149.0,9983.0,日常
2025-10-21,A004,烟酰胺原液15ml,118,149.0,17582.0,日常
2025-10-22,A004,烟酰胺原液15ml,76,149.0,11324.0,日常
2025-10-23,A004,烟酰胺原液15ml,105,149.0,15645.0,日常
2025-10-24,A004,烟酰胺原液15ml,81,149.0,12069.0,日常
2025-10-25,A004,烟酰胺原液15ml,111,149.0,16539.0,日常
2025-10-26,A004,烟酰胺原液15ml,103,149.0,15347.0,日常
2025-10-27,A004,烟酰胺原液15ml,96,149.0,14304.0,日常
2025-10-28,A004,烟酰胺原液15ml,80,149.0,11920.0,日常
2025-10-29,A004,烟酰胺原液15ml,91,149.0,13559.0,日常
2025-10-30,A004,烟酰胺原液15ml,91,149.0,13559.0,日常
2025-10-31,A004,烟酰胺原液15ml,77,149.0,11473.0,日常
2025-11-01,A004,烟酰胺原液15ml,422,126.6,53425.2,双11
2025-11-02,A004,烟酰胺原液15ml,438,126.6,55450.8,双11
2025-11-03,A004,烟酰胺原液15ml,375,126.6,47475.0,双11
2025-11-04,A004,烟酰胺原液15ml,292,126.6,36967.2,双11
2025-11-05,A004,烟酰胺原液15ml,398,126.6,50386.8,双11
2025-11-06,A004,烟酰胺原液15ml,345,126.6,43677.0,双11
2025-11-07,A004,烟酰胺原液15ml,359,126.6,45449.4,双11
2025-11-08,A004,烟酰胺原液15ml,350,126.6,44310.0,双11
2025-11-09,A004,烟酰胺原液15ml,402,126.6,50893.2,双11
2025-11-10,A004,烟酰胺原液15ml,311,126.6,39372.6,双11
2025-11-11,A004,烟酰胺原液15ml,334,126.6,42284.4,双11
2025-11-12,A004,烟酰胺原液15ml,327,126.6,41398.2,双11
2025-11-13,A004,烟酰胺原液15ml,328,126.6,41524.8,双11
2025-11-14,A004,烟酰胺原液15ml,104,149.0,15496.0,日常
2025-11-15,A004,烟酰胺原液15ml,108,149.0,16092.0,日常
2025-11-16,A004,烟酰胺原液15ml,95,149.0,14155.0,日常
2025-11-17,A004,烟酰胺原液15ml,84,149.0,12516.0,日常
2025-11-18,A004,烟酰胺原液15ml,88,149.0,13112.0,日常
2025-11-19,A004,烟酰胺原液15ml,75,149.0,11175.0,日常
2025-11-20,A004,烟酰胺原液15ml,91,149.0,13559.0,日常
2025-11-21,A004,烟酰胺原液15ml,88,149.0,13112.0,日常
2025-11-22,A004,烟酰胺原液15ml,103,149.0,15347.0,日常
2025-11-23,A004,烟酰胺原液15ml,98,149.0,14602.0,日常
2025-11-24,A004,烟酰胺原液15ml,87,149.0,12963.0,日常
2025-11-25,A004,烟酰胺原液15ml,81,149.0,12069.0,日常
2025-11-26,A004,烟酰胺原液15ml,97,149.0,14453.0,日常
2025-11-27,A004,烟酰胺原液15ml,107,149.0,15943.0,日常
2025-11-28,A004,烟酰胺原液15ml,91,149.0,13559.0,日常
2025-11-29,A004,烟酰胺原液15ml,107,149.0,15943.0,日常
2025-11-30,A004,烟酰胺原液15ml,90,149.0,13410.0,日常
2025-12-01,A004,烟酰胺原液15ml,77,149.0,11473.0,日常
2025-12-02,A004,烟酰胺原液15ml,83,149.0,12367.0,日常
2025-12-03,A004,烟酰胺原液15ml,99,149.0,14751.0,日常
2025-12-04,A004,烟酰胺原液15ml,88,149.0,13112.0,日常
2025-12-05,A004,烟酰胺原液15ml,90,149.0,13410.0,日常
2025-12-06,A004,烟酰胺原液15ml,117,149.0,17433.0,日常
2025-12-07,A004,烟酰胺原液15ml,95,149.0,14155.0,日常
2025-12-08,A004,烟酰胺原液15ml,102,149.0,15198.0,日常
2025-12-09,A004,烟酰胺原液15ml,101,149.0,15049.0,日常
2025-12-10,A004,烟酰胺原液15ml,78,149.0,11622.0,日常
2025-12-11,A004,烟酰胺原液15ml,102,149.0,15198.0,日常
2025-12-12,A004,烟酰胺原液15ml,182,126.6,23041.2,双12
2025-12-13,A004,烟酰胺原液15ml,223,126.6,28231.8,双12
2025-12-14,A004,烟酰胺原液15ml,165,126.6,20889.0,双12
2025-12-15,A004,烟酰胺原液15ml,91,149.0,13559.0,日常
2025-12-16,A004,烟酰胺原液15ml,91,149.0,13559.0,日常
2025-12-17,A004,烟酰胺原液15ml,90,149.0,13410.0,日常
2025-12-18,A004,烟酰胺原液15ml,81,149.0,12069.0,日常
2025-12-19,A004,烟酰胺原液15ml,104,149.0,15496.0,日常
2025-12-20,A004,烟酰胺原液15ml,95,149.0,14155.0,日常
2025-12-21,A004,烟酰胺原液15ml,101,149.0,15049.0,日常
2025-12-22,A004,烟酰胺原液15ml,81,149.0,12069.0,日常
2025-12-23,A004,烟酰胺原液15ml,93,149.0,13857.0,日常
2025-12-24,A004,烟酰胺原液15ml,76,149.0,11324.0,日常
2025-12-25,A004,烟酰胺原液15ml,75,149.0,11175.0,日常
2025-12-26,A004,烟酰胺原液15ml,83,149.0,12367.0,日常
2025-12-27,A004,烟酰胺原液15ml,105,149.0,15645.0,日常
2025-12-28,A004,烟酰胺原液15ml,93,149.0,13857.0,日常
2025-12-29,A004,烟酰胺原液15ml,74,149.0,11026.0,日常
2025-12-30,A004,烟酰胺原液15ml,80,149.0,11920.0,日常
2025-12-31,A004,烟酰胺原液15ml,99,149.0,14751.0,日常
2026-01-01,A004,烟酰胺原液15ml,88,149.0,13112.0,日常
2026-01-02,A004,烟酰胺原液15ml,78,149.0,11622.0,日常
2026-01-03,A004,烟酰胺原液15ml,98,149.0,14602.0,日常
2026-01-04,A004,烟酰胺原液15ml,107,149.0,15943.0,日常
2026-01-05,A004,烟酰胺原液15ml,93,149.0,13857.0,日常
2026-01-06,A004,烟酰胺原液15ml,98,149.0,14602.0,日常
2026-01-07,A004,烟酰胺原液15ml,95,149.0,14155.0,日常
2026-01-08,A004,烟酰胺原液15ml,74,149.0,11026.0,日常
2026-01-09,A004,烟酰胺原液15ml,110,149.0,16390.0,日常
2026-01-10,A004,烟酰胺原液15ml,106,149.0,15794.0,日常
2026-01-11,A004,烟酰胺原液15ml,96,149.0,14304.0,日常
2026-01-12,A004,烟酰胺原液15ml,83,149.0,12367.0,日常
2026-01-13,A004,烟酰胺原液15ml,94,149.0,14006.0,日常
2026-01-14,A004,烟酰胺原液15ml,83,149.0,12367.0,日常
2026-01-15,A004,烟酰胺原液15ml,78,149.0,11622.0,日常
2026-01-16,A004,烟酰胺原液15ml,88,149.0,13112.0,日常
2026-01-17,A004,烟酰胺原液15ml,95,149.0,14155.0,日常
2026-01-18,A004,烟酰胺原液15ml,99,149.0,14751.0,日常
2026-01-19,A004,烟酰胺原液15ml,92,149.0,13708.0,日常
2026-01-20,A004,烟酰胺原液15ml,186,126.6,23547.6,年货节
2026-01-21,A004,烟酰胺原液15ml,210,126.6,26586.0,年货节
2026-01-22,A004,烟酰胺原液15ml,185,126.6,23421.0,年货节
2026-01-23,A004,烟酰胺原液15ml,184,126.6,23294.4,年货节
2026-01-24,A004,烟酰胺原液15ml,171,126.6,21648.6,年货节
2026-01-25,A004,烟酰胺原液15ml,257,126.6,32536.2,年货节
2026-01-26,A004,烟酰胺原液15ml,194,126.6,24560.4,年货节
2026-01-27,A004,烟酰胺原液15ml,179,126.6,22661.4,年货节
2026-01-28,A004,烟酰胺原液15ml,224,126.6,28358.4,年货节
2026-01-29,A004,烟酰胺原液15ml,199,126.6,25193.4,年货节
2026-01-30,A004,烟酰胺原液15ml,240,126.6,30384.0,年货节
2026-01-31,A004,烟酰胺原液15ml,273,126.6,34561.8,年货节
2026-02-01,A004,烟酰胺原液15ml,239,126.6,30257.4,年货节
2026-02-02,A004,烟酰胺原液15ml,228,126.6,28864.8,年货节
2026-02-03,A004,烟酰胺原液15ml,182,126.6,23041.2,年货节
2026-02-04,A004,烟酰胺原液15ml,208,126.6,26332.8,年货节
2026-02-05,A004,烟酰胺原液15ml,149,126.6,18863.4,年货节
2026-02-06,A004,烟酰胺原液15ml,96,149.0,14304.0,日常
2026-02-07,A004,烟酰胺原液15ml,81,149.0,12069.0,日常
2026-02-08,A004,烟酰胺原液15ml,119,149.0,17731.0,日常
2026-02-09,A004,烟酰胺原液15ml,116,149.0,17284.0,日常
2026-02-10,A004,烟酰胺原液15ml,98,149.0,14602.0,日常
2026-02-11,A004,烟酰胺原液15ml,83,149.0,12367.0,日常
2026-02-12,A004,烟酰胺原液15ml,92,149.0,13708.0,日常
2026-02-13,A004,烟酰胺原液15ml,106,149.0,15794.0,日常
2026-02-14,A004,烟酰胺原液15ml,105,149.0,15645.0,日常
2026-02-15,A004,烟酰胺原液15ml,121,149.0,18029.0,日常
2026-02-16,A004,烟酰胺原液15ml,87,149.0,12963.0,日常
2026-02-17,A004,烟酰胺原液15ml,86,149.0,12814.0,日常
2026-02-18,A004,烟酰胺原液15ml,98,149.0,14602.0,日常
2026-02-19,A004,烟酰胺原液15ml,81,149.0,12069.0,日常
2026-02-20,A004,烟酰胺原液15ml,89,149.0,13261.0,日常
2026-02-21,A004,烟酰胺原液15ml,105,149.0,15645.0,日常
2026-02-22,A004,烟酰胺原液15ml,100,149.0,14900.0,日常
2026-02-23,A004,烟酰胺原液15ml,68,149.0,10132.0,日常
2026-02-24,A004,烟酰胺原液15ml,91,149.0,13559.0,日常
2026-02-25,A004,烟酰胺原液15ml,117,149.0,17433.0,日常
2026-02-26,A004,烟酰胺原液15ml,83,149.0,12367.0,日常
2026-02-27,A004,烟酰胺原液15ml,89,149.0,13261.0,日常
2026-02-28,A004,烟酰胺原液15ml,87,149.0,12963.0,日常
2026-03-01,A004,烟酰胺原液15ml,88,149.0,13112.0,日常
2026-03-02,A004,烟酰胺原液15ml,74,149.0,11026.0,日常
2026-03-03,A004,烟酰胺原液15ml,99,149.0,14751.0,日常
2026-03-04,A004,烟酰胺原液15ml,104,149.0,15496.0,日常
2026-03-05,A004,烟酰胺原液15ml,54,149.0,8046.0,日常
2026-03-06,A004,烟酰胺原液15ml,86,149.0,12814.0,日常
2026-03-07,A004,烟酰胺原液15ml,101,149.0,15049.0,日常
2026-03-08,A004,烟酰胺原液15ml,172,126.6,21775.2,38女王节
2026-03-09,A004,烟酰胺原液15ml,134,126.6,16964.4,38女王节
2026-03-10,A004,烟酰胺原液15ml,178,126.6,22534.8,38女王节
2026-03-11,A004,烟酰胺原液15ml,77,149.0,11473.0,日常
2026-03-12,A004,烟酰胺原液15ml,96,149.0,14304.0,日常
2026-03-13,A004,烟酰胺原液15ml,80,149.0,11920.0,日常
2026-03-14,A004,烟酰胺原液15ml,115,149.0,17135.0,日常
2026-03-15,A004,烟酰胺原液15ml,84,149.0,12516.0,日常
2026-03-16,A004,烟酰胺原液15ml,77,149.0,11473.0,日常
2026-03-17,A004,烟酰胺原液15ml,79,149.0,11771.0,日常
2026-03-18,A004,烟酰胺原液15ml,102,149.0,15198.0,日常
2026-03-19,A004,烟酰胺原液15ml,94,149.0,14006.0,日常
2026-03-20,A004,烟酰胺原液15ml,91,149.0,13559.0,日常
2026-03-21,A004,烟酰胺原液15ml,89,149.0,13261.0,日常
2026-03-22,A004,烟酰胺原液15ml,131,149.0,19519.0,日常
2026-03-23,A004,烟酰胺原液15ml,93,149.0,13857.0,日常
2026-03-24,A004,烟酰胺原液15ml,93,149.0,13857.0,日常
2026-03-25,A004,烟酰胺原液15ml,79,149.0,11771.0,日常
2026-03-26,A004,烟酰胺原液15ml,91,149.0,13559.0,日常
2026-03-27,A004,烟酰胺原液15ml,99,149.0,14751.0,日常
2026-03-28,A004,烟酰胺原液15ml,114,149.0,16986.0,日常
2026-03-29,A004,烟酰胺原液15ml,101,149.0,15049.0,日常
2026-03-30,A004,烟酰胺原液15ml,81,149.0,12069.0,日常
2026-03-31,A004,烟酰胺原液15ml,91,149.0,13559.0,日常
2026-04-01,A004,烟酰胺原液15ml,110,149.0,16390.0,日常
2026-04-02,A004,烟酰胺原液15ml,99,149.0,14751.0,日常
2026-04-03,A004,烟酰胺原液15ml,91,149.0,13559.0,日常
2026-04-04,A004,烟酰胺原液15ml,129,149.0,19221.0,日常
2026-04-05,A004,烟酰胺原液15ml,112,149.0,16688.0,日常
2026-04-06,A004,烟酰胺原液15ml,107,149.0,15943.0,日常
2026-04-07,A004,烟酰胺原液15ml,84,149.0,12516.0,日常
2026-04-08,A004,烟酰胺原液15ml,81,149.0,12069.0,日常
2026-04-09,A004,烟酰胺原液15ml,94,149.0,14006.0,日常
2026-04-10,A004,烟酰胺原液15ml,77,149.0,11473.0,日常
2026-04-11,A004,烟酰胺原液15ml,80,149.0,11920.0,日常
2026-04-12,A004,烟酰胺原液15ml,115,149.0,17135.0,日常
2026-04-13,A004,烟酰胺原液15ml,97,149.0,14453.0,日常
2026-04-14,A004,烟酰胺原液15ml,100,149.0,14900.0,日常
2026-04-15,A004,烟酰胺原液15ml,105,149.0,15645.0,日常
2026-04-16,A004,烟酰胺原液15ml,81,149.0,12069.0,日常
2026-04-17,A004,烟酰胺原液15ml,82,149.0,12218.0,日常
2026-04-18,A004,烟酰胺原液15ml,114,149.0,16986.0,日常
2026-04-19,A004,烟酰胺原液15ml,116,149.0,17284.0,日常
2026-04-20,A004,烟酰胺原液15ml,89,149.0,13261.0,日常
2026-04-21,A004,烟酰胺原液15ml,86,149.0,12814.0,日常
2026-04-22,A004,烟酰胺原液15ml,60,149.0,8940.0,日常
2026-04-23,A004,烟酰胺原液15ml,84,149.0,12516.0,日常
2026-04-24,A004,烟酰胺原液15ml,93,149.0,13857.0,日常
2026-04-25,A004,烟酰胺原液15ml,81,149.0,12069.0,日常
2026-04-26,A004,烟酰胺原液15ml,100,149.0,14900.0,日常
2026-04-27,A004,烟酰胺原液15ml,76,149.0,11324.0,日常
2026-04-28,A004,烟酰胺原液15ml,93,149.0,13857.0,日常
2026-04-29,A004,烟酰胺原液15ml,101,149.0,15049.0,日常
2026-04-30,A004,烟酰胺原液15ml,99,149.0,14751.0,日常
2026-05-01,A004,烟酰胺原液15ml,100,149.0,14900.0,日常
2026-05-02,A004,烟酰胺原液15ml,98,149.0,14602.0,日常
2026-05-03,A004,烟酰胺原液15ml,69,149.0,10281.0,日常
2026-05-04,A004,烟酰胺原液15ml,92,149.0,13708.0,日常
2026-05-05,A004,烟酰胺原液15ml,108,149.0,16092.0,日常
2026-05-06,A004,烟酰胺原液15ml,96,149.0,14304.0,日常
2026-05-07,A004,烟酰胺原液15ml,80,149.0,11920.0,日常
2026-05-08,A004,烟酰胺原液15ml,94,149.0,14006.0,日常
2026-05-09,A004,烟酰胺原液15ml,92,149.0,13708.0,日常
2026-05-10,A004,烟酰胺原液15ml,105,149.0,15645.0,日常
2026-05-11,A004,烟酰胺原液15ml,89,149.0,13261.0,日常
2026-05-12,A004,烟酰胺原液15ml,105,149.0,15645.0,日常
2026-05-13,A004,烟酰胺原液15ml,96,149.0,14304.0,日常
2026-05-14,A004,烟酰胺原液15ml,85,149.0,12665.0,日常
2026-05-15,A004,烟酰胺原液15ml,87,149.0,12963.0,日常
2026-05-16,A004,烟酰胺原液15ml,112,149.0,16688.0,日常
2026-05-17,A004,烟酰胺原液15ml,112,149.0,16688.0,日常
2026-05-18,A004,烟酰胺原液15ml,92,149.0,13708.0,日常
2026-05-19,A004,烟酰胺原液15ml,81,149.0,12069.0,日常
2026-05-20,A004,烟酰胺原液15ml,81,149.0,12069.0,日常
2026-05-21,A004,烟酰胺原液15ml,78,149.0,11622.0,日常
2026-05-22,A004,烟酰胺原液15ml,96,149.0,14304.0,日常
2026-05-23,A004,烟酰胺原液15ml,114,149.0,16986.0,日常
2026-05-24,A004,烟酰胺原液15ml,94,149.0,14006.0,日常
2026-05-25,A004,烟酰胺原液15ml,106,149.0,15794.0,日常
2026-05-26,A004,烟酰胺原液15ml,97,149.0,14453.0,日常
2026-05-27,A004,烟酰胺原液15ml,88,149.0,13112.0,日常
2026-05-28,A004,烟酰胺原液15ml,77,149.0,11473.0,日常
2026-05-29,A004,烟酰胺原液15ml,89,149.0,13261.0,日常
2026-05-30,A004,烟酰胺原液15ml,116,149.0,17284.0,日常
2026-05-31,A004,烟酰胺原液15ml,121,149.0,18029.0,日常
2026-06-01,A004,烟酰胺原液15ml,304,126.6,38486.4,618大促
2026-06-02,A004,烟酰胺原液15ml,288,126.6,36460.8,618大促
2026-06-03,A004,烟酰胺原液15ml,349,126.6,44183.4,618大促
2026-06-04,A004,烟酰胺原液15ml,341,126.6,43170.6,618大促
2026-06-05,A004,烟酰胺原液15ml,373,126.6,47221.8,618大促
2026-06-06,A004,烟酰胺原液15ml,369,126.6,46715.4,618大促
2026-06-07,A004,烟酰胺原液15ml,346,126.6,43803.6,618大促
2026-06-08,A004,烟酰胺原液15ml,333,126.6,42157.8,618大促
2026-06-09,A004,烟酰胺原液15ml,294,126.6,37220.4,618大促
2026-06-10,A004,烟酰胺原液15ml,264,126.6,33422.4,618大促
2026-06-11,A004,烟酰胺原液15ml,293,126.6,37093.8,618大促
2026-06-12,A004,烟酰胺原液15ml,346,126.6,43803.6,618大促
2026-06-13,A004,烟酰胺原液15ml,321,126.6,40638.6,618大促
2026-06-14,A004,烟酰胺原液15ml,351,126.6,44436.6,618大促
2026-06-15,A004,烟酰胺原液15ml,347,126.6,43930.2,618大促
2026-06-16,A004,烟酰胺原液15ml,339,126.6,42917.4,618大促
2026-06-17,A004,烟酰胺原液15ml,254,126.6,32156.4,618大促
2026-06-18,A004,烟酰胺原液15ml,288,126.6,36460.8,618大促
2026-06-19,A004,烟酰胺原液15ml,80,149.0,11920.0,日常
2025-07-01,A005,防晒霜SPF50+ 50ml,152,129.0,19608.0,日常
2025-07-02,A005,防晒霜SPF50+ 50ml,152,129.0,19608.0,日常
2025-07-03,A005,防晒霜SPF50+ 50ml,137,129.0,17673.0,日常
2025-07-04,A005,防晒霜SPF50+ 50ml,141,129.0,18189.0,日常
2025-07-05,A005,防晒霜SPF50+ 50ml,198,129.0,25542.0,日常
2025-07-06,A005,防晒霜SPF50+ 50ml,193,129.0,24897.0,日常
2025-07-07,A005,防晒霜SPF50+ 50ml,171,129.0,22059.0,日常
2025-07-08,A005,防晒霜SPF50+ 50ml,167,129.0,21543.0,日常
2025-07-09,A005,防晒霜SPF50+ 50ml,171,129.0,22059.0,日常
2025-07-10,A005,防晒霜SPF50+ 50ml,145,129.0,18705.0,日常
2025-07-11,A005,防晒霜SPF50+ 50ml,164,129.0,21156.0,日常
2025-07-12,A005,防晒霜SPF50+ 50ml,189,129.0,24381.0,日常
2025-07-13,A005,防晒霜SPF50+ 50ml,162,129.0,20898.0,日常
2025-07-14,A005,防晒霜SPF50+ 50ml,154,129.0,19866.0,日常
2025-07-15,A005,防晒霜SPF50+ 50ml,213,129.0,27477.0,日常
2025-07-16,A005,防晒霜SPF50+ 50ml,194,129.0,25026.0,日常
2025-07-17,A005,防晒霜SPF50+ 50ml,163,129.0,21027.0,日常
2025-07-18,A005,防晒霜SPF50+ 50ml,198,129.0,25542.0,日常
2025-07-19,A005,防晒霜SPF50+ 50ml,185,129.0,23865.0,日常
2025-07-20,A005,防晒霜SPF50+ 50ml,186,129.0,23994.0,日常
2025-07-21,A005,防晒霜SPF50+ 50ml,161,129.0,20769.0,日常
2025-07-22,A005,防晒霜SPF50+ 50ml,190,129.0,24510.0,日常
2025-07-23,A005,防晒霜SPF50+ 50ml,181,129.0,23349.0,日常
2025-07-24,A005,防晒霜SPF50+ 50ml,140,129.0,18060.0,日常
2025-07-25,A005,防晒霜SPF50+ 50ml,137,129.0,17673.0,日常
2025-07-26,A005,防晒霜SPF50+ 50ml,217,129.0,27993.0,日常
