openclaw-supply-chain/workspace-supply-chain-inventory-forecaster/sales_history_2025-2026.csv
日期,SKU编号,商品名称,销量,单价,销售额,活动标记
2025-07-27,A005,防晒霜SPF50+ 50ml,196,129.0,25284.0,日常
2025-07-28,A005,防晒霜SPF50+ 50ml,143,129.0,18447.0,日常
2025-07-29,A005,防晒霜SPF50+ 50ml,141,129.0,18189.0,日常
2025-07-30,A005,防晒霜SPF50+ 50ml,164,129.0,21156.0,日常
2025-07-31,A005,防晒霜SPF50+ 50ml,156,129.0,20124.0,日常
2025-08-01,A005,防晒霜SPF50+ 50ml,149,129.0,19221.0,日常
2025-08-02,A005,防晒霜SPF50+ 50ml,211,129.0,27219.0,日常
2025-08-03,A005,防晒霜SPF50+ 50ml,181,129.0,23349.0,日常
2025-08-04,A005,防晒霜SPF50+ 50ml,156,129.0,20124.0,日常
2025-08-05,A005,防晒霜SPF50+ 50ml,157,129.0,20253.0,日常
2025-08-06,A005,防晒霜SPF50+ 50ml,145,129.0,18705.0,日常
2025-08-07,A005,防晒霜SPF50+ 50ml,139,129.0,17931.0,日常
2025-08-08,A005,防晒霜SPF50+ 50ml,151,129.0,19479.0,日常
2025-08-09,A005,防晒霜SPF50+ 50ml,183,129.0,23607.0,日常
2025-08-10,A005,防晒霜SPF50+ 50ml,168,129.0,21672.0,日常
2025-08-11,A005,防晒霜SPF50+ 50ml,142,129.0,18318.0,日常
2025-08-12,A005,防晒霜SPF50+ 50ml,161,129.0,20769.0,日常
2025-08-13,A005,防晒霜SPF50+ 50ml,160,129.0,20640.0,日常
2025-08-14,A005,防晒霜SPF50+ 50ml,158,129.0,20382.0,日常
2025-08-15,A005,防晒霜SPF50+ 50ml,169,129.0,21801.0,日常
2025-08-16,A005,防晒霜SPF50+ 50ml,187,129.0,24123.0,日常
2025-08-17,A005,防晒霜SPF50+ 50ml,190,129.0,24510.0,日常
2025-08-18,A005,防晒霜SPF50+ 50ml,227,129.0,29283.0,日常
2025-08-19,A005,防晒霜SPF50+ 50ml,170,129.0,21930.0,日常
2025-08-20,A005,防晒霜SPF50+ 50ml,184,129.0,23736.0,日常
2025-08-21,A005,防晒霜SPF50+ 50ml,191,129.0,24639.0,日常
2025-08-22,A005,防晒霜SPF50+ 50ml,151,129.0,19479.0,日常
2025-08-23,A005,防晒霜SPF50+ 50ml,178,129.0,22962.0,日常
2025-08-24,A005,防晒霜SPF50+ 50ml,166,129.0,21414.0,日常
2025-08-25,A005,防晒霜SPF50+ 50ml,136,129.0,17544.0,日常
2025-08-26,A005,防晒霜SPF50+ 50ml,179,129.0,23091.0,日常
2025-08-27,A005,防晒霜SPF50+ 50ml,172,129.0,22188.0,日常
2025-08-28,A005,防晒霜SPF50+ 50ml,175,129.0,22575.0,日常
2025-08-29,A005,防晒霜SPF50+ 50ml,177,129.0,22833.0,日常
2025-08-30,A005,防晒霜SPF50+ 50ml,176,129.0,22704.0,日常
2025-08-31,A005,防晒霜SPF50+ 50ml,149,129.0,19221.0,日常
2025-09-01,A005,防晒霜SPF50+ 50ml,74,129.0,9546.0,日常
2025-09-02,A005,防晒霜SPF50+ 50ml,102,129.0,13158.0,日常
2025-09-03,A005,防晒霜SPF50+ 50ml,114,129.0,14706.0,日常
2025-09-04,A005,防晒霜SPF50+ 50ml,121,129.0,15609.0,日常
2025-09-05,A005,防晒霜SPF50+ 50ml,110,129.0,14190.0,日常
2025-09-06,A005,防晒霜SPF50+ 50ml,110,129.0,14190.0,日常
2025-09-07,A005,防晒霜SPF50+ 50ml,142,129.0,18318.0,日常
2025-09-08,A005,防晒霜SPF50+ 50ml,111,129.0,14319.0,日常
2025-09-09,A005,防晒霜SPF50+ 50ml,112,129.0,14448.0,日常
2025-09-10,A005,防晒霜SPF50+ 50ml,144,129.0,18576.0,日常
2025-09-11,A005,防晒霜SPF50+ 50ml,102,129.0,13158.0,日常
2025-09-12,A005,防晒霜SPF50+ 50ml,99,129.0,12771.0,日常
2025-09-13,A005,防晒霜SPF50+ 50ml,146,129.0,18834.0,日常
2025-09-14,A005,防晒霜SPF50+ 50ml,133,129.0,17157.0,日常
2025-09-15,A005,防晒霜SPF50+ 50ml,93,129.0,11997.0,日常
2025-09-16,A005,防晒霜SPF50+ 50ml,101,129.0,13029.0,日常
2025-09-17,A005,防晒霜SPF50+ 50ml,129,129.0,16641.0,日常
2025-09-18,A005,防晒霜SPF50+ 50ml,100,129.0,12900.0,日常
2025-09-19,A005,防晒霜SPF50+ 50ml,247,109.6,27071.2,99大促
2025-09-20,A005,防晒霜SPF50+ 50ml,329,109.6,36058.4,99大促
2025-09-21,A005,防晒霜SPF50+ 50ml,295,109.6,32332.0,99大促
2025-09-22,A005,防晒霜SPF50+ 50ml,234,109.6,25646.4,99大促
2025-09-23,A005,防晒霜SPF50+ 50ml,241,109.6,26413.6,99大促
2025-09-24,A005,防晒霜SPF50+ 50ml,90,129.0,11610.0,日常
2025-09-25,A005,防晒霜SPF50+ 50ml,94,129.0,12126.0,日常
2025-09-26,A005,防晒霜SPF50+ 50ml,117,129.0,15093.0,日常
2025-09-27,A005,防晒霜SPF50+ 50ml,125,129.0,16125.0,日常
2025-09-28,A005,防晒霜SPF50+ 50ml,108,129.0,13932.0,日常
2025-09-29,A005,防晒霜SPF50+ 50ml,110,129.0,14190.0,日常
2025-09-30,A005,防晒霜SPF50+ 50ml,120,129.0,15480.0,日常
2025-10-01,A005,防晒霜SPF50+ 50ml,77,129.0,9933.0,日常
2025-10-02,A005,防晒霜SPF50+ 50ml,77,129.0,9933.0,日常
2025-10-03,A005,防晒霜SPF50+ 50ml,73,129.0,9417.0,日常
2025-10-04,A005,防晒霜SPF50+ 50ml,85,129.0,10965.0,日常
2025-10-05,A005,防晒霜SPF50+ 50ml,71,129.0,9159.0,日常
2025-10-06,A005,防晒霜SPF50+ 50ml,66,129.0,8514.0,日常
2025-10-07,A005,防晒霜SPF50+ 50ml,57,129.0,7353.0,日常
2025-10-08,A005,防晒霜SPF50+ 50ml,74,129.0,9546.0,日常
2025-10-09,A005,防晒霜SPF50+ 50ml,73,129.0,9417.0,日常
2025-10-10,A005,防晒霜SPF50+ 50ml,80,129.0,10320.0,日常
2025-10-11,A005,防晒霜SPF50+ 50ml,90,129.0,11610.0,日常
2025-10-12,A005,防晒霜SPF50+ 50ml,77,129.0,9933.0,日常
2025-10-13,A005,防晒霜SPF50+ 50ml,86,129.0,11094.0,日常
2025-10-14,A005,防晒霜SPF50+ 50ml,93,129.0,11997.0,日常
2025-10-15,A005,防晒霜SPF50+ 50ml,68,129.0,8772.0,日常
2025-10-16,A005,防晒霜SPF50+ 50ml,73,129.0,9417.0,日常
2025-10-17,A005,防晒霜SPF50+ 50ml,75,129.0,9675.0,日常
2025-10-18,A005,防晒霜SPF50+ 50ml,93,129.0,11997.0,日常
2025-10-19,A005,防晒霜SPF50+ 50ml,72,129.0,9288.0,日常
2025-10-20,A005,防晒霜SPF50+ 50ml,69,129.0,8901.0,日常
2025-10-21,A005,防晒霜SPF50+ 50ml,71,129.0,9159.0,日常
2025-10-22,A005,防晒霜SPF50+ 50ml,74,129.0,9546.0,日常
2025-10-23,A005,防晒霜SPF50+ 50ml,64,129.0,8256.0,日常
2025-10-24,A005,防晒霜SPF50+ 50ml,70,129.0,9030.0,日常
2025-10-25,A005,防晒霜SPF50+ 50ml,101,129.0,13029.0,日常
2025-10-26,A005,防晒霜SPF50+ 50ml,68,129.0,8772.0,日常
2025-10-27,A005,防晒霜SPF50+ 50ml,87,129.0,11223.0,日常
2025-10-28,A005,防晒霜SPF50+ 50ml,75,129.0,9675.0,日常
2025-10-29,A005,防晒霜SPF50+ 50ml,72,129.0,9288.0,日常
2025-10-30,A005,防晒霜SPF50+ 50ml,71,129.0,9159.0,日常
2025-10-31,A005,防晒霜SPF50+ 50ml,89,129.0,11481.0,日常
2025-11-01,A005,防晒霜SPF50+ 50ml,140,109.6,15344.0,双11
2025-11-02,A005,防晒霜SPF50+ 50ml,137,109.6,15015.2,双11
2025-11-03,A005,防晒霜SPF50+ 50ml,124,109.6,13590.4,双11
2025-11-04,A005,防晒霜SPF50+ 50ml,101,109.6,11069.6,双11
2025-11-05,A005,防晒霜SPF50+ 50ml,123,109.6,13480.8,双11
2025-11-06,A005,防晒霜SPF50+ 50ml,131,109.6,14357.6,双11
2025-11-07,A005,防晒霜SPF50+ 50ml,115,109.6,12604.0,双11
2025-11-08,A005,防晒霜SPF50+ 50ml,125,109.6,13700.0,双11
2025-11-09,A005,防晒霜SPF50+ 50ml,149,109.6,16330.4,双11
2025-11-10,A005,防晒霜SPF50+ 50ml,138,109.6,15124.8,双11
2025-11-11,A005,防晒霜SPF50+ 50ml,127,109.6,13919.2,双11
2025-11-12,A005,防晒霜SPF50+ 50ml,119,109.6,13042.4,双11
2025-11-13,A005,防晒霜SPF50+ 50ml,114,109.6,12494.4,双11
2025-11-14,A005,防晒霜SPF50+ 50ml,28,129.0,3612.0,日常
2025-11-15,A005,防晒霜SPF50+ 50ml,42,129.0,5418.0,日常
2025-11-16,A005,防晒霜SPF50+ 50ml,29,129.0,3741.0,日常
2025-11-17,A005,防晒霜SPF50+ 50ml,27,129.0,3483.0,日常
2025-11-18,A005,防晒霜SPF50+ 50ml,34,129.0,4386.0,日常
2025-11-19,A005,防晒霜SPF50+ 50ml,30,129.0,3870.0,日常
2025-11-20,A005,防晒霜SPF50+ 50ml,31,129.0,3999.0,日常
2025-11-21,A005,防晒霜SPF50+ 50ml,28,129.0,3612.0,日常
2025-11-22,A005,防晒霜SPF50+ 50ml,39,129.0,5031.0,日常
2025-11-23,A005,防晒霜SPF50+ 50ml,30,129.0,3870.0,日常
2025-11-24,A005,防晒霜SPF50+ 50ml,23,129.0,2967.0,日常
2025-11-25,A005,防晒霜SPF50+ 50ml,25,129.0,3225.0,日常
2025-11-26,A005,防晒霜SPF50+ 50ml,29,129.0,3741.0,日常
2025-11-27,A005,防晒霜SPF50+ 50ml,33,129.0,4257.0,日常
2025-11-28,A005,防晒霜SPF50+ 50ml,29,129.0,3741.0,日常
2025-11-29,A005,防晒霜SPF50+ 50ml,33,129.0,4257.0,日常
2025-11-30,A005,防晒霜SPF50+ 50ml,38,129.0,4902.0,日常
2025-12-01,A005,防晒霜SPF50+ 50ml,32,129.0,4128.0,日常
2025-12-02,A005,防晒霜SPF50+ 50ml,25,129.0,3225.0,日常
2025-12-03,A005,防晒霜SPF50+ 50ml,29,129.0,3741.0,日常
2025-12-04,A005,防晒霜SPF50+ 50ml,22,129.0,2838.0,日常
2025-12-05,A005,防晒霜SPF50+ 50ml,28,129.0,3612.0,日常
2025-12-06,A005,防晒霜SPF50+ 50ml,33,129.0,4257.0,日常
2025-12-07,A005,防晒霜SPF50+ 50ml,38,129.0,4902.0,日常
2025-12-08,A005,防晒霜SPF50+ 50ml,31,129.0,3999.0,日常
2025-12-09,A005,防晒霜SPF50+ 50ml,29,129.0,3741.0,日常
2025-12-10,A005,防晒霜SPF50+ 50ml,32,129.0,4128.0,日常
2025-12-11,A005,防晒霜SPF50+ 50ml,33,129.0,4257.0,日常
2025-12-12,A005,防晒霜SPF50+ 50ml,62,109.6,6795.2,双12
2025-12-13,A005,防晒霜SPF50+ 50ml,70,109.6,7672.0,双12
2025-12-14,A005,防晒霜SPF50+ 50ml,71,109.6,7781.6,双12
2025-12-15,A005,防晒霜SPF50+ 50ml,28,129.0,3612.0,日常
2025-12-16,A005,防晒霜SPF50+ 50ml,27,129.0,3483.0,日常
2025-12-17,A005,防晒霜SPF50+ 50ml,26,129.0,3354.0,日常
2025-12-18,A005,防晒霜SPF50+ 50ml,24,129.0,3096.0,日常
2025-12-19,A005,防晒霜SPF50+ 50ml,30,129.0,3870.0,日常
2025-12-20,A005,防晒霜SPF50+ 50ml,36,129.0,4644.0,日常
2025-12-21,A005,防晒霜SPF50+ 50ml,28,129.0,3612.0,日常
2025-12-22,A005,防晒霜SPF50+ 50ml,25,129.0,3225.0,日常
2025-12-23,A005,防晒霜SPF50+ 50ml,29,129.0,3741.0,日常
2025-12-24,A005,防晒霜SPF50+ 50ml,27,129.0,3483.0,日常
2025-12-25,A005,防晒霜SPF50+ 50ml,25,129.0,3225.0,日常
2025-12-26,A005,防晒霜SPF50+ 50ml,28,129.0,3612.0,日常
2025-12-27,A005,防晒霜SPF50+ 50ml,31,129.0,3999.0,日常
2025-12-28,A005,防晒霜SPF50+ 50ml,33,129.0,4257.0,日常
2025-12-29,A005,防晒霜SPF50+ 50ml,32,129.0,4128.0,日常
2025-12-30,A005,防晒霜SPF50+ 50ml,29,129.0,3741.0,日常
2025-12-31,A005,防晒霜SPF50+ 50ml,30,129.0,3870.0,日常
2026-01-01,A005,防晒霜SPF50+ 50ml,35,129.0,4515.0,日常
2026-01-02,A005,防晒霜SPF50+ 50ml,28,129.0,3612.0,日常
2026-01-03,A005,防晒霜SPF50+ 50ml,36,129.0,4644.0,日常
2026-01-04,A005,防晒霜SPF50+ 50ml,31,129.0,3999.0,日常
2026-01-05,A005,防晒霜SPF50+ 50ml,30,129.0,3870.0,日常
2026-01-06,A005,防晒霜SPF50+ 50ml,27,129.0,3483.0,日常
2026-01-07,A005,防晒霜SPF50+ 50ml,31,129.0,3999.0,日常
2026-01-08,A005,防晒霜SPF50+ 50ml,29,129.0,3741.0,日常
2026-01-09,A005,防晒霜SPF50+ 50ml,30,129.0,3870.0,日常
2026-01-10,A005,防晒霜SPF50+ 50ml,42,129.0,5418.0,日常
2026-01-11,A005,防晒霜SPF50+ 50ml,39,129.0,5031.0,日常
2026-01-12,A005,防晒霜SPF50+ 50ml,22,129.0,2838.0,日常
2026-01-13,A005,防晒霜SPF50+ 50ml,31,129.0,3999.0,日常
2026-01-14,A005,防晒霜SPF50+ 50ml,35,129.0,4515.0,日常
2026-01-15,A005,防晒霜SPF50+ 50ml,33,129.0,4257.0,日常
2026-01-16,A005,防晒霜SPF50+ 50ml,31,129.0,3999.0,日常
2026-01-17,A005,防晒霜SPF50+ 50ml,41,129.0,5289.0,日常
2026-01-18,A005,防晒霜SPF50+ 50ml,34,129.0,4386.0,日常
2026-01-19,A005,防晒霜SPF50+ 50ml,24,129.0,3096.0,日常
2026-01-20,A005,防晒霜SPF50+ 50ml,73,109.6,8000.8,年货节
2026-01-21,A005,防晒霜SPF50+ 50ml,64,109.6,7014.4,年货节
2026-01-22,A005,防晒霜SPF50+ 50ml,66,109.6,7233.6,年货节
2026-01-23,A005,防晒霜SPF50+ 50ml,45,109.6,4932.0,年货节
2026-01-24,A005,防晒霜SPF50+ 50ml,80,109.6,8768.0,年货节
2026-01-25,A005,防晒霜SPF50+ 50ml,70,109.6,7672.0,年货节
2026-01-26,A005,防晒霜SPF50+ 50ml,48,109.6,5260.8,年货节
2026-01-27,A005,防晒霜SPF50+ 50ml,56,109.6,6137.6,年货节
2026-01-28,A005,防晒霜SPF50+ 50ml,53,109.6,5808.8,年货节
2026-01-29,A005,防晒霜SPF50+ 50ml,58,109.6,6356.8,年货节
2026-01-30,A005,防晒霜SPF50+ 50ml,62,109.6,6795.2,年货节
2026-01-31,A005,防晒霜SPF50+ 50ml,67,109.6,7343.2,年货节
2026-02-01,A005,防晒霜SPF50+ 50ml,68,109.6,7452.8,年货节
2026-02-02,A005,防晒霜SPF50+ 50ml,77,109.6,8439.2,年货节
2026-02-03,A005,防晒霜SPF50+ 50ml,64,109.6,7014.4,年货节
2026-02-04,A005,防晒霜SPF50+ 50ml,71,109.6,7781.6,年货节
2026-02-05,A005,防晒霜SPF50+ 50ml,69,109.6,7562.4,年货节
2026-02-06,A005,防晒霜SPF50+ 50ml,33,129.0,4257.0,日常
2026-02-07,A005,防晒霜SPF50+ 50ml,35,129.0,4515.0,日常
2026-02-08,A005,防晒霜SPF50+ 50ml,32,129.0,4128.0,日常
2026-02-09,A005,防晒霜SPF50+ 50ml,22,129.0,2838.0,日常
2026-02-10,A005,防晒霜SPF50+ 50ml,29,129.0,3741.0,日常
2026-02-11,A005,防晒霜SPF50+ 50ml,30,129.0,3870.0,日常
2026-02-12,A005,防晒霜SPF50+ 50ml,31,129.0,3999.0,日常
2026-02-13,A005,防晒霜SPF50+ 50ml,26,129.0,3354.0,日常
2026-02-14,A005,防晒霜SPF50+ 50ml,33,129.0,4257.0,日常
2026-02-15,A005,防晒霜SPF50+ 50ml,39,129.0,5031.0,日常
2026-02-16,A005,防晒霜SPF50+ 50ml,26,129.0,3354.0,日常
2026-02-17,A005,防晒霜SPF50+ 50ml,31,129.0,3999.0,日常
2026-02-18,A005,防晒霜SPF50+ 50ml,30,129.0,3870.0,日常
2026-02-19,A005,防晒霜SPF50+ 50ml,30,129.0,3870.0,日常
2026-02-20,A005,防晒霜SPF50+ 50ml,33,129.0,4257.0,日常
2026-02-21,A005,防晒霜SPF50+ 50ml,39,129.0,5031.0,日常
2026-02-22,A005,防晒霜SPF50+ 50ml,37,129.0,4773.0,日常
2026-02-23,A005,防晒霜SPF50+ 50ml,34,129.0,4386.0,日常
2026-02-24,A005,防晒霜SPF50+ 50ml,32,129.0,4128.0,日常
2026-02-25,A005,防晒霜SPF50+ 50ml,28,129.0,3612.0,日常
2026-02-26,A005,防晒霜SPF50+ 50ml,27,129.0,3483.0,日常
2026-02-27,A005,防晒霜SPF50+ 50ml,23,129.0,2967.0,日常
2026-02-28,A005,防晒霜SPF50+ 50ml,33,129.0,4257.0,日常
2026-03-01,A005,防晒霜SPF50+ 50ml,66,129.0,8514.0,日常
2026-03-02,A005,防晒霜SPF50+ 50ml,76,129.0,9804.0,日常
2026-03-03,A005,防晒霜SPF50+ 50ml,84,129.0,10836.0,日常
2026-03-04,A005,防晒霜SPF50+ 50ml,73,129.0,9417.0,日常
2026-03-05,A005,防晒霜SPF50+ 50ml,70,129.0,9030.0,日常
2026-03-06,A005,防晒霜SPF50+ 50ml,68,129.0,8772.0,日常
2026-03-07,A005,防晒霜SPF50+ 50ml,86,129.0,11094.0,日常
2026-03-08,A005,防晒霜SPF50+ 50ml,140,109.6,15344.0,38女王节
2026-03-09,A005,防晒霜SPF50+ 50ml,131,109.6,14357.6,38女王节
2026-03-10,A005,防晒霜SPF50+ 50ml,116,109.6,12713.6,38女王节
2026-03-11,A005,防晒霜SPF50+ 50ml,72,129.0,9288.0,日常
2026-03-12,A005,防晒霜SPF50+ 50ml,79,129.0,10191.0,日常
2026-03-13,A005,防晒霜SPF50+ 50ml,76,129.0,9804.0,日常
2026-03-14,A005,防晒霜SPF50+ 50ml,95,129.0,12255.0,日常
2026-03-15,A005,防晒霜SPF50+ 50ml,75,129.0,9675.0,日常
2026-03-16,A005,防晒霜SPF50+ 50ml,65,129.0,8385.0,日常
2026-03-17,A005,防晒霜SPF50+ 50ml,61,129.0,7869.0,日常
2026-03-18,A005,防晒霜SPF50+ 50ml,84,129.0,10836.0,日常
2026-03-19,A005,防晒霜SPF50+ 50ml,70,129.0,9030.0,日常
2026-03-20,A005,防晒霜SPF50+ 50ml,67,129.0,8643.0,日常
2026-03-21,A005,防晒霜SPF50+ 50ml,88,129.0,11352.0,日常
2026-03-22,A005,防晒霜SPF50+ 50ml,76,129.0,9804.0,日常
2026-03-23,A005,防晒霜SPF50+ 50ml,71,129.0,9159.0,日常
2026-03-24,A005,防晒霜SPF50+ 50ml,84,129.0,10836.0,日常
2026-03-25,A005,防晒霜SPF50+ 50ml,75,129.0,9675.0,日常
2026-03-26,A005,防晒霜SPF50+ 50ml,81,129.0,10449.0,日常
2026-03-27,A005,防晒霜SPF50+ 50ml,87,129.0,11223.0,日常
2026-03-28,A005,防晒霜SPF50+ 50ml,78,129.0,10062.0,日常
2026-03-29,A005,防晒霜SPF50+ 50ml,81,129.0,10449.0,日常
2026-03-30,A005,防晒霜SPF50+ 50ml,73,129.0,9417.0,日常
2026-03-31,A005,防晒霜SPF50+ 50ml,78,129.0,10062.0,日常
2026-04-01,A005,防晒霜SPF50+ 50ml,83,129.0,10707.0,日常
2026-04-02,A005,防晒霜SPF50+ 50ml,54,129.0,6966.0,日常
2026-04-03,A005,防晒霜SPF50+ 50ml,88,129.0,11352.0,日常
2026-04-04,A005,防晒霜SPF50+ 50ml,99,129.0,12771.0,日常
2026-04-05,A005,防晒霜SPF50+ 50ml,83,129.0,10707.0,日常
2026-04-06,A005,防晒霜SPF50+ 50ml,65,129.0,8385.0,日常
2026-04-07,A005,防晒霜SPF50+ 50ml,90,129.0,11610.0,日常
2026-04-08,A005,防晒霜SPF50+ 50ml,84,129.0,10836.0,日常
2026-04-09,A005,防晒霜SPF50+ 50ml,90,129.0,11610.0,日常
2026-04-10,A005,防晒霜SPF50+ 50ml,85,129.0,10965.0,日常
2026-04-11,A005,防晒霜SPF50+ 50ml,92,129.0,11868.0,日常
2026-04-12,A005,防晒霜SPF50+ 50ml,104,129.0,13416.0,日常
2026-04-13,A005,防晒霜SPF50+ 50ml,68,129.0,8772.0,日常
2026-04-14,A005,防晒霜SPF50+ 50ml,68,129.0,8772.0,日常
2026-04-15,A005,防晒霜SPF50+ 50ml,90,129.0,11610.0,日常
2026-04-16,A005,防晒霜SPF50+ 50ml,67,129.0,8643.0,日常
2026-04-17,A005,防晒霜SPF50+ 50ml,75,129.0,9675.0,日常
2026-04-18,A005,防晒霜SPF50+ 50ml,103,129.0,13287.0,日常
2026-04-19,A005,防晒霜SPF50+ 50ml,91,129.0,11739.0,日常
2026-04-20,A005,防晒霜SPF50+ 50ml,70,129.0,9030.0,日常
2026-04-21,A005,防晒霜SPF50+ 50ml,71,129.0,9159.0,日常
2026-04-22,A005,防晒霜SPF50+ 50ml,73,129.0,9417.0,日常
2026-04-23,A005,防晒霜SPF50+ 50ml,86,129.0,11094.0,日常
2026-04-24,A005,防晒霜SPF50+ 50ml,80,129.0,10320.0,日常
2026-04-25,A005,防晒霜SPF50+ 50ml,82,129.0,10578.0,日常
2026-04-26,A005,防晒霜SPF50+ 50ml,108,129.0,13932.0,日常
2026-04-27,A005,防晒霜SPF50+ 50ml,78,129.0,10062.0,日常
2026-04-28,A005,防晒霜SPF50+ 50ml,72,129.0,9288.0,日常
2026-04-29,A005,防晒霜SPF50+ 50ml,79,129.0,10191.0,日常
2026-04-30,A005,防晒霜SPF50+ 50ml,80,129.0,10320.0,日常
2026-05-01,A005,防晒霜SPF50+ 50ml,105,129.0,13545.0,日常
2026-05-02,A005,防晒霜SPF50+ 50ml,146,129.0,18834.0,日常
2026-05-03,A005,防晒霜SPF50+ 50ml,117,129.0,15093.0,日常
2026-05-04,A005,防晒霜SPF50+ 50ml,118,129.0,15222.0,日常
2026-05-05,A005,防晒霜SPF50+ 50ml,108,129.0,13932.0,日常
2026-05-06,A005,防晒霜SPF50+ 50ml,108,129.0,13932.0,日常
2026-05-07,A005,防晒霜SPF50+ 50ml,98,129.0,12642.0,日常
2026-05-08,A005,防晒霜SPF50+ 50ml,121,129.0,15609.0,日常
2026-05-09,A005,防晒霜SPF50+ 50ml,124,129.0,15996.0,日常
2026-05-10,A005,防晒霜SPF50+ 50ml,102,129.0,13158.0,日常
2026-05-11,A005,防晒霜SPF50+ 50ml,105,129.0,13545.0,日常
2026-05-12,A005,防晒霜SPF50+ 50ml,122,129.0,15738.0,日常
2026-05-13,A005,防晒霜SPF50+ 50ml,127,129.0,16383.0,日常
2026-05-14,A005,防晒霜SPF50+ 50ml,108,129.0,13932.0,日常
2026-05-15,A005,防晒霜SPF50+ 50ml,89,129.0,11481.0,日常
2026-05-16,A005,防晒霜SPF50+ 50ml,103,129.0,13287.0,日常
2026-05-17,A005,防晒霜SPF50+ 50ml,152,129.0,19608.0,日常
2026-05-18,A005,防晒霜SPF50+ 50ml,97,129.0,12513.0,日常
2026-05-19,A005,防晒霜SPF50+ 50ml,122,129.0,15738.0,日常
2026-05-20,A005,防晒霜SPF50+ 50ml,116,129.0,14964.0,日常
2026-05-21,A005,防晒霜SPF50+ 50ml,91,129.0,11739.0,日常
2026-05-22,A005,防晒霜SPF50+ 50ml,102,129.0,13158.0,日常
2026-05-23,A005,防晒霜SPF50+ 50ml,124,129.0,15996.0,日常
2026-05-24,A005,防晒霜SPF50+ 50ml,148,129.0,19092.0,日常
2026-05-25,A005,防晒霜SPF50+ 50ml,105,129.0,13545.0,日常
2026-05-26,A005,防晒霜SPF50+ 50ml,109,129.0,14061.0,日常
2026-05-27,A005,防晒霜SPF50+ 50ml,128,129.0,16512.0,日常
2026-05-28,A005,防晒霜SPF50+ 50ml,121,129.0,15609.0,日常
2026-05-29,A005,防晒霜SPF50+ 50ml,110,129.0,14190.0,日常
2026-05-30,A005,防晒霜SPF50+ 50ml,133,129.0,17157.0,日常
2026-05-31,A005,防晒霜SPF50+ 50ml,152,129.0,19608.0,日常
2026-06-01,A005,防晒霜SPF50+ 50ml,536,109.6,58745.6,618大促
2026-06-02,A005,防晒霜SPF50+ 50ml,532,109.6,58307.2,618大促
2026-06-03,A005,防晒霜SPF50+ 50ml,585,109.6,64116.0,618大促
2026-06-04,A005,防晒霜SPF50+ 50ml,603,109.6,66088.8,618大促
2026-06-05,A005,防晒霜SPF50+ 50ml,543,109.6,59512.8,618大促
2026-06-06,A005,防晒霜SPF50+ 50ml,644,109.6,70582.4,618大促
2026-06-07,A005,防晒霜SPF50+ 50ml,767,109.6,84063.2,618大促
2026-06-08,A005,防晒霜SPF50+ 50ml,548,109.6,60060.8,618大促
2026-06-09,A005,防晒霜SPF50+ 50ml,556,109.6,60937.6,618大促
2026-06-10,A005,防晒霜SPF50+ 50ml,547,109.6,59951.2,618大促
2026-06-11,A005,防晒霜SPF50+ 50ml,662,109.6,72555.2,618大促
2026-06-12,A005,防晒霜SPF50+ 50ml,413,109.6,45264.8,618大促
2026-06-13,A005,防晒霜SPF50+ 50ml,645,109.6,70692.0,618大促
2026-06-14,A005,防晒霜SPF50+ 50ml,759,109.6,83186.4,618大促
2026-06-15,A005,防晒霜SPF50+ 50ml,567,109.6,62143.2,618大促
2026-06-16,A005,防晒霜SPF50+ 50ml,628,109.6,68828.8,618大促
2026-06-17,A005,防晒霜SPF50+ 50ml,707,109.6,77487.2,618大促
2026-06-18,A005,防晒霜SPF50+ 50ml,477,109.6,52279.2,618大促
2026-06-19,A005,防晒霜SPF50+ 50ml,171,129.0,22059.0,日常
