openclaw-supply-chain/workspace-supply-chain-inventory-forecaster/sales_history_2025-2026.csv
日期,SKU编号,商品名称,销量,单价,销售额,活动标记
2025-07-01,B001,补水面膜10片装,37,59.0,2183.0,日常
2025-07-02,B001,补水面膜10片装,48,59.0,2832.0,日常
2025-07-03,B001,补水面膜10片装,50,59.0,2950.0,日常
2025-07-04,B001,补水面膜10片装,42,59.0,2478.0,日常
2025-07-05,B001,补水面膜10片装,43,59.0,2537.0,日常
2025-07-06,B001,补水面膜10片装,47,59.0,2773.0,日常
2025-07-07,B001,补水面膜10片装,47,59.0,2773.0,日常
2025-07-08,B001,补水面膜10片装,48,59.0,2832.0,日常
2025-07-09,B001,补水面膜10片装,45,59.0,2655.0,日常
2025-07-10,B001,补水面膜10片装,38,59.0,2242.0,日常
2025-07-11,B001,补水面膜10片装,48,59.0,2832.0,日常
2025-07-12,B001,补水面膜10片装,59,59.0,3481.0,日常
2025-07-13,B001,补水面膜10片装,55,59.0,3245.0,日常
2025-07-14,B001,补水面膜10片装,57,59.0,3363.0,日常
2025-07-15,B001,补水面膜10片装,40,59.0,2360.0,日常
2025-07-16,B001,补水面膜10片装,48,59.0,2832.0,日常
2025-07-17,B001,补水面膜10片装,53,59.0,3127.0,日常
2025-07-18,B001,补水面膜10片装,53,59.0,3127.0,日常
2025-07-19,B001,补水面膜10片装,54,59.0,3186.0,日常
2025-07-20,B001,补水面膜10片装,62,59.0,3658.0,日常
2025-07-21,B001,补水面膜10片装,47,59.0,2773.0,日常
2025-07-22,B001,补水面膜10片装,55,59.0,3245.0,日常
2025-07-23,B001,补水面膜10片装,37,59.0,2183.0,日常
2025-07-24,B001,补水面膜10片装,52,59.0,3068.0,日常
2025-07-25,B001,补水面膜10片装,50,59.0,2950.0,日常
2025-07-26,B001,补水面膜10片装,51,59.0,3009.0,日常
2025-07-27,B001,补水面膜10片装,52,59.0,3068.0,日常
2025-07-28,B001,补水面膜10片装,49,59.0,2891.0,日常
2025-07-29,B001,补水面膜10片装,45,59.0,2655.0,日常
2025-07-30,B001,补水面膜10片装,37,59.0,2183.0,日常
2025-07-31,B001,补水面膜10片装,53,59.0,3127.0,日常
2025-08-01,B001,补水面膜10片装,39,59.0,2301.0,日常
2025-08-02,B001,补水面膜10片装,40,59.0,2360.0,日常
2025-08-03,B001,补水面膜10片装,51,59.0,3009.0,日常
2025-08-04,B001,补水面膜10片装,35,59.0,2065.0,日常
2025-08-05,B001,补水面膜10片装,51,59.0,3009.0,日常
2025-08-06,B001,补水面膜10片装,53,59.0,3127.0,日常
2025-08-07,B001,补水面膜10片装,40,59.0,2360.0,日常
2025-08-08,B001,补水面膜10片装,55,59.0,3245.0,日常
2025-08-09,B001,补水面膜10片装,54,59.0,3186.0,日常
2025-08-10,B001,补水面膜10片装,43,59.0,2537.0,日常
2025-08-11,B001,补水面膜10片装,45,59.0,2655.0,日常
2025-08-12,B001,补水面膜10片装,49,59.0,2891.0,日常
2025-08-13,B001,补水面膜10片装,46,59.0,2714.0,日常
2025-08-14,B001,补水面膜10片装,38,59.0,2242.0,日常
2025-08-15,B001,补水面膜10片装,43,59.0,2537.0,日常
2025-08-16,B001,补水面膜10片装,43,59.0,2537.0,日常
2025-08-17,B001,补水面膜10片装,48,59.0,2832.0,日常
2025-08-18,B001,补水面膜10片装,39,59.0,2301.0,日常
2025-08-19,B001,补水面膜10片装,40,59.0,2360.0,日常
2025-08-20,B001,补水面膜10片装,44,59.0,2596.0,日常
2025-08-21,B001,补水面膜10片装,42,59.0,2478.0,日常
2025-08-22,B001,补水面膜10片装,55,59.0,3245.0,日常
2025-08-23,B001,补水面膜10片装,51,59.0,3009.0,日常
2025-08-24,B001,补水面膜10片装,50,59.0,2950.0,日常
2025-08-25,B001,补水面膜10片装,49,59.0,2891.0,日常
2025-08-26,B001,补水面膜10片装,36,59.0,2124.0,日常
2025-08-27,B001,补水面膜10片装,49,59.0,2891.0,日常
2025-08-28,B001,补水面膜10片装,40,59.0,2360.0,日常
2025-08-29,B001,补水面膜10片装,41,59.0,2419.0,日常
2025-08-30,B001,补水面膜10片装,60,59.0,3540.0,日常
2025-08-31,B001,补水面膜10片装,45,59.0,2655.0,日常
2025-09-01,B001,补水面膜10片装,41,59.0,2419.0,日常
2025-09-02,B001,补水面膜10片装,43,59.0,2537.0,日常
2025-09-03,B001,补水面膜10片装,47,59.0,2773.0,日常
2025-09-04,B001,补水面膜10片装,54,59.0,3186.0,日常
2025-09-05,B001,补水面膜10片装,45,59.0,2655.0,日常
2025-09-06,B001,补水面膜10片装,47,59.0,2773.0,日常
2025-09-07,B001,补水面膜10片装,62,59.0,3658.0,日常
2025-09-08,B001,补水面膜10片装,45,59.0,2655.0,日常
2025-09-09,B001,补水面膜10片装,45,59.0,2655.0,日常
2025-09-10,B001,补水面膜10片装,39,59.0,2301.0,日常
2025-09-11,B001,补水面膜10片装,46,59.0,2714.0,日常
2025-09-12,B001,补水面膜10片装,44,59.0,2596.0,日常
2025-09-13,B001,补水面膜10片装,59,59.0,3481.0,日常
2025-09-14,B001,补水面膜10片装,50,59.0,2950.0,日常
2025-09-15,B001,补水面膜10片装,51,59.0,3009.0,日常
2025-09-16,B001,补水面膜10片装,41,59.0,2419.0,日常
2025-09-17,B001,补水面膜10片装,45,59.0,2655.0,日常
2025-09-18,B001,补水面膜10片装,44,59.0,2596.0,日常
2025-09-19,B001,补水面膜10片装,105,50.1,5260.5,99大促
2025-09-20,B001,补水面膜10片装,95,50.1,4759.5,99大促
2025-09-21,B001,补水面膜10片装,108,50.1,5410.8,99大促
2025-09-22,B001,补水面膜10片装,86,50.1,4308.6,99大促
2025-09-23,B001,补水面膜10片装,115,50.1,5761.5,99大促
2025-09-24,B001,补水面膜10片装,47,59.0,2773.0,日常
2025-09-25,B001,补水面膜10片装,50,59.0,2950.0,日常
2025-09-26,B001,补水面膜10片装,47,59.0,2773.0,日常
2025-09-27,B001,补水面膜10片装,48,59.0,2832.0,日常
2025-09-28,B001,补水面膜10片装,47,59.0,2773.0,日常
2025-09-29,B001,补水面膜10片装,42,59.0,2478.0,日常
2025-09-30,B001,补水面膜10片装,46,59.0,2714.0,日常
2025-10-01,B001,补水面膜10片装,48,59.0,2832.0,日常
2025-10-02,B001,补水面膜10片装,44,59.0,2596.0,日常
2025-10-03,B001,补水面膜10片装,51,59.0,3009.0,日常
2025-10-04,B001,补水面膜10片装,53,59.0,3127.0,日常
2025-10-05,B001,补水面膜10片装,43,59.0,2537.0,日常
2025-10-06,B001,补水面膜10片装,39,59.0,2301.0,日常
2025-10-07,B001,补水面膜10片装,44,59.0,2596.0,日常
2025-10-08,B001,补水面膜10片装,48,59.0,2832.0,日常
2025-10-09,B001,补水面膜10片装,44,59.0,2596.0,日常
2025-10-10,B001,补水面膜10片装,45,59.0,2655.0,日常
2025-10-11,B001,补水面膜10片装,46,59.0,2714.0,日常
2025-10-12,B001,补水面膜10片装,54,59.0,3186.0,日常
2025-10-13,B001,补水面膜10片装,45,59.0,2655.0,日常
2025-10-14,B001,补水面膜10片装,34,59.0,2006.0,日常
2025-10-15,B001,补水面膜10片装,44,59.0,2596.0,日常
2025-10-16,B001,补水面膜10片装,41,59.0,2419.0,日常
2025-10-17,B001,补水面膜10片装,46,59.0,2714.0,日常
2025-10-18,B001,补水面膜10片装,51,59.0,3009.0,日常
2025-10-19,B001,补水面膜10片装,51,59.0,3009.0,日常
2025-10-20,B001,补水面膜10片装,35,59.0,2065.0,日常
2025-10-21,B001,补水面膜10片装,43,59.0,2537.0,日常
2025-10-22,B001,补水面膜10片装,40,59.0,2360.0,日常
2025-10-23,B001,补水面膜10片装,51,59.0,3009.0,日常
2025-10-24,B001,补水面膜10片装,40,59.0,2360.0,日常
2025-10-25,B001,补水面膜10片装,46,59.0,2714.0,日常
2025-10-26,B001,补水面膜10片装,46,59.0,2714.0,日常
2025-10-27,B001,补水面膜10片装,41,59.0,2419.0,日常
2025-10-28,B001,补水面膜10片装,41,59.0,2419.0,日常
2025-10-29,B001,补水面膜10片装,43,59.0,2537.0,日常
2025-10-30,B001,补水面膜10片装,39,59.0,2301.0,日常
2025-10-31,B001,补水面膜10片装,40,59.0,2360.0,日常
2025-11-01,B001,补水面膜10片装,160,50.1,8016.0,双11
2025-11-02,B001,补水面膜10片装,187,50.1,9368.7,双11
2025-11-03,B001,补水面膜10片装,135,50.1,6763.5,双11
2025-11-04,B001,补水面膜10片装,165,50.1,8266.5,双11
2025-11-05,B001,补水面膜10片装,129,50.1,6462.9,双11
2025-11-06,B001,补水面膜10片装,160,50.1,8016.0,双11
2025-11-07,B001,补水面膜10片装,127,50.1,6362.7,双11
2025-11-08,B001,补水面膜10片装,160,50.1,8016.0,双11
2025-11-09,B001,补水面膜10片装,168,50.1,8416.8,双11
2025-11-10,B001,补水面膜10片装,162,50.1,8116.2,双11
2025-11-11,B001,补水面膜10片装,170,50.1,8517.0,双11
2025-11-12,B001,补水面膜10片装,137,50.1,6863.7,双11
2025-11-13,B001,补水面膜10片装,154,50.1,7715.4,双11
2025-11-14,B001,补水面膜10片装,38,59.0,2242.0,日常
2025-11-15,B001,补水面膜10片装,42,59.0,2478.0,日常
2025-11-16,B001,补水面膜10片装,56,59.0,3304.0,日常
2025-11-17,B001,补水面膜10片装,51,59.0,3009.0,日常
2025-11-18,B001,补水面膜10片装,34,59.0,2006.0,日常
2025-11-19,B001,补水面膜10片装,52,59.0,3068.0,日常
2025-11-20,B001,补水面膜10片装,51,59.0,3009.0,日常
2025-11-21,B001,补水面膜10片装,40,59.0,2360.0,日常
2025-11-22,B001,补水面膜10片装,42,59.0,2478.0,日常
2025-11-23,B001,补水面膜10片装,55,59.0,3245.0,日常
2025-11-24,B001,补水面膜10片装,49,59.0,2891.0,日常
2025-11-25,B001,补水面膜10片装,51,59.0,3009.0,日常
2025-11-26,B001,补水面膜10片装,48,59.0,2832.0,日常
2025-11-27,B001,补水面膜10片装,57,59.0,3363.0,日常
2025-11-28,B001,补水面膜10片装,53,59.0,3127.0,日常
2025-11-29,B001,补水面膜10片装,45,59.0,2655.0,日常
2025-11-30,B001,补水面膜10片装,57,59.0,3363.0,日常
2025-12-01,B001,补水面膜10片装,42,59.0,2478.0,日常
2025-12-02,B001,补水面膜10片装,54,59.0,3186.0,日常
2025-12-03,B001,补水面膜10片装,49,59.0,2891.0,日常
2025-12-04,B001,补水面膜10片装,52,59.0,3068.0,日常
2025-12-05,B001,补水面膜10片装,50,59.0,2950.0,日常
2025-12-06,B001,补水面膜10片装,52,59.0,3068.0,日常
2025-12-07,B001,补水面膜10片装,51,59.0,3009.0,日常
2025-12-08,B001,补水面膜10片装,46,59.0,2714.0,日常
2025-12-09,B001,补水面膜10片装,42,59.0,2478.0,日常
2025-12-10,B001,补水面膜10片装,40,59.0,2360.0,日常
2025-12-11,B001,补水面膜10片装,47,59.0,2773.0,日常
2025-12-12,B001,补水面膜10片装,71,50.1,3557.1,双12
2025-12-13,B001,补水面膜10片装,90,50.1,4509.0,双12
2025-12-14,B001,补水面膜10片装,89,50.1,4458.9,双12
2025-12-15,B001,补水面膜10片装,41,59.0,2419.0,日常
2025-12-16,B001,补水面膜10片装,44,59.0,2596.0,日常
2025-12-17,B001,补水面膜10片装,53,59.0,3127.0,日常
2025-12-18,B001,补水面膜10片装,53,59.0,3127.0,日常
2025-12-19,B001,补水面膜10片装,52,59.0,3068.0,日常
2025-12-20,B001,补水面膜10片装,52,59.0,3068.0,日常
2025-12-21,B001,补水面膜10片装,40,59.0,2360.0,日常
2025-12-22,B001,补水面膜10片装,44,59.0,2596.0,日常
2025-12-23,B001,补水面膜10片装,49,59.0,2891.0,日常
2025-12-24,B001,补水面膜10片装,40,59.0,2360.0,日常
2025-12-25,B001,补水面膜10片装,44,59.0,2596.0,日常
2025-12-26,B001,补水面膜10片装,37,59.0,2183.0,日常
2025-12-27,B001,补水面膜10片装,61,59.0,3599.0,日常
2025-12-28,B001,补水面膜10片装,52,59.0,3068.0,日常
2025-12-29,B001,补水面膜10片装,45,59.0,2655.0,日常
2025-12-30,B001,补水面膜10片装,45,59.0,2655.0,日常
2025-12-31,B001,补水面膜10片装,46,59.0,2714.0,日常
2026-01-01,B001,补水面膜10片装,45,59.0,2655.0,日常
2026-01-02,B001,补水面膜10片装,49,59.0,2891.0,日常
2026-01-03,B001,补水面膜10片装,58,59.0,3422.0,日常
2026-01-04,B001,补水面膜10片装,56,59.0,3304.0,日常
2026-01-05,B001,补水面膜10片装,46,59.0,2714.0,日常
2026-01-06,B001,补水面膜10片装,53,59.0,3127.0,日常
2026-01-07,B001,补水面膜10片装,49,59.0,2891.0,日常
2026-01-08,B001,补水面膜10片装,48,59.0,2832.0,日常
2026-01-09,B001,补水面膜10片装,43,59.0,2537.0,日常
2026-01-10,B001,补水面膜10片装,53,59.0,3127.0,日常
2026-01-11,B001,补水面膜10片装,69,59.0,4071.0,日常
2026-01-12,B001,补水面膜10片装,48,59.0,2832.0,日常
2026-01-13,B001,补水面膜10片装,47,59.0,2773.0,日常
2026-01-14,B001,补水面膜10片装,51,59.0,3009.0,日常
2026-01-15,B001,补水面膜10片装,52,59.0,3068.0,日常
2026-01-16,B001,补水面膜10片装,50,59.0,2950.0,日常
2026-01-17,B001,补水面膜10片装,57,59.0,3363.0,日常
2026-01-18,B001,补水面膜10片装,55,59.0,3245.0,日常
2026-01-19,B001,补水面膜10片装,40,59.0,2360.0,日常
2026-01-20,B001,补水面膜10片装,73,50.1,3657.3,年货节
2026-01-21,B001,补水面膜10片装,84,50.1,4208.4,年货节
2026-01-22,B001,补水面膜10片装,102,50.1,5110.2,年货节
2026-01-23,B001,补水面膜10片装,103,50.1,5160.3,年货节
2026-01-24,B001,补水面膜10片装,105,50.1,5260.5,年货节
2026-01-25,B001,补水面膜10片装,112,50.1,5611.2,年货节
2026-01-26,B001,补水面膜10片装,90,50.1,4509.0,年货节
2026-01-27,B001,补水面膜10片装,96,50.1,4809.6,年货节
2026-01-28,B001,补水面膜10片装,95,50.1,4759.5,年货节
2026-01-29,B001,补水面膜10片装,98,50.1,4909.8,年货节
2026-01-30,B001,补水面膜10片装,79,50.1,3957.9,年货节
2026-01-31,B001,补水面膜10片装,131,50.1,6563.1,年货节
2026-02-01,B001,补水面膜10片装,91,50.1,4559.1,年货节
2026-02-02,B001,补水面膜10片装,77,50.1,3857.7,年货节
2026-02-03,B001,补水面膜10片装,87,50.1,4358.7,年货节
2026-02-04,B001,补水面膜10片装,71,50.1,3557.1,年货节
2026-02-05,B001,补水面膜10片装,66,50.1,3306.6,年货节
2026-02-06,B001,补水面膜10片装,42,59.0,2478.0,日常
2026-02-07,B001,补水面膜10片装,59,59.0,3481.0,日常
2026-02-08,B001,补水面膜10片装,48,59.0,2832.0,日常
2026-02-09,B001,补水面膜10片装,39,59.0,2301.0,日常
2026-02-10,B001,补水面膜10片装,44,59.0,2596.0,日常
2026-02-11,B001,补水面膜10片装,42,59.0,2478.0,日常
2026-02-12,B001,补水面膜10片装,48,59.0,2832.0,日常
2026-02-13,B001,补水面膜10片装,44,59.0,2596.0,日常
2026-02-14,B001,补水面膜10片装,63,59.0,3717.0,日常
2026-02-15,B001,补水面膜10片装,54,59.0,3186.0,日常
2026-02-16,B001,补水面膜10片装,49,59.0,2891.0,日常
2026-02-17,B001,补水面膜10片装,45,59.0,2655.0,日常
2026-02-18,B001,补水面膜10片装,50,59.0,2950.0,日常
2026-02-19,B001,补水面膜10片装,47,59.0,2773.0,日常
2026-02-20,B001,补水面膜10片装,48,59.0,2832.0,日常
2026-02-21,B001,补水面膜10片装,44,59.0,2596.0,日常
2026-02-22,B001,补水面膜10片装,53,59.0,3127.0,日常
2026-02-23,B001,补水面膜10片装,49,59.0,2891.0,日常
2026-02-24,B001,补水面膜10片装,43,59.0,2537.0,日常
2026-02-25,B001,补水面膜10片装,42,59.0,2478.0,日常
2026-02-26,B001,补水面膜10片装,52,59.0,3068.0,日常
2026-02-27,B001,补水面膜10片装,43,59.0,2537.0,日常
2026-02-28,B001,补水面膜10片装,62,59.0,3658.0,日常
2026-03-01,B001,补水面膜10片装,40,59.0,2360.0,日常
2026-03-02,B001,补水面膜10片装,38,59.0,2242.0,日常
2026-03-03,B001,补水面膜10片装,45,59.0,2655.0,日常
2026-03-04,B001,补水面膜10片装,48,59.0,2832.0,日常
2026-03-05,B001,补水面膜10片装,52,59.0,3068.0,日常
2026-03-06,B001,补水面膜10片装,44,59.0,2596.0,日常
2026-03-07,B001,补水面膜10片装,60,59.0,3540.0,日常
2026-03-08,B001,补水面膜10片装,87,50.1,4358.7,38女王节
2026-03-09,B001,补水面膜10片装,63,50.1,3156.3,38女王节
2026-03-10,B001,补水面膜10片装,76,50.1,3807.6,38女王节
2026-03-11,B001,补水面膜10片装,45,59.0,2655.0,日常
2026-03-12,B001,补水面膜10片装,42,59.0,2478.0,日常
2026-03-13,B001,补水面膜10片装,50,59.0,2950.0,日常
2026-03-14,B001,补水面膜10片装,52,59.0,3068.0,日常
2026-03-15,B001,补水面膜10片装,54,59.0,3186.0,日常
2026-03-16,B001,补水面膜10片装,43,59.0,2537.0,日常
2026-03-17,B001,补水面膜10片装,48,59.0,2832.0,日常
2026-03-18,B001,补水面膜10片装,47,59.0,2773.0,日常
2026-03-19,B001,补水面膜10片装,42,59.0,2478.0,日常
2026-03-20,B001,补水面膜10片装,41,59.0,2419.0,日常
2026-03-21,B001,补水面膜10片装,53,59.0,3127.0,日常
2026-03-22,B001,补水面膜10片装,47,59.0,2773.0,日常
2026-03-23,B001,补水面膜10片装,43,59.0,2537.0,日常
2026-03-24,B001,补水面膜10片装,48,59.0,2832.0,日常
2026-03-25,B001,补水面膜10片装,51,59.0,3009.0,日常
2026-03-26,B001,补水面膜10片装,42,59.0,2478.0,日常
2026-03-27,B001,补水面膜10片装,45,59.0,2655.0,日常
2026-03-28,B001,补水面膜10片装,60,59.0,3540.0,日常
2026-03-29,B001,补水面膜10片装,52,59.0,3068.0,日常
2026-03-30,B001,补水面膜10片装,38,59.0,2242.0,日常
2026-03-31,B001,补水面膜10片装,45,59.0,2655.0,日常
2026-04-01,B001,补水面膜10片装,42,59.0,2478.0,日常
2026-04-02,B001,补水面膜10片装,52,59.0,3068.0,日常
2026-04-03,B001,补水面膜10片装,48,59.0,2832.0,日常
2026-04-04,B001,补水面膜10片装,46,59.0,2714.0,日常
2026-04-05,B001,补水面膜10片装,49,59.0,2891.0,日常
2026-04-06,B001,补水面膜10片装,29,59.0,1711.0,日常
2026-04-07,B001,补水面膜10片装,44,59.0,2596.0,日常
2026-04-08,B001,补水面膜10片装,47,59.0,2773.0,日常
2026-04-09,B001,补水面膜10片装,56,59.0,3304.0,日常
2026-04-10,B001,补水面膜10片装,54,59.0,3186.0,日常
2026-04-11,B001,补水面膜10片装,59,59.0,3481.0,日常
2026-04-12,B001,补水面膜10片装,47,59.0,2773.0,日常
2026-04-13,B001,补水面膜10片装,50,59.0,2950.0,日常
2026-04-14,B001,补水面膜10片装,50,59.0,2950.0,日常
2026-04-15,B001,补水面膜10片装,46,59.0,2714.0,日常
2026-04-16,B001,补水面膜10片装,37,59.0,2183.0,日常
2026-04-17,B001,补水面膜10片装,45,59.0,2655.0,日常
2026-04-18,B001,补水面膜10片装,47,59.0,2773.0,日常
2026-04-19,B001,补水面膜10片装,56,59.0,3304.0,日常
2026-04-20,B001,补水面膜10片装,49,59.0,2891.0,日常
2026-04-21,B001,补水面膜10片装,46,59.0,2714.0,日常
2026-04-22,B001,补水面膜10片装,37,59.0,2183.0,日常
2026-04-23,B001,补水面膜10片装,50,59.0,2950.0,日常
2026-04-24,B001,补水面膜10片装,36,59.0,2124.0,日常
2026-04-25,B001,补水面膜10片装,53,59.0,3127.0,日常
2026-04-26,B001,补水面膜10片装,59,59.0,3481.0,日常
2026-04-27,B001,补水面膜10片装,54,59.0,3186.0,日常
2026-04-28,B001,补水面膜10片装,48,59.0,2832.0,日常
2026-04-29,B001,补水面膜10片装,51,59.0,3009.0,日常
2026-04-30,B001,补水面膜10片装,58,59.0,3422.0,日常
2026-05-01,B001,补水面膜10片装,50,59.0,2950.0,日常
2026-05-02,B001,补水面膜10片装,52,59.0,3068.0,日常
2026-05-03,B001,补水面膜10片装,48,59.0,2832.0,日常
2026-05-04,B001,补水面膜10片装,43,59.0,2537.0,日常
2026-05-05,B001,补水面膜10片装,38,59.0,2242.0,日常
2026-05-06,B001,补水面膜10片装,41,59.0,2419.0,日常
2026-05-07,B001,补水面膜10片装,47,59.0,2773.0,日常
2026-05-08,B001,补水面膜10片装,39,59.0,2301.0,日常
2026-05-09,B001,补水面膜10片装,56,59.0,3304.0,日常
2026-05-10,B001,补水面膜10片装,53,59.0,3127.0,日常
2026-05-11,B001,补水面膜10片装,44,59.0,2596.0,日常
2026-05-12,B001,补水面膜10片装,50,59.0,2950.0,日常
2026-05-13,B001,补水面膜10片装,40,59.0,2360.0,日常
2026-05-14,B001,补水面膜10片装,51,59.0,3009.0,日常
2026-05-15,B001,补水面膜10片装,54,59.0,3186.0,日常
2026-05-16,B001,补水面膜10片装,48,59.0,2832.0,日常
2026-05-17,B001,补水面膜10片装,45,59.0,2655.0,日常
2026-05-18,B001,补水面膜10片装,44,59.0,2596.0,日常
2026-05-19,B001,补水面膜10片装,48,59.0,2832.0,日常
2026-05-20,B001,补水面膜10片装,41,59.0,2419.0,日常
2026-05-21,B001,补水面膜10片装,48,59.0,2832.0,日常
2026-05-22,B001,补水面膜10片装,38,59.0,2242.0,日常
2026-05-23,B001,补水面膜10片装,53,59.0,3127.0,日常
2026-05-24,B001,补水面膜10片装,44,59.0,2596.0,日常
2026-05-25,B001,补水面膜10片装,47,59.0,2773.0,日常
2026-05-26,B001,补水面膜10片装,40,59.0,2360.0,日常
2026-05-27,B001,补水面膜10片装,39,59.0,2301.0,日常
2026-05-28,B001,补水面膜10片装,47,59.0,2773.0,日常
2026-05-29,B001,补水面膜10片装,38,59.0,2242.0,日常
2026-05-30,B001,补水面膜10片装,57,59.0,3363.0,日常
2026-05-31,B001,补水面膜10片装,30,59.0,1770.0,日常
2026-06-01,B001,补水面膜10片装,131,50.1,6563.1,618大促
2026-06-02,B001,补水面膜10片装,159,50.1,7965.9,618大促
2026-06-03,B001,补水面膜10片装,181,50.1,9068.1,618大促
2026-06-04,B001,补水面膜10片装,153,50.1,7665.3,618大促
2026-06-05,B001,补水面膜10片装,107,50.1,5360.7,618大促
2026-06-06,B001,补水面膜10片装,132,50.1,6613.2,618大促
2026-06-07,B001,补水面膜10片装,163,50.1,8166.3,618大促
2026-06-08,B001,补水面膜10片装,125,50.1,6262.5,618大促
2026-06-09,B001,补水面膜10片装,146,50.1,7314.6,618大促
2026-06-10,B001,补水面膜10片装,138,50.1,6913.8,618大促
2026-06-11,B001,补水面膜10片装,148,50.1,7414.8,618大促
2026-06-12,B001,补水面膜10片装,122,50.1,6112.2,618大促
2026-06-13,B001,补水面膜10片装,138,50.1,6913.8,618大促
2026-06-14,B001,补水面膜10片装,120,50.1,6012.0,618大促
2026-06-15,B001,补水面膜10片装,151,50.1,7565.1,618大促
2026-06-16,B001,补水面膜10片装,121,50.1,6062.1,618大促
2026-06-17,B001,补水面膜10片装,140,50.1,7014.0,618大促
2026-06-18,B001,补水面膜10片装,143,50.1,7164.3,618大促
2026-06-19,B001,补水面膜10片装,40,59.0,2360.0,日常
