openclaw-supply-chain/workspace-supply-chain-inventory-forecaster/sales_history_2025-2026.csv
日期,SKU编号,商品名称,销量,单价,销售额,活动标记
2025-07-01,B002,眼霜15ml,31,169.0,5239.0,日常
2025-07-02,B002,眼霜15ml,25,169.0,4225.0,日常
2025-07-03,B002,眼霜15ml,32,169.0,5408.0,日常
2025-07-04,B002,眼霜15ml,32,169.0,5408.0,日常
2025-07-05,B002,眼霜15ml,35,169.0,5915.0,日常
2025-07-06,B002,眼霜15ml,33,169.0,5577.0,日常
2025-07-07,B002,眼霜15ml,34,169.0,5746.0,日常
2025-07-08,B002,眼霜15ml,28,169.0,4732.0,日常
2025-07-09,B002,眼霜15ml,38,169.0,6422.0,日常
2025-07-10,B002,眼霜15ml,31,169.0,5239.0,日常
2025-07-11,B002,眼霜15ml,27,169.0,4563.0,日常
2025-07-12,B002,眼霜15ml,32,169.0,5408.0,日常
2025-07-13,B002,眼霜15ml,36,169.0,6084.0,日常
2025-07-14,B002,眼霜15ml,28,169.0,4732.0,日常
2025-07-15,B002,眼霜15ml,25,169.0,4225.0,日常
2025-07-16,B002,眼霜15ml,31,169.0,5239.0,日常
2025-07-17,B002,眼霜15ml,30,169.0,5070.0,日常
2025-07-18,B002,眼霜15ml,25,169.0,4225.0,日常
2025-07-19,B002,眼霜15ml,38,169.0,6422.0,日常
2025-07-20,B002,眼霜15ml,35,169.0,5915.0,日常
2025-07-21,B002,眼霜15ml,27,169.0,4563.0,日常
2025-07-22,B002,眼霜15ml,23,169.0,3887.0,日常
2025-07-23,B002,眼霜15ml,31,169.0,5239.0,日常
2025-07-24,B002,眼霜15ml,29,169.0,4901.0,日常
2025-07-25,B002,眼霜15ml,30,169.0,5070.0,日常
2025-07-26,B002,眼霜15ml,31,169.0,5239.0,日常
2025-07-27,B002,眼霜15ml,29,169.0,4901.0,日常
2025-07-28,B002,眼霜15ml,24,169.0,4056.0,日常
2025-07-29,B002,眼霜15ml,30,169.0,5070.0,日常
2025-07-30,B002,眼霜15ml,21,169.0,3549.0,日常
2025-07-31,B002,眼霜15ml,30,169.0,5070.0,日常
2025-08-01,B002,眼霜15ml,32,169.0,5408.0,日常
2025-08-02,B002,眼霜15ml,28,169.0,4732.0,日常
2025-08-03,B002,眼霜15ml,34,169.0,5746.0,日常
2025-08-04,B002,眼霜15ml,30,169.0,5070.0,日常
2025-08-05,B002,眼霜15ml,34,169.0,5746.0,日常
2025-08-06,B002,眼霜15ml,33,169.0,5577.0,日常
2025-08-07,B002,眼霜15ml,31,169.0,5239.0,日常
2025-08-08,B002,眼霜15ml,26,169.0,4394.0,日常
2025-08-09,B002,眼霜15ml,32,169.0,5408.0,日常
2025-08-10,B002,眼霜15ml,27,169.0,4563.0,日常
2025-08-11,B002,眼霜15ml,32,169.0,5408.0,日常
2025-08-12,B002,眼霜15ml,30,169.0,5070.0,日常
2025-08-13,B002,眼霜15ml,31,169.0,5239.0,日常
2025-08-14,B002,眼霜15ml,30,169.0,5070.0,日常
2025-08-15,B002,眼霜15ml,28,169.0,4732.0,日常
2025-08-16,B002,眼霜15ml,29,169.0,4901.0,日常
2025-08-17,B002,眼霜15ml,28,169.0,4732.0,日常
2025-08-18,B002,眼霜15ml,28,169.0,4732.0,日常
2025-08-19,B002,眼霜15ml,24,169.0,4056.0,日常
2025-08-20,B002,眼霜15ml,26,169.0,4394.0,日常
2025-08-21,B002,眼霜15ml,28,169.0,4732.0,日常
2025-08-22,B002,眼霜15ml,32,169.0,5408.0,日常
2025-08-23,B002,眼霜15ml,38,169.0,6422.0,日常
2025-08-24,B002,眼霜15ml,34,169.0,5746.0,日常
2025-08-25,B002,眼霜15ml,27,169.0,4563.0,日常
2025-08-26,B002,眼霜15ml,27,169.0,4563.0,日常
2025-08-27,B002,眼霜15ml,27,169.0,4563.0,日常
2025-08-28,B002,眼霜15ml,30,169.0,5070.0,日常
2025-08-29,B002,眼霜15ml,27,169.0,4563.0,日常
2025-08-30,B002,眼霜15ml,31,169.0,5239.0,日常
2025-08-31,B002,眼霜15ml,28,169.0,4732.0,日常
2025-09-01,B002,眼霜15ml,22,169.0,3718.0,日常
2025-09-02,B002,眼霜15ml,20,169.0,3380.0,日常
2025-09-03,B002,眼霜15ml,37,169.0,6253.0,日常
2025-09-04,B002,眼霜15ml,34,169.0,5746.0,日常
2025-09-05,B002,眼霜15ml,27,169.0,4563.0,日常
2025-09-06,B002,眼霜15ml,29,169.0,4901.0,日常
2025-09-07,B002,眼霜15ml,42,169.0,7098.0,日常
2025-09-08,B002,眼霜15ml,25,169.0,4225.0,日常
2025-09-09,B002,眼霜15ml,26,169.0,4394.0,日常
2025-09-10,B002,眼霜15ml,29,169.0,4901.0,日常
2025-09-11,B002,眼霜15ml,25,169.0,4225.0,日常
2025-09-12,B002,眼霜15ml,31,169.0,5239.0,日常
2025-09-13,B002,眼霜15ml,29,169.0,4901.0,日常
2025-09-14,B002,眼霜15ml,31,169.0,5239.0,日常
2025-09-15,B002,眼霜15ml,30,169.0,5070.0,日常
2025-09-16,B002,眼霜15ml,31,169.0,5239.0,日常
2025-09-17,B002,眼霜15ml,31,169.0,5239.0,日常
2025-09-18,B002,眼霜15ml,26,169.0,4394.0,日常
2025-09-19,B002,眼霜15ml,61,143.7,8765.7,99大促
2025-09-20,B002,眼霜15ml,66,143.7,9484.2,99大促
2025-09-21,B002,眼霜15ml,83,143.7,11927.1,99大促
2025-09-22,B002,眼霜15ml,65,143.7,9340.5,99大促
2025-09-23,B002,眼霜15ml,60,143.7,8622.0,99大促
2025-09-24,B002,眼霜15ml,30,169.0,5070.0,日常
2025-09-25,B002,眼霜15ml,32,169.0,5408.0,日常
2025-09-26,B002,眼霜15ml,32,169.0,5408.0,日常
2025-09-27,B002,眼霜15ml,32,169.0,5408.0,日常
2025-09-28,B002,眼霜15ml,33,169.0,5577.0,日常
2025-09-29,B002,眼霜15ml,29,169.0,4901.0,日常
2025-09-30,B002,眼霜15ml,33,169.0,5577.0,日常
2025-10-01,B002,眼霜15ml,32,169.0,5408.0,日常
2025-10-02,B002,眼霜15ml,30,169.0,5070.0,日常
2025-10-03,B002,眼霜15ml,29,169.0,4901.0,日常
2025-10-04,B002,眼霜15ml,30,169.0,5070.0,日常
2025-10-05,B002,眼霜15ml,40,169.0,6760.0,日常
2025-10-06,B002,眼霜15ml,34,169.0,5746.0,日常
2025-10-07,B002,眼霜15ml,29,169.0,4901.0,日常
2025-10-08,B002,眼霜15ml,27,169.0,4563.0,日常
2025-10-09,B002,眼霜15ml,35,169.0,5915.0,日常
2025-10-10,B002,眼霜15ml,31,169.0,5239.0,日常
2025-10-11,B002,眼霜15ml,37,169.0,6253.0,日常
2025-10-12,B002,眼霜15ml,29,169.0,4901.0,日常
2025-10-13,B002,眼霜15ml,23,169.0,3887.0,日常
2025-10-14,B002,眼霜15ml,33,169.0,5577.0,日常
2025-10-15,B002,眼霜15ml,28,169.0,4732.0,日常
2025-10-16,B002,眼霜15ml,26,169.0,4394.0,日常
2025-10-17,B002,眼霜15ml,26,169.0,4394.0,日常
2025-10-18,B002,眼霜15ml,37,169.0,6253.0,日常
2025-10-19,B002,眼霜15ml,33,169.0,5577.0,日常
2025-10-20,B002,眼霜15ml,32,169.0,5408.0,日常
2025-10-21,B002,眼霜15ml,33,169.0,5577.0,日常
2025-10-22,B002,眼霜15ml,27,169.0,4563.0,日常
2025-10-23,B002,眼霜15ml,34,169.0,5746.0,日常
2025-10-24,B002,眼霜15ml,26,169.0,4394.0,日常
2025-10-25,B002,眼霜15ml,34,169.0,5746.0,日常
2025-10-26,B002,眼霜15ml,29,169.0,4901.0,日常
2025-10-27,B002,眼霜15ml,29,169.0,4901.0,日常
2025-10-28,B002,眼霜15ml,30,169.0,5070.0,日常
2025-10-29,B002,眼霜15ml,29,169.0,4901.0,日常
2025-10-30,B002,眼霜15ml,27,169.0,4563.0,日常
2025-10-31,B002,眼霜15ml,34,169.0,5746.0,日常
2025-11-01,B002,眼霜15ml,117,143.7,16812.9,双11
2025-11-02,B002,眼霜15ml,110,143.7,15807.0,双11
2025-11-03,B002,眼霜15ml,107,143.7,15375.9,双11
2025-11-04,B002,眼霜15ml,85,143.7,12214.5,双11
2025-11-05,B002,眼霜15ml,99,143.7,14226.3,双11
2025-11-06,B002,眼霜15ml,106,143.7,15232.2,双11
2025-11-07,B002,眼霜15ml,110,143.7,15807.0,双11
2025-11-08,B002,眼霜15ml,122,143.7,17531.4,双11
2025-11-09,B002,眼霜15ml,146,143.7,20980.2,双11
2025-11-10,B002,眼霜15ml,92,143.7,13220.4,双11
2025-11-11,B002,眼霜15ml,113,143.7,16238.1,双11
2025-11-12,B002,眼霜15ml,93,143.7,13364.1,双11
2025-11-13,B002,眼霜15ml,107,143.7,15375.9,双11
2025-11-14,B002,眼霜15ml,22,169.0,3718.0,日常
2025-11-15,B002,眼霜15ml,31,169.0,5239.0,日常
2025-11-16,B002,眼霜15ml,34,169.0,5746.0,日常
2025-11-17,B002,眼霜15ml,21,169.0,3549.0,日常
2025-11-18,B002,眼霜15ml,26,169.0,4394.0,日常
2025-11-19,B002,眼霜15ml,29,169.0,4901.0,日常
2025-11-20,B002,眼霜15ml,30,169.0,5070.0,日常
2025-11-21,B002,眼霜15ml,32,169.0,5408.0,日常
2025-11-22,B002,眼霜15ml,32,169.0,5408.0,日常
2025-11-23,B002,眼霜15ml,35,169.0,5915.0,日常
2025-11-24,B002,眼霜15ml,26,169.0,4394.0,日常
2025-11-25,B002,眼霜15ml,32,169.0,5408.0,日常
2025-11-26,B002,眼霜15ml,31,169.0,5239.0,日常
2025-11-27,B002,眼霜15ml,24,169.0,4056.0,日常
2025-11-28,B002,眼霜15ml,27,169.0,4563.0,日常
2025-11-29,B002,眼霜15ml,42,169.0,7098.0,日常
2025-11-30,B002,眼霜15ml,29,169.0,4901.0,日常
2025-12-01,B002,眼霜15ml,27,169.0,4563.0,日常
2025-12-02,B002,眼霜15ml,24,169.0,4056.0,日常
2025-12-03,B002,眼霜15ml,29,169.0,4901.0,日常
2025-12-04,B002,眼霜15ml,35,169.0,5915.0,日常
2025-12-05,B002,眼霜15ml,25,169.0,4225.0,日常
2025-12-06,B002,眼霜15ml,31,169.0,5239.0,日常
2025-12-07,B002,眼霜15ml,41,169.0,6929.0,日常
2025-12-08,B002,眼霜15ml,31,169.0,5239.0,日常
2025-12-09,B002,眼霜15ml,29,169.0,4901.0,日常
2025-12-10,B002,眼霜15ml,30,169.0,5070.0,日常
2025-12-11,B002,眼霜15ml,26,169.0,4394.0,日常
2025-12-12,B002,眼霜15ml,63,143.7,9053.1,双12
2025-12-13,B002,眼霜15ml,69,143.7,9915.3,双12
2025-12-14,B002,眼霜15ml,64,143.7,9196.8,双12
2025-12-15,B002,眼霜15ml,29,169.0,4901.0,日常
2025-12-16,B002,眼霜15ml,27,169.0,4563.0,日常
2025-12-17,B002,眼霜15ml,34,169.0,5746.0,日常
2025-12-18,B002,眼霜15ml,31,169.0,5239.0,日常
2025-12-19,B002,眼霜15ml,20,169.0,3380.0,日常
2025-12-20,B002,眼霜15ml,33,169.0,5577.0,日常
2025-12-21,B002,眼霜15ml,40,169.0,6760.0,日常
2025-12-22,B002,眼霜15ml,29,169.0,4901.0,日常
2025-12-23,B002,眼霜15ml,26,169.0,4394.0,日常
2025-12-24,B002,眼霜15ml,24,169.0,4056.0,日常
2025-12-25,B002,眼霜15ml,28,169.0,4732.0,日常
2025-12-26,B002,眼霜15ml,33,169.0,5577.0,日常
2025-12-27,B002,眼霜15ml,36,169.0,6084.0,日常
2025-12-28,B002,眼霜15ml,35,169.0,5915.0,日常
2025-12-29,B002,眼霜15ml,30,169.0,5070.0,日常
2025-12-30,B002,眼霜15ml,30,169.0,5070.0,日常
2025-12-31,B002,眼霜15ml,32,169.0,5408.0,日常
2026-01-01,B002,眼霜15ml,35,169.0,5915.0,日常
2026-01-02,B002,眼霜15ml,28,169.0,4732.0,日常
2026-01-03,B002,眼霜15ml,29,169.0,4901.0,日常
2026-01-04,B002,眼霜15ml,35,169.0,5915.0,日常
2026-01-05,B002,眼霜15ml,34,169.0,5746.0,日常
2026-01-06,B002,眼霜15ml,34,169.0,5746.0,日常
2026-01-07,B002,眼霜15ml,30,169.0,5070.0,日常
2026-01-08,B002,眼霜15ml,23,169.0,3887.0,日常
2026-01-09,B002,眼霜15ml,33,169.0,5577.0,日常
2026-01-10,B002,眼霜15ml,30,169.0,5070.0,日常
2026-01-11,B002,眼霜15ml,37,169.0,6253.0,日常
2026-01-12,B002,眼霜15ml,26,169.0,4394.0,日常
2026-01-13,B002,眼霜15ml,35,169.0,5915.0,日常
2026-01-14,B002,眼霜15ml,33,169.0,5577.0,日常
2026-01-15,B002,眼霜15ml,30,169.0,5070.0,日常
2026-01-16,B002,眼霜15ml,29,169.0,4901.0,日常
2026-01-17,B002,眼霜15ml,32,169.0,5408.0,日常
2026-01-18,B002,眼霜15ml,32,169.0,5408.0,日常
2026-01-19,B002,眼霜15ml,31,169.0,5239.0,日常
2026-01-20,B002,眼霜15ml,57,143.7,8190.9,年货节
2026-01-21,B002,眼霜15ml,52,143.7,7472.4,年货节
2026-01-22,B002,眼霜15ml,50,143.7,7185.0,年货节
2026-01-23,B002,眼霜15ml,35,143.7,5029.5,年货节
2026-01-24,B002,眼霜15ml,54,143.7,7759.8,年货节
2026-01-25,B002,眼霜15ml,58,143.7,8334.6,年货节
2026-01-26,B002,眼霜15ml,56,143.7,8047.2,年货节
2026-01-27,B002,眼霜15ml,58,143.7,8334.6,年货节
2026-01-28,B002,眼霜15ml,57,143.7,8190.9,年货节
2026-01-29,B002,眼霜15ml,62,143.7,8909.4,年货节
2026-01-30,B002,眼霜15ml,48,143.7,6897.6,年货节
2026-01-31,B002,眼霜15ml,60,143.7,8622.0,年货节
2026-02-01,B002,眼霜15ml,56,143.7,8047.2,年货节
2026-02-02,B002,眼霜15ml,59,143.7,8478.3,年货节
2026-02-03,B002,眼霜15ml,52,143.7,7472.4,年货节
2026-02-04,B002,眼霜15ml,60,143.7,8622.0,年货节
2026-02-05,B002,眼霜15ml,48,143.7,6897.6,年货节
2026-02-06,B002,眼霜15ml,26,169.0,4394.0,日常
2026-02-07,B002,眼霜15ml,36,169.0,6084.0,日常
2026-02-08,B002,眼霜15ml,32,169.0,5408.0,日常
2026-02-09,B002,眼霜15ml,35,169.0,5915.0,日常
2026-02-10,B002,眼霜15ml,31,169.0,5239.0,日常
2026-02-11,B002,眼霜15ml,24,169.0,4056.0,日常
2026-02-12,B002,眼霜15ml,28,169.0,4732.0,日常
2026-02-13,B002,眼霜15ml,27,169.0,4563.0,日常
2026-02-14,B002,眼霜15ml,30,169.0,5070.0,日常
2026-02-15,B002,眼霜15ml,37,169.0,6253.0,日常
2026-02-16,B002,眼霜15ml,30,169.0,5070.0,日常
2026-02-17,B002,眼霜15ml,32,169.0,5408.0,日常
2026-02-18,B002,眼霜15ml,27,169.0,4563.0,日常
2026-02-19,B002,眼霜15ml,28,169.0,4732.0,日常
2026-02-20,B002,眼霜15ml,29,169.0,4901.0,日常
2026-02-21,B002,眼霜15ml,31,169.0,5239.0,日常
2026-02-22,B002,眼霜15ml,37,169.0,6253.0,日常
2026-02-23,B002,眼霜15ml,25,169.0,4225.0,日常
2026-02-24,B002,眼霜15ml,24,169.0,4056.0,日常
2026-02-25,B002,眼霜15ml,29,169.0,4901.0,日常
2026-02-26,B002,眼霜15ml,34,169.0,5746.0,日常
2026-02-27,B002,眼霜15ml,35,169.0,5915.0,日常
2026-02-28,B002,眼霜15ml,40,169.0,6760.0,日常
2026-03-01,B002,眼霜15ml,39,169.0,6591.0,日常
2026-03-02,B002,眼霜15ml,24,169.0,4056.0,日常
2026-03-03,B002,眼霜15ml,32,169.0,5408.0,日常
2026-03-04,B002,眼霜15ml,29,169.0,4901.0,日常
2026-03-05,B002,眼霜15ml,20,169.0,3380.0,日常
2026-03-06,B002,眼霜15ml,34,169.0,5746.0,日常
2026-03-07,B002,眼霜15ml,35,169.0,5915.0,日常
2026-03-08,B002,眼霜15ml,56,143.7,8047.2,38女王节
2026-03-09,B002,眼霜15ml,40,143.7,5748.0,38女王节
2026-03-10,B002,眼霜15ml,50,143.7,7185.0,38女王节
2026-03-11,B002,眼霜15ml,29,169.0,4901.0,日常
2026-03-12,B002,眼霜15ml,31,169.0,5239.0,日常
2026-03-13,B002,眼霜15ml,32,169.0,5408.0,日常
2026-03-14,B002,眼霜15ml,34,169.0,5746.0,日常
2026-03-15,B002,眼霜15ml,31,169.0,5239.0,日常
2026-03-16,B002,眼霜15ml,32,169.0,5408.0,日常
2026-03-17,B002,眼霜15ml,24,169.0,4056.0,日常
2026-03-18,B002,眼霜15ml,31,169.0,5239.0,日常
2026-03-19,B002,眼霜15ml,28,169.0,4732.0,日常
2026-03-20,B002,眼霜15ml,30,169.0,5070.0,日常
2026-03-21,B002,眼霜15ml,35,169.0,5915.0,日常
2026-03-22,B002,眼霜15ml,39,169.0,6591.0,日常
2026-03-23,B002,眼霜15ml,26,169.0,4394.0,日常
2026-03-24,B002,眼霜15ml,28,169.0,4732.0,日常
2026-03-25,B002,眼霜15ml,30,169.0,5070.0,日常
2026-03-26,B002,眼霜15ml,31,169.0,5239.0,日常
2026-03-27,B002,眼霜15ml,35,169.0,5915.0,日常
2026-03-28,B002,眼霜15ml,32,169.0,5408.0,日常
2026-03-29,B002,眼霜15ml,33,169.0,5577.0,日常
2026-03-30,B002,眼霜15ml,34,169.0,5746.0,日常
2026-03-31,B002,眼霜15ml,28,169.0,4732.0,日常
2026-04-01,B002,眼霜15ml,31,169.0,5239.0,日常
2026-04-02,B002,眼霜15ml,24,169.0,4056.0,日常
2026-04-03,B002,眼霜15ml,34,169.0,5746.0,日常
2026-04-04,B002,眼霜15ml,33,169.0,5577.0,日常
2026-04-05,B002,眼霜15ml,40,169.0,6760.0,日常
2026-04-06,B002,眼霜15ml,29,169.0,4901.0,日常
2026-04-07,B002,眼霜15ml,23,169.0,3887.0,日常
2026-04-08,B002,眼霜15ml,33,169.0,5577.0,日常
2026-04-09,B002,眼霜15ml,32,169.0,5408.0,日常
2026-04-10,B002,眼霜15ml,31,169.0,5239.0,日常
2026-04-11,B002,眼霜15ml,31,169.0,5239.0,日常
2026-04-12,B002,眼霜15ml,37,169.0,6253.0,日常
2026-04-13,B002,眼霜15ml,32,169.0,5408.0,日常
2026-04-14,B002,眼霜15ml,29,169.0,4901.0,日常
2026-04-15,B002,眼霜15ml,30,169.0,5070.0,日常
2026-04-16,B002,眼霜15ml,28,169.0,4732.0,日常
2026-04-17,B002,眼霜15ml,36,169.0,6084.0,日常
2026-04-18,B002,眼霜15ml,35,169.0,5915.0,日常
2026-04-19,B002,眼霜15ml,29,169.0,4901.0,日常
2026-04-20,B002,眼霜15ml,32,169.0,5408.0,日常
2026-04-21,B002,眼霜15ml,32,169.0,5408.0,日常
2026-04-22,B002,眼霜15ml,29,169.0,4901.0,日常
2026-04-23,B002,眼霜15ml,27,169.0,4563.0,日常
2026-04-24,B002,眼霜15ml,23,169.0,3887.0,日常
2026-04-25,B002,眼霜15ml,31,169.0,5239.0,日常
2026-04-26,B002,眼霜15ml,30,169.0,5070.0,日常
2026-04-27,B002,眼霜15ml,26,169.0,4394.0,日常
2026-04-28,B002,眼霜15ml,27,169.0,4563.0,日常
2026-04-29,B002,眼霜15ml,29,169.0,4901.0,日常
2026-04-30,B002,眼霜15ml,25,169.0,4225.0,日常
2026-05-01,B002,眼霜15ml,25,169.0,4225.0,日常
2026-05-02,B002,眼霜15ml,28,169.0,4732.0,日常
2026-05-03,B002,眼霜15ml,36,169.0,6084.0,日常
2026-05-04,B002,眼霜15ml,30,169.0,5070.0,日常
2026-05-05,B002,眼霜15ml,32,169.0,5408.0,日常
2026-05-06,B002,眼霜15ml,24,169.0,4056.0,日常
2026-05-07,B002,眼霜15ml,26,169.0,4394.0,日常
2026-05-08,B002,眼霜15ml,27,169.0,4563.0,日常
2026-05-09,B002,眼霜15ml,32,169.0,5408.0,日常
2026-05-10,B002,眼霜15ml,33,169.0,5577.0,日常
2026-05-11,B002,眼霜15ml,23,169.0,3887.0,日常
2026-05-12,B002,眼霜15ml,28,169.0,4732.0,日常
2026-05-13,B002,眼霜15ml,30,169.0,5070.0,日常
2026-05-14,B002,眼霜15ml,28,169.0,4732.0,日常
2026-05-15,B002,眼霜15ml,25,169.0,4225.0,日常
2026-05-16,B002,眼霜15ml,38,169.0,6422.0,日常
2026-05-17,B002,眼霜15ml,33,169.0,5577.0,日常
2026-05-18,B002,眼霜15ml,32,169.0,5408.0,日常
2026-05-19,B002,眼霜15ml,34,169.0,5746.0,日常
2026-05-20,B002,眼霜15ml,29,169.0,4901.0,日常
2026-05-21,B002,眼霜15ml,39,169.0,6591.0,日常
2026-05-22,B002,眼霜15ml,30,169.0,5070.0,日常
2026-05-23,B002,眼霜15ml,27,169.0,4563.0,日常
2026-05-24,B002,眼霜15ml,37,169.0,6253.0,日常
2026-05-25,B002,眼霜15ml,29,169.0,4901.0,日常
2026-05-26,B002,眼霜15ml,26,169.0,4394.0,日常
2026-05-27,B002,眼霜15ml,30,169.0,5070.0,日常
2026-05-28,B002,眼霜15ml,27,169.0,4563.0,日常
2026-05-29,B002,眼霜15ml,32,169.0,5408.0,日常
2026-05-30,B002,眼霜15ml,36,169.0,6084.0,日常
2026-05-31,B002,眼霜15ml,29,169.0,4901.0,日常
2026-06-01,B002,眼霜15ml,70,143.7,10059.0,618大促
2026-06-02,B002,眼霜15ml,70,143.7,10059.0,618大促
2026-06-03,B002,眼霜15ml,90,143.7,12933.0,618大促
2026-06-04,B002,眼霜15ml,91,143.7,13076.7,618大促
2026-06-05,B002,眼霜15ml,82,143.7,11783.4,618大促
2026-06-06,B002,眼霜15ml,108,143.7,15519.6,618大促
2026-06-07,B002,眼霜15ml,101,143.7,14513.7,618大促
2026-06-08,B002,眼霜15ml,79,143.7,11352.3,618大促
2026-06-09,B002,眼霜15ml,70,143.7,10059.0,618大促
2026-06-10,B002,眼霜15ml,87,143.7,12501.9,618大促
2026-06-11,B002,眼霜15ml,99,143.7,14226.3,618大促
2026-06-12,B002,眼霜15ml,77,143.7,11064.9,618大促
2026-06-13,B002,眼霜15ml,89,143.7,12789.3,618大促
2026-06-14,B002,眼霜15ml,110,143.7,15807.0,618大促
2026-06-15,B002,眼霜15ml,80,143.7,11496.0,618大促
2026-06-16,B002,眼霜15ml,97,143.7,13938.9,618大促
2026-06-17,B002,眼霜15ml,79,143.7,11352.3,618大促
2026-06-18,B002,眼霜15ml,75,143.7,10777.5,618大促
2026-06-19,B002,眼霜15ml,27,169.0,4563.0,日常
