openclaw-supply-chain/workspace-supply-chain-inventory-forecaster/sales_history_2025-2026.csv
日期,SKU编号,商品名称,销量,单价,销售额,活动标记
2025-07-01,B003,身体乳250ml,24,79.0,1896.0,日常
2025-07-02,B003,身体乳250ml,24,79.0,1896.0,日常
2025-07-03,B003,身体乳250ml,21,79.0,1659.0,日常
2025-07-04,B003,身体乳250ml,24,79.0,1896.0,日常
2025-07-05,B003,身体乳250ml,30,79.0,2370.0,日常
2025-07-06,B003,身体乳250ml,22,79.0,1738.0,日常
2025-07-07,B003,身体乳250ml,25,79.0,1975.0,日常
2025-07-08,B003,身体乳250ml,23,79.0,1817.0,日常
2025-07-09,B003,身体乳250ml,26,79.0,2054.0,日常
2025-07-10,B003,身体乳250ml,24,79.0,1896.0,日常
2025-07-11,B003,身体乳250ml,28,79.0,2212.0,日常
2025-07-12,B003,身体乳250ml,23,79.0,1817.0,日常
2025-07-13,B003,身体乳250ml,27,79.0,2133.0,日常
2025-07-14,B003,身体乳250ml,26,79.0,2054.0,日常
2025-07-15,B003,身体乳250ml,23,79.0,1817.0,日常
2025-07-16,B003,身体乳250ml,21,79.0,1659.0,日常
2025-07-17,B003,身体乳250ml,28,79.0,2212.0,日常
2025-07-18,B003,身体乳250ml,24,79.0,1896.0,日常
2025-07-19,B003,身体乳250ml,32,79.0,2528.0,日常
2025-07-20,B003,身体乳250ml,27,79.0,2133.0,日常
2025-07-21,B003,身体乳250ml,31,79.0,2449.0,日常
2025-07-22,B003,身体乳250ml,27,79.0,2133.0,日常
2025-07-23,B003,身体乳250ml,31,79.0,2449.0,日常
2025-07-24,B003,身体乳250ml,26,79.0,2054.0,日常
2025-07-25,B003,身体乳250ml,30,79.0,2370.0,日常
2025-07-26,B003,身体乳250ml,28,79.0,2212.0,日常
2025-07-27,B003,身体乳250ml,31,79.0,2449.0,日常
2025-07-28,B003,身体乳250ml,24,79.0,1896.0,日常
2025-07-29,B003,身体乳250ml,25,79.0,1975.0,日常
2025-07-30,B003,身体乳250ml,19,79.0,1501.0,日常
2025-07-31,B003,身体乳250ml,21,79.0,1659.0,日常
2025-08-01,B003,身体乳250ml,23,79.0,1817.0,日常
2025-08-02,B003,身体乳250ml,32,79.0,2528.0,日常
2025-08-03,B003,身体乳250ml,25,79.0,1975.0,日常
2025-08-04,B003,身体乳250ml,26,79.0,2054.0,日常
2025-08-05,B003,身体乳250ml,23,79.0,1817.0,日常
2025-08-06,B003,身体乳250ml,24,79.0,1896.0,日常
2025-08-07,B003,身体乳250ml,22,79.0,1738.0,日常
2025-08-08,B003,身体乳250ml,24,79.0,1896.0,日常
2025-08-09,B003,身体乳250ml,30,79.0,2370.0,日常
2025-08-10,B003,身体乳250ml,29,79.0,2291.0,日常
2025-08-11,B003,身体乳250ml,26,79.0,2054.0,日常
2025-08-12,B003,身体乳250ml,26,79.0,2054.0,日常
2025-08-13,B003,身体乳250ml,28,79.0,2212.0,日常
2025-08-14,B003,身体乳250ml,23,79.0,1817.0,日常
2025-08-15,B003,身体乳250ml,26,79.0,2054.0,日常
2025-08-16,B003,身体乳250ml,22,79.0,1738.0,日常
2025-08-17,B003,身体乳250ml,33,79.0,2607.0,日常
2025-08-18,B003,身体乳250ml,23,79.0,1817.0,日常
2025-08-19,B003,身体乳250ml,23,79.0,1817.0,日常
2025-08-20,B003,身体乳250ml,24,79.0,1896.0,日常
2025-08-21,B003,身体乳250ml,27,79.0,2133.0,日常
2025-08-22,B003,身体乳250ml,25,79.0,1975.0,日常
2025-08-23,B003,身体乳250ml,18,79.0,1422.0,日常
2025-08-24,B003,身体乳250ml,28,79.0,2212.0,日常
2025-08-25,B003,身体乳250ml,22,79.0,1738.0,日常
2025-08-26,B003,身体乳250ml,27,79.0,2133.0,日常
2025-08-27,B003,身体乳250ml,23,79.0,1817.0,日常
2025-08-28,B003,身体乳250ml,32,79.0,2528.0,日常
2025-08-29,B003,身体乳250ml,25,79.0,1975.0,日常
2025-08-30,B003,身体乳250ml,24,79.0,1896.0,日常
2025-08-31,B003,身体乳250ml,24,79.0,1896.0,日常
2025-09-01,B003,身体乳250ml,24,79.0,1896.0,日常
2025-09-02,B003,身体乳250ml,30,79.0,2370.0,日常
2025-09-03,B003,身体乳250ml,26,79.0,2054.0,日常
2025-09-04,B003,身体乳250ml,27,79.0,2133.0,日常
2025-09-05,B003,身体乳250ml,28,79.0,2212.0,日常
2025-09-06,B003,身体乳250ml,28,79.0,2212.0,日常
2025-09-07,B003,身体乳250ml,29,79.0,2291.0,日常
2025-09-08,B003,身体乳250ml,25,79.0,1975.0,日常
2025-09-09,B003,身体乳250ml,26,79.0,2054.0,日常
2025-09-10,B003,身体乳250ml,24,79.0,1896.0,日常
2025-09-11,B003,身体乳250ml,27,79.0,2133.0,日常
2025-09-12,B003,身体乳250ml,22,79.0,1738.0,日常
2025-09-13,B003,身体乳250ml,33,79.0,2607.0,日常
2025-09-14,B003,身体乳250ml,29,79.0,2291.0,日常
2025-09-15,B003,身体乳250ml,21,79.0,1659.0,日常
2025-09-16,B003,身体乳250ml,24,79.0,1896.0,日常
2025-09-17,B003,身体乳250ml,28,79.0,2212.0,日常
2025-09-18,B003,身体乳250ml,26,79.0,2054.0,日常
2025-09-19,B003,身体乳250ml,61,67.1,4093.1,99大促
2025-09-20,B003,身体乳250ml,61,67.1,4093.1,99大促
2025-09-21,B003,身体乳250ml,67,67.1,4495.7,99大促
2025-09-22,B003,身体乳250ml,44,67.1,2952.4,99大促
2025-09-23,B003,身体乳250ml,55,67.1,3690.5,99大促
2025-09-24,B003,身体乳250ml,24,79.0,1896.0,日常
2025-09-25,B003,身体乳250ml,24,79.0,1896.0,日常
2025-09-26,B003,身体乳250ml,29,79.0,2291.0,日常
2025-09-27,B003,身体乳250ml,30,79.0,2370.0,日常
2025-09-28,B003,身体乳250ml,30,79.0,2370.0,日常
2025-09-29,B003,身体乳250ml,30,79.0,2370.0,日常
2025-09-30,B003,身体乳250ml,25,79.0,1975.0,日常
2025-10-01,B003,身体乳250ml,21,79.0,1659.0,日常
2025-10-02,B003,身体乳250ml,21,79.0,1659.0,日常
2025-10-03,B003,身体乳250ml,24,79.0,1896.0,日常
2025-10-04,B003,身体乳250ml,29,79.0,2291.0,日常
2025-10-05,B003,身体乳250ml,31,79.0,2449.0,日常
2025-10-06,B003,身体乳250ml,27,79.0,2133.0,日常
2025-10-07,B003,身体乳250ml,24,79.0,1896.0,日常
2025-10-08,B003,身体乳250ml,28,79.0,2212.0,日常
2025-10-09,B003,身体乳250ml,27,79.0,2133.0,日常
2025-10-10,B003,身体乳250ml,25,79.0,1975.0,日常
2025-10-11,B003,身体乳250ml,27,79.0,2133.0,日常
2025-10-12,B003,身体乳250ml,31,79.0,2449.0,日常
2025-10-13,B003,身体乳250ml,24,79.0,1896.0,日常
2025-10-14,B003,身体乳250ml,27,79.0,2133.0,日常
2025-10-15,B003,身体乳250ml,29,79.0,2291.0,日常
2025-10-16,B003,身体乳250ml,22,79.0,1738.0,日常
2025-10-17,B003,身体乳250ml,27,79.0,2133.0,日常
2025-10-18,B003,身体乳250ml,31,79.0,2449.0,日常
2025-10-19,B003,身体乳250ml,30,79.0,2370.0,日常
2025-10-20,B003,身体乳250ml,25,79.0,1975.0,日常
2025-10-21,B003,身体乳250ml,25,79.0,1975.0,日常
2025-10-22,B003,身体乳250ml,23,79.0,1817.0,日常
2025-10-23,B003,身体乳250ml,25,79.0,1975.0,日常
2025-10-24,B003,身体乳250ml,26,79.0,2054.0,日常
2025-10-25,B003,身体乳250ml,28,79.0,2212.0,日常
2025-10-26,B003,身体乳250ml,27,79.0,2133.0,日常
2025-10-27,B003,身体乳250ml,27,79.0,2133.0,日常
2025-10-28,B003,身体乳250ml,18,79.0,1422.0,日常
2025-10-29,B003,身体乳250ml,25,79.0,1975.0,日常
2025-10-30,B003,身体乳250ml,24,79.0,1896.0,日常
2025-10-31,B003,身体乳250ml,26,79.0,2054.0,日常
2025-11-01,B003,身体乳250ml,107,67.1,7179.7,双11
2025-11-02,B003,身体乳250ml,107,67.1,7179.7,双11
2025-11-03,B003,身体乳250ml,99,67.1,6642.9,双11
2025-11-04,B003,身体乳250ml,88,67.1,5904.8,双11
2025-11-05,B003,身体乳250ml,92,67.1,6173.2,双11
2025-11-06,B003,身体乳250ml,71,67.1,4764.1,双11
2025-11-07,B003,身体乳250ml,89,67.1,5971.9,双11
2025-11-08,B003,身体乳250ml,112,67.1,7515.2,双11
2025-11-09,B003,身体乳250ml,98,67.1,6575.8,双11
2025-11-10,B003,身体乳250ml,90,67.1,6039.0,双11
2025-11-11,B003,身体乳250ml,88,67.1,5904.8,双11
2025-11-12,B003,身体乳250ml,89,67.1,5971.9,双11
2025-11-13,B003,身体乳250ml,72,67.1,4831.2,双11
2025-11-14,B003,身体乳250ml,26,79.0,2054.0,日常
2025-11-15,B003,身体乳250ml,26,79.0,2054.0,日常
2025-11-16,B003,身体乳250ml,31,79.0,2449.0,日常
2025-11-17,B003,身体乳250ml,23,79.0,1817.0,日常
2025-11-18,B003,身体乳250ml,21,79.0,1659.0,日常
2025-11-19,B003,身体乳250ml,29,79.0,2291.0,日常
2025-11-20,B003,身体乳250ml,23,79.0,1817.0,日常
2025-11-21,B003,身体乳250ml,26,79.0,2054.0,日常
2025-11-22,B003,身体乳250ml,29,79.0,2291.0,日常
2025-11-23,B003,身体乳250ml,30,79.0,2370.0,日常
2025-11-24,B003,身体乳250ml,30,79.0,2370.0,日常
2025-11-25,B003,身体乳250ml,27,79.0,2133.0,日常
2025-11-26,B003,身体乳250ml,28,79.0,2212.0,日常
2025-11-27,B003,身体乳250ml,24,79.0,1896.0,日常
2025-11-28,B003,身体乳250ml,24,79.0,1896.0,日常
2025-11-29,B003,身体乳250ml,30,79.0,2370.0,日常
2025-11-30,B003,身体乳250ml,27,79.0,2133.0,日常
2025-12-01,B003,身体乳250ml,23,79.0,1817.0,日常
2025-12-02,B003,身体乳250ml,24,79.0,1896.0,日常
2025-12-03,B003,身体乳250ml,22,79.0,1738.0,日常
2025-12-04,B003,身体乳250ml,30,79.0,2370.0,日常
2025-12-05,B003,身体乳250ml,25,79.0,1975.0,日常
2025-12-06,B003,身体乳250ml,28,79.0,2212.0,日常
2025-12-07,B003,身体乳250ml,24,79.0,1896.0,日常
2025-12-08,B003,身体乳250ml,27,79.0,2133.0,日常
2025-12-09,B003,身体乳250ml,24,79.0,1896.0,日常
2025-12-10,B003,身体乳250ml,26,79.0,2054.0,日常
2025-12-11,B003,身体乳250ml,26,79.0,2054.0,日常
2025-12-12,B003,身体乳250ml,45,67.1,3019.5,双12
2025-12-13,B003,身体乳250ml,48,67.1,3220.8,双12
2025-12-14,B003,身体乳250ml,49,67.1,3287.9,双12
2025-12-15,B003,身体乳250ml,28,79.0,2212.0,日常
2025-12-16,B003,身体乳250ml,26,79.0,2054.0,日常
2025-12-17,B003,身体乳250ml,25,79.0,1975.0,日常
2025-12-18,B003,身体乳250ml,28,79.0,2212.0,日常
2025-12-19,B003,身体乳250ml,24,79.0,1896.0,日常
2025-12-20,B003,身体乳250ml,29,79.0,2291.0,日常
2025-12-21,B003,身体乳250ml,28,79.0,2212.0,日常
2025-12-22,B003,身体乳250ml,23,79.0,1817.0,日常
2025-12-23,B003,身体乳250ml,22,79.0,1738.0,日常
2025-12-24,B003,身体乳250ml,28,79.0,2212.0,日常
2025-12-25,B003,身体乳250ml,24,79.0,1896.0,日常
2025-12-26,B003,身体乳250ml,32,79.0,2528.0,日常
2025-12-27,B003,身体乳250ml,28,79.0,2212.0,日常
2025-12-28,B003,身体乳250ml,27,79.0,2133.0,日常
2025-12-29,B003,身体乳250ml,23,79.0,1817.0,日常
2025-12-30,B003,身体乳250ml,29,79.0,2291.0,日常
2025-12-31,B003,身体乳250ml,29,79.0,2291.0,日常
2026-01-01,B003,身体乳250ml,29,79.0,2291.0,日常
2026-01-02,B003,身体乳250ml,25,79.0,1975.0,日常
2026-01-03,B003,身体乳250ml,32,79.0,2528.0,日常
2026-01-04,B003,身体乳250ml,27,79.0,2133.0,日常
2026-01-05,B003,身体乳250ml,18,79.0,1422.0,日常
2026-01-06,B003,身体乳250ml,27,79.0,2133.0,日常
2026-01-07,B003,身体乳250ml,25,79.0,1975.0,日常
2026-01-08,B003,身体乳250ml,31,79.0,2449.0,日常
2026-01-09,B003,身体乳250ml,25,79.0,1975.0,日常
2026-01-10,B003,身体乳250ml,33,79.0,2607.0,日常
2026-01-11,B003,身体乳250ml,27,79.0,2133.0,日常
2026-01-12,B003,身体乳250ml,30,79.0,2370.0,日常
2026-01-13,B003,身体乳250ml,24,79.0,1896.0,日常
2026-01-14,B003,身体乳250ml,33,79.0,2607.0,日常
2026-01-15,B003,身体乳250ml,34,79.0,2686.0,日常
2026-01-16,B003,身体乳250ml,25,79.0,1975.0,日常
2026-01-17,B003,身体乳250ml,32,79.0,2528.0,日常
2026-01-18,B003,身体乳250ml,31,79.0,2449.0,日常
2026-01-19,B003,身体乳250ml,28,79.0,2212.0,日常
2026-01-20,B003,身体乳250ml,56,67.1,3757.6,年货节
2026-01-21,B003,身体乳250ml,56,67.1,3757.6,年货节
2026-01-22,B003,身体乳250ml,37,67.1,2482.7,年货节
2026-01-23,B003,身体乳250ml,58,67.1,3891.8,年货节
2026-01-24,B003,身体乳250ml,50,67.1,3355.0,年货节
2026-01-25,B003,身体乳250ml,63,67.1,4227.3,年货节
2026-01-26,B003,身体乳250ml,52,67.1,3489.2,年货节
2026-01-27,B003,身体乳250ml,54,67.1,3623.4,年货节
2026-01-28,B003,身体乳250ml,56,67.1,3757.6,年货节
2026-01-29,B003,身体乳250ml,61,67.1,4093.1,年货节
2026-01-30,B003,身体乳250ml,49,67.1,3287.9,年货节
2026-01-31,B003,身体乳250ml,52,67.1,3489.2,年货节
2026-02-01,B003,身体乳250ml,57,67.1,3824.7,年货节
2026-02-02,B003,身体乳250ml,42,67.1,2818.2,年货节
2026-02-03,B003,身体乳250ml,40,67.1,2684.0,年货节
2026-02-04,B003,身体乳250ml,58,67.1,3891.8,年货节
2026-02-05,B003,身体乳250ml,61,67.1,4093.1,年货节
2026-02-06,B003,身体乳250ml,30,79.0,2370.0,日常
2026-02-07,B003,身体乳250ml,27,79.0,2133.0,日常
2026-02-08,B003,身体乳250ml,26,79.0,2054.0,日常
2026-02-09,B003,身体乳250ml,24,79.0,1896.0,日常
2026-02-10,B003,身体乳250ml,24,79.0,1896.0,日常
2026-02-11,B003,身体乳250ml,24,79.0,1896.0,日常
2026-02-12,B003,身体乳250ml,29,79.0,2291.0,日常
2026-02-13,B003,身体乳250ml,29,79.0,2291.0,日常
2026-02-14,B003,身体乳250ml,35,79.0,2765.0,日常
2026-02-15,B003,身体乳250ml,32,79.0,2528.0,日常
2026-02-16,B003,身体乳250ml,21,79.0,1659.0,日常
2026-02-17,B003,身体乳250ml,24,79.0,1896.0,日常
2026-02-18,B003,身体乳250ml,23,79.0,1817.0,日常
2026-02-19,B003,身体乳250ml,26,79.0,2054.0,日常
2026-02-20,B003,身体乳250ml,26,79.0,2054.0,日常
2026-02-21,B003,身体乳250ml,24,79.0,1896.0,日常
2026-02-22,B003,身体乳250ml,34,79.0,2686.0,日常
2026-02-23,B003,身体乳250ml,26,79.0,2054.0,日常
2026-02-24,B003,身体乳250ml,23,79.0,1817.0,日常
2026-02-25,B003,身体乳250ml,22,79.0,1738.0,日常
2026-02-26,B003,身体乳250ml,25,79.0,1975.0,日常
2026-02-27,B003,身体乳250ml,27,79.0,2133.0,日常
2026-02-28,B003,身体乳250ml,31,79.0,2449.0,日常
2026-03-01,B003,身体乳250ml,32,79.0,2528.0,日常
2026-03-02,B003,身体乳250ml,22,79.0,1738.0,日常
2026-03-03,B003,身体乳250ml,25,79.0,1975.0,日常
2026-03-04,B003,身体乳250ml,27,79.0,2133.0,日常
2026-03-05,B003,身体乳250ml,30,79.0,2370.0,日常
2026-03-06,B003,身体乳250ml,23,79.0,1817.0,日常
2026-03-07,B003,身体乳250ml,31,79.0,2449.0,日常
2026-03-08,B003,身体乳250ml,49,67.1,3287.9,38女王节
2026-03-09,B003,身体乳250ml,35,67.1,2348.5,38女王节
2026-03-10,B003,身体乳250ml,46,67.1,3086.6,38女王节
2026-03-11,B003,身体乳250ml,23,79.0,1817.0,日常
2026-03-12,B003,身体乳250ml,31,79.0,2449.0,日常
2026-03-13,B003,身体乳250ml,29,79.0,2291.0,日常
2026-03-14,B003,身体乳250ml,35,79.0,2765.0,日常
2026-03-15,B003,身体乳250ml,27,79.0,2133.0,日常
2026-03-16,B003,身体乳250ml,26,79.0,2054.0,日常
2026-03-17,B003,身体乳250ml,28,79.0,2212.0,日常
2026-03-18,B003,身体乳250ml,26,79.0,2054.0,日常
2026-03-19,B003,身体乳250ml,24,79.0,1896.0,日常
2026-03-20,B003,身体乳250ml,27,79.0,2133.0,日常
2026-03-21,B003,身体乳250ml,30,79.0,2370.0,日常
2026-03-22,B003,身体乳250ml,30,79.0,2370.0,日常
2026-03-23,B003,身体乳250ml,25,79.0,1975.0,日常
2026-03-24,B003,身体乳250ml,25,79.0,1975.0,日常
2026-03-25,B003,身体乳250ml,26,79.0,2054.0,日常
2026-03-26,B003,身体乳250ml,23,79.0,1817.0,日常
2026-03-27,B003,身体乳250ml,23,79.0,1817.0,日常
2026-03-28,B003,身体乳250ml,23,79.0,1817.0,日常
2026-03-29,B003,身体乳250ml,31,79.0,2449.0,日常
2026-03-30,B003,身体乳250ml,24,79.0,1896.0,日常
2026-03-31,B003,身体乳250ml,31,79.0,2449.0,日常
2026-04-01,B003,身体乳250ml,25,79.0,1975.0,日常
2026-04-02,B003,身体乳250ml,21,79.0,1659.0,日常
2026-04-03,B003,身体乳250ml,26,79.0,2054.0,日常
2026-04-04,B003,身体乳250ml,32,79.0,2528.0,日常
2026-04-05,B003,身体乳250ml,35,79.0,2765.0,日常
2026-04-06,B003,身体乳250ml,28,79.0,2212.0,日常
2026-04-07,B003,身体乳250ml,27,79.0,2133.0,日常
2026-04-08,B003,身体乳250ml,22,79.0,1738.0,日常
2026-04-09,B003,身体乳250ml,30,79.0,2370.0,日常
2026-04-10,B003,身体乳250ml,21,79.0,1659.0,日常
2026-04-11,B003,身体乳250ml,28,79.0,2212.0,日常
2026-04-12,B003,身体乳250ml,23,79.0,1817.0,日常
2026-04-13,B003,身体乳250ml,25,79.0,1975.0,日常
2026-04-14,B003,身体乳250ml,26,79.0,2054.0,日常
2026-04-15,B003,身体乳250ml,24,79.0,1896.0,日常
2026-04-16,B003,身体乳250ml,25,79.0,1975.0,日常
2026-04-17,B003,身体乳250ml,22,79.0,1738.0,日常
2026-04-18,B003,身体乳250ml,29,79.0,2291.0,日常
2026-04-19,B003,身体乳250ml,26,79.0,2054.0,日常
2026-04-20,B003,身体乳250ml,24,79.0,1896.0,日常
2026-04-21,B003,身体乳250ml,21,79.0,1659.0,日常
2026-04-22,B003,身体乳250ml,25,79.0,1975.0,日常
2026-04-23,B003,身体乳250ml,27,79.0,2133.0,日常
2026-04-24,B003,身体乳250ml,30,79.0,2370.0,日常
2026-04-25,B003,身体乳250ml,27,79.0,2133.0,日常
2026-04-26,B003,身体乳250ml,31,79.0,2449.0,日常
2026-04-27,B003,身体乳250ml,23,79.0,1817.0,日常
2026-04-28,B003,身体乳250ml,24,79.0,1896.0,日常
2026-04-29,B003,身体乳250ml,25,79.0,1975.0,日常
2026-04-30,B003,身体乳250ml,30,79.0,2370.0,日常
2026-05-01,B003,身体乳250ml,20,79.0,1580.0,日常
2026-05-02,B003,身体乳250ml,29,79.0,2291.0,日常
2026-05-03,B003,身体乳250ml,30,79.0,2370.0,日常
2026-05-04,B003,身体乳250ml,23,79.0,1817.0,日常
2026-05-05,B003,身体乳250ml,24,79.0,1896.0,日常
2026-05-06,B003,身体乳250ml,31,79.0,2449.0,日常
2026-05-07,B003,身体乳250ml,26,79.0,2054.0,日常
2026-05-08,B003,身体乳250ml,25,79.0,1975.0,日常
2026-05-09,B003,身体乳250ml,29,79.0,2291.0,日常
2026-05-10,B003,身体乳250ml,37,79.0,2923.0,日常
2026-05-11,B003,身体乳250ml,26,79.0,2054.0,日常
2026-05-12,B003,身体乳250ml,25,79.0,1975.0,日常
2026-05-13,B003,身体乳250ml,29,79.0,2291.0,日常
2026-05-14,B003,身体乳250ml,27,79.0,2133.0,日常
2026-05-15,B003,身体乳250ml,23,79.0,1817.0,日常
2026-05-16,B003,身体乳250ml,28,79.0,2212.0,日常
2026-05-17,B003,身体乳250ml,22,79.0,1738.0,日常
2026-05-18,B003,身体乳250ml,26,79.0,2054.0,日常
2026-05-19,B003,身体乳250ml,27,79.0,2133.0,日常
2026-05-20,B003,身体乳250ml,25,79.0,1975.0,日常
2026-05-21,B003,身体乳250ml,29,79.0,2291.0,日常
2026-05-22,B003,身体乳250ml,29,79.0,2291.0,日常
2026-05-23,B003,身体乳250ml,27,79.0,2133.0,日常
2026-05-24,B003,身体乳250ml,21,79.0,1659.0,日常
2026-05-25,B003,身体乳250ml,22,79.0,1738.0,日常
2026-05-26,B003,身体乳250ml,25,79.0,1975.0,日常
2026-05-27,B003,身体乳250ml,24,79.0,1896.0,日常
2026-05-28,B003,身体乳250ml,25,79.0,1975.0,日常
2026-05-29,B003,身体乳250ml,29,79.0,2291.0,日常
2026-05-30,B003,身体乳250ml,25,79.0,1975.0,日常
2026-05-31,B003,身体乳250ml,31,79.0,2449.0,日常
2026-06-01,B003,身体乳250ml,83,67.1,5569.3,618大促
2026-06-02,B003,身体乳250ml,85,67.1,5703.5,618大促
2026-06-03,B003,身体乳250ml,65,67.1,4361.5,618大促
2026-06-04,B003,身体乳250ml,76,67.1,5099.6,618大促
2026-06-05,B003,身体乳250ml,89,67.1,5971.9,618大促
2026-06-06,B003,身体乳250ml,95,67.1,6374.5,618大促
2026-06-07,B003,身体乳250ml,89,67.1,5971.9,618大促
2026-06-08,B003,身体乳250ml,79,67.1,5300.9,618大促
2026-06-09,B003,身体乳250ml,72,67.1,4831.2,618大促
2026-06-10,B003,身体乳250ml,96,67.1,6441.6,618大促
2026-06-11,B003,身体乳250ml,74,67.1,4965.4,618大促
2026-06-12,B003,身体乳250ml,83,67.1,5569.3,618大促
2026-06-13,B003,身体乳250ml,71,67.1,4764.1,618大促
2026-06-14,B003,身体乳250ml,81,67.1,5435.1,618大促
2026-06-15,B003,身体乳250ml,86,67.1,5770.6,618大促
2026-06-16,B003,身体乳250ml,63,67.1,4227.3,618大促
2026-06-17,B003,身体乳250ml,92,67.1,6173.2,618大促
2026-06-18,B003,身体乳250ml,72,67.1,4831.2,618大促
2026-06-19,B003,身体乳250ml,30,79.0,2370.0,日常
