openclaw-supply-chain/workspace-supply-chain-inventory-forecaster/sales_history_2025-2026.csv
日期,SKU编号,商品名称,销量,单价,销售额,活动标记
2025-07-01,B004,卸妆水500ml,19,49.0,931.0,日常
2025-07-02,B004,卸妆水500ml,21,49.0,1029.0,日常
2025-07-03,B004,卸妆水500ml,22,49.0,1078.0,日常
2025-07-04,B004,卸妆水500ml,26,49.0,1274.0,日常
2025-07-05,B004,卸妆水500ml,22,49.0,1078.0,日常
2025-07-06,B004,卸妆水500ml,20,49.0,980.0,日常
2025-07-07,B004,卸妆水500ml,25,49.0,1225.0,日常
2025-07-08,B004,卸妆水500ml,20,49.0,980.0,日常
2025-07-09,B004,卸妆水500ml,23,49.0,1127.0,日常
2025-07-10,B004,卸妆水500ml,25,49.0,1225.0,日常
2025-07-11,B004,卸妆水500ml,20,49.0,980.0,日常
2025-07-12,B004,卸妆水500ml,24,49.0,1176.0,日常
2025-07-13,B004,卸妆水500ml,24,49.0,1176.0,日常
2025-07-14,B004,卸妆水500ml,19,49.0,931.0,日常
2025-07-15,B004,卸妆水500ml,21,49.0,1029.0,日常
2025-07-16,B004,卸妆水500ml,18,49.0,882.0,日常
2025-07-17,B004,卸妆水500ml,19,49.0,931.0,日常
2025-07-18,B004,卸妆水500ml,21,49.0,1029.0,日常
2025-07-19,B004,卸妆水500ml,22,49.0,1078.0,日常
2025-07-20,B004,卸妆水500ml,21,49.0,1029.0,日常
2025-07-21,B004,卸妆水500ml,21,49.0,1029.0,日常
2025-07-22,B004,卸妆水500ml,15,49.0,735.0,日常
2025-07-23,B004,卸妆水500ml,18,49.0,882.0,日常
2025-07-24,B004,卸妆水500ml,19,49.0,931.0,日常
2025-07-25,B004,卸妆水500ml,25,49.0,1225.0,日常
2025-07-26,B004,卸妆水500ml,25,49.0,1225.0,日常
2025-07-27,B004,卸妆水500ml,21,49.0,1029.0,日常
2025-07-28,B004,卸妆水500ml,18,49.0,882.0,日常
2025-07-29,B004,卸妆水500ml,20,49.0,980.0,日常
2025-07-30,B004,卸妆水500ml,17,49.0,833.0,日常
2025-07-31,B004,卸妆水500ml,18,49.0,882.0,日常
2025-08-01,B004,卸妆水500ml,21,49.0,1029.0,日常
2025-08-02,B004,卸妆水500ml,19,49.0,931.0,日常
2025-08-03,B004,卸妆水500ml,25,49.0,1225.0,日常
2025-08-04,B004,卸妆水500ml,23,49.0,1127.0,日常
2025-08-05,B004,卸妆水500ml,19,49.0,931.0,日常
2025-08-06,B004,卸妆水500ml,20,49.0,980.0,日常
2025-08-07,B004,卸妆水500ml,20,49.0,980.0,日常
2025-08-08,B004,卸妆水500ml,16,49.0,784.0,日常
2025-08-09,B004,卸妆水500ml,27,49.0,1323.0,日常
2025-08-10,B004,卸妆水500ml,24,49.0,1176.0,日常
2025-08-11,B004,卸妆水500ml,21,49.0,1029.0,日常
2025-08-12,B004,卸妆水500ml,18,49.0,882.0,日常
2025-08-13,B004,卸妆水500ml,19,49.0,931.0,日常
2025-08-14,B004,卸妆水500ml,17,49.0,833.0,日常
2025-08-15,B004,卸妆水500ml,21,49.0,1029.0,日常
2025-08-16,B004,卸妆水500ml,20,49.0,980.0,日常
2025-08-17,B004,卸妆水500ml,22,49.0,1078.0,日常
2025-08-18,B004,卸妆水500ml,24,49.0,1176.0,日常
2025-08-19,B004,卸妆水500ml,23,49.0,1127.0,日常
2025-08-20,B004,卸妆水500ml,21,49.0,1029.0,日常
2025-08-21,B004,卸妆水500ml,22,49.0,1078.0,日常
2025-08-22,B004,卸妆水500ml,17,49.0,833.0,日常
2025-08-23,B004,卸妆水500ml,17,49.0,833.0,日常
2025-08-24,B004,卸妆水500ml,22,49.0,1078.0,日常
2025-08-25,B004,卸妆水500ml,19,49.0,931.0,日常
2025-08-26,B004,卸妆水500ml,19,49.0,931.0,日常
2025-08-27,B004,卸妆水500ml,15,49.0,735.0,日常
2025-08-28,B004,卸妆水500ml,21,49.0,1029.0,日常
2025-08-29,B004,卸妆水500ml,24,49.0,1176.0,日常
2025-08-30,B004,卸妆水500ml,26,49.0,1274.0,日常
2025-08-31,B004,卸妆水500ml,18,49.0,882.0,日常
2025-09-01,B004,卸妆水500ml,21,49.0,1029.0,日常
2025-09-02,B004,卸妆水500ml,19,49.0,931.0,日常
2025-09-03,B004,卸妆水500ml,15,49.0,735.0,日常
2025-09-04,B004,卸妆水500ml,22,49.0,1078.0,日常
2025-09-05,B004,卸妆水500ml,24,49.0,1176.0,日常
2025-09-06,B004,卸妆水500ml,22,49.0,1078.0,日常
2025-09-07,B004,卸妆水500ml,23,49.0,1127.0,日常
2025-09-08,B004,卸妆水500ml,17,49.0,833.0,日常
2025-09-09,B004,卸妆水500ml,19,49.0,931.0,日常
2025-09-10,B004,卸妆水500ml,19,49.0,931.0,日常
2025-09-11,B004,卸妆水500ml,19,49.0,931.0,日常
2025-09-12,B004,卸妆水500ml,22,49.0,1078.0,日常
2025-09-13,B004,卸妆水500ml,18,49.0,882.0,日常
2025-09-14,B004,卸妆水500ml,23,49.0,1127.0,日常
2025-09-15,B004,卸妆水500ml,20,49.0,980.0,日常
2025-09-16,B004,卸妆水500ml,17,49.0,833.0,日常
2025-09-17,B004,卸妆水500ml,19,49.0,931.0,日常
2025-09-18,B004,卸妆水500ml,20,49.0,980.0,日常
2025-09-19,B004,卸妆水500ml,46,41.6,1913.6,99大促
2025-09-20,B004,卸妆水500ml,46,41.6,1913.6,99大促
2025-09-21,B004,卸妆水500ml,48,41.6,1996.8,99大促
2025-09-22,B004,卸妆水500ml,40,41.6,1664.0,99大促
2025-09-23,B004,卸妆水500ml,43,41.6,1788.8,99大促
2025-09-24,B004,卸妆水500ml,18,49.0,882.0,日常
2025-09-25,B004,卸妆水500ml,17,49.0,833.0,日常
2025-09-26,B004,卸妆水500ml,19,49.0,931.0,日常
2025-09-27,B004,卸妆水500ml,25,49.0,1225.0,日常
2025-09-28,B004,卸妆水500ml,20,49.0,980.0,日常
2025-09-29,B004,卸妆水500ml,22,49.0,1078.0,日常
2025-09-30,B004,卸妆水500ml,20,49.0,980.0,日常
2025-10-01,B004,卸妆水500ml,22,49.0,1078.0,日常
2025-10-02,B004,卸妆水500ml,21,49.0,1029.0,日常
2025-10-03,B004,卸妆水500ml,20,49.0,980.0,日常
2025-10-04,B004,卸妆水500ml,19,49.0,931.0,日常
2025-10-05,B004,卸妆水500ml,20,49.0,980.0,日常
2025-10-06,B004,卸妆水500ml,18,49.0,882.0,日常
2025-10-07,B004,卸妆水500ml,16,49.0,784.0,日常
2025-10-08,B004,卸妆水500ml,19,49.0,931.0,日常
2025-10-09,B004,卸妆水500ml,18,49.0,882.0,日常
2025-10-10,B004,卸妆水500ml,17,49.0,833.0,日常
2025-10-11,B004,卸妆水500ml,26,49.0,1274.0,日常
2025-10-12,B004,卸妆水500ml,24,49.0,1176.0,日常
2025-10-13,B004,卸妆水500ml,20,49.0,980.0,日常
2025-10-14,B004,卸妆水500ml,20,49.0,980.0,日常
2025-10-15,B004,卸妆水500ml,18,49.0,882.0,日常
2025-10-16,B004,卸妆水500ml,16,49.0,784.0,日常
2025-10-17,B004,卸妆水500ml,20,49.0,980.0,日常
2025-10-18,B004,卸妆水500ml,24,49.0,1176.0,日常
2025-10-19,B004,卸妆水500ml,25,49.0,1225.0,日常
2025-10-20,B004,卸妆水500ml,15,49.0,735.0,日常
2025-10-21,B004,卸妆水500ml,20,49.0,980.0,日常
2025-10-22,B004,卸妆水500ml,22,49.0,1078.0,日常
2025-10-23,B004,卸妆水500ml,20,49.0,980.0,日常
2025-10-24,B004,卸妆水500ml,18,49.0,882.0,日常
2025-10-25,B004,卸妆水500ml,23,49.0,1127.0,日常
2025-10-26,B004,卸妆水500ml,21,49.0,1029.0,日常
2025-10-27,B004,卸妆水500ml,18,49.0,882.0,日常
2025-10-28,B004,卸妆水500ml,18,49.0,882.0,日常
2025-10-29,B004,卸妆水500ml,14,49.0,686.0,日常
2025-10-30,B004,卸妆水500ml,14,49.0,686.0,日常
2025-10-31,B004,卸妆水500ml,24,49.0,1176.0,日常
2025-11-01,B004,卸妆水500ml,89,41.6,3702.4,双11
2025-11-02,B004,卸妆水500ml,75,41.6,3120.0,双11
2025-11-03,B004,卸妆水500ml,58,41.6,2412.8,双11
2025-11-04,B004,卸妆水500ml,63,41.6,2620.8,双11
2025-11-05,B004,卸妆水500ml,71,41.6,2953.6,双11
2025-11-06,B004,卸妆水500ml,54,41.6,2246.4,双11
2025-11-07,B004,卸妆水500ml,44,41.6,1830.4,双11
2025-11-08,B004,卸妆水500ml,61,41.6,2537.6,双11
2025-11-09,B004,卸妆水500ml,71,41.6,2953.6,双11
2025-11-10,B004,卸妆水500ml,69,41.6,2870.4,双11
2025-11-11,B004,卸妆水500ml,72,41.6,2995.2,双11
2025-11-12,B004,卸妆水500ml,56,41.6,2329.6,双11
2025-11-13,B004,卸妆水500ml,51,41.6,2121.6,双11
2025-11-14,B004,卸妆水500ml,16,49.0,784.0,日常
2025-11-15,B004,卸妆水500ml,24,49.0,1176.0,日常
2025-11-16,B004,卸妆水500ml,22,49.0,1078.0,日常
2025-11-17,B004,卸妆水500ml,17,49.0,833.0,日常
2025-11-18,B004,卸妆水500ml,15,49.0,735.0,日常
2025-11-19,B004,卸妆水500ml,19,49.0,931.0,日常
2025-11-20,B004,卸妆水500ml,17,49.0,833.0,日常
2025-11-21,B004,卸妆水500ml,19,49.0,931.0,日常
2025-11-22,B004,卸妆水500ml,27,49.0,1323.0,日常
2025-11-23,B004,卸妆水500ml,27,49.0,1323.0,日常
2025-11-24,B004,卸妆水500ml,21,49.0,1029.0,日常
2025-11-25,B004,卸妆水500ml,16,49.0,784.0,日常
2025-11-26,B004,卸妆水500ml,17,49.0,833.0,日常
2025-11-27,B004,卸妆水500ml,19,49.0,931.0,日常
2025-11-28,B004,卸妆水500ml,21,49.0,1029.0,日常
2025-11-29,B004,卸妆水500ml,24,49.0,1176.0,日常
2025-11-30,B004,卸妆水500ml,21,49.0,1029.0,日常
2025-12-01,B004,卸妆水500ml,16,49.0,784.0,日常
2025-12-02,B004,卸妆水500ml,22,49.0,1078.0,日常
2025-12-03,B004,卸妆水500ml,19,49.0,931.0,日常
2025-12-04,B004,卸妆水500ml,20,49.0,980.0,日常
2025-12-05,B004,卸妆水500ml,18,49.0,882.0,日常
2025-12-06,B004,卸妆水500ml,20,49.0,980.0,日常
2025-12-07,B004,卸妆水500ml,21,49.0,1029.0,日常
2025-12-08,B004,卸妆水500ml,20,49.0,980.0,日常
2025-12-09,B004,卸妆水500ml,21,49.0,1029.0,日常
2025-12-10,B004,卸妆水500ml,19,49.0,931.0,日常
2025-12-11,B004,卸妆水500ml,18,49.0,882.0,日常
2025-12-12,B004,卸妆水500ml,35,41.6,1456.0,双12
2025-12-13,B004,卸妆水500ml,46,41.6,1913.6,双12
2025-12-14,B004,卸妆水500ml,37,41.6,1539.2,双12
2025-12-15,B004,卸妆水500ml,18,49.0,882.0,日常
2025-12-16,B004,卸妆水500ml,19,49.0,931.0,日常
2025-12-17,B004,卸妆水500ml,19,49.0,931.0,日常
2025-12-18,B004,卸妆水500ml,18,49.0,882.0,日常
2025-12-19,B004,卸妆水500ml,20,49.0,980.0,日常
2025-12-20,B004,卸妆水500ml,20,49.0,980.0,日常
2025-12-21,B004,卸妆水500ml,23,49.0,1127.0,日常
2025-12-22,B004,卸妆水500ml,24,49.0,1176.0,日常
2025-12-23,B004,卸妆水500ml,22,49.0,1078.0,日常
2025-12-24,B004,卸妆水500ml,21,49.0,1029.0,日常
2025-12-25,B004,卸妆水500ml,15,49.0,735.0,日常
2025-12-26,B004,卸妆水500ml,15,49.0,735.0,日常
2025-12-27,B004,卸妆水500ml,21,49.0,1029.0,日常
2025-12-28,B004,卸妆水500ml,19,49.0,931.0,日常
2025-12-29,B004,卸妆水500ml,21,49.0,1029.0,日常
2025-12-30,B004,卸妆水500ml,18,49.0,882.0,日常
2025-12-31,B004,卸妆水500ml,15,49.0,735.0,日常
2026-01-01,B004,卸妆水500ml,21,49.0,1029.0,日常
2026-01-02,B004,卸妆水500ml,21,49.0,1029.0,日常
2026-01-03,B004,卸妆水500ml,23,49.0,1127.0,日常
2026-01-04,B004,卸妆水500ml,24,49.0,1176.0,日常
2026-01-05,B004,卸妆水500ml,22,49.0,1078.0,日常
2026-01-06,B004,卸妆水500ml,17,49.0,833.0,日常
2026-01-07,B004,卸妆水500ml,18,49.0,882.0,日常
2026-01-08,B004,卸妆水500ml,19,49.0,931.0,日常
2026-01-09,B004,卸妆水500ml,20,49.0,980.0,日常
2026-01-10,B004,卸妆水500ml,17,49.0,833.0,日常
2026-01-11,B004,卸妆水500ml,21,49.0,1029.0,日常
2026-01-12,B004,卸妆水500ml,19,49.0,931.0,日常
2026-01-13,B004,卸妆水500ml,22,49.0,1078.0,日常
2026-01-14,B004,卸妆水500ml,17,49.0,833.0,日常
2026-01-15,B004,卸妆水500ml,21,49.0,1029.0,日常
2026-01-16,B004,卸妆水500ml,13,49.0,637.0,日常
2026-01-17,B004,卸妆水500ml,23,49.0,1127.0,日常
2026-01-18,B004,卸妆水500ml,21,49.0,1029.0,日常
2026-01-19,B004,卸妆水500ml,17,49.0,833.0,日常
2026-01-20,B004,卸妆水500ml,40,41.6,1664.0,年货节
2026-01-21,B004,卸妆水500ml,43,41.6,1788.8,年货节
2026-01-22,B004,卸妆水500ml,37,41.6,1539.2,年货节
2026-01-23,B004,卸妆水500ml,31,41.6,1289.6,年货节
2026-01-24,B004,卸妆水500ml,42,41.6,1747.2,年货节
2026-01-25,B004,卸妆水500ml,41,41.6,1705.6,年货节
2026-01-26,B004,卸妆水500ml,33,41.6,1372.8,年货节
2026-01-27,B004,卸妆水500ml,40,41.6,1664.0,年货节
2026-01-28,B004,卸妆水500ml,30,41.6,1248.0,年货节
2026-01-29,B004,卸妆水500ml,33,41.6,1372.8,年货节
2026-01-30,B004,卸妆水500ml,41,41.6,1705.6,年货节
2026-01-31,B004,卸妆水500ml,39,41.6,1622.4,年货节
2026-02-01,B004,卸妆水500ml,45,41.6,1872.0,年货节
2026-02-02,B004,卸妆水500ml,33,41.6,1372.8,年货节
2026-02-03,B004,卸妆水500ml,35,41.6,1456.0,年货节
2026-02-04,B004,卸妆水500ml,36,41.6,1497.6,年货节
2026-02-05,B004,卸妆水500ml,41,41.6,1705.6,年货节
2026-02-06,B004,卸妆水500ml,19,49.0,931.0,日常
2026-02-07,B004,卸妆水500ml,20,49.0,980.0,日常
2026-02-08,B004,卸妆水500ml,23,49.0,1127.0,日常
2026-02-09,B004,卸妆水500ml,20,49.0,980.0,日常
2026-02-10,B004,卸妆水500ml,18,49.0,882.0,日常
2026-02-11,B004,卸妆水500ml,22,49.0,1078.0,日常
2026-02-12,B004,卸妆水500ml,20,49.0,980.0,日常
2026-02-13,B004,卸妆水500ml,20,49.0,980.0,日常
2026-02-14,B004,卸妆水500ml,25,49.0,1225.0,日常
2026-02-15,B004,卸妆水500ml,21,49.0,1029.0,日常
2026-02-16,B004,卸妆水500ml,20,49.0,980.0,日常
2026-02-17,B004,卸妆水500ml,15,49.0,735.0,日常
2026-02-18,B004,卸妆水500ml,20,49.0,980.0,日常
2026-02-19,B004,卸妆水500ml,22,49.0,1078.0,日常
2026-02-20,B004,卸妆水500ml,21,49.0,1029.0,日常
2026-02-21,B004,卸妆水500ml,22,49.0,1078.0,日常
2026-02-22,B004,卸妆水500ml,21,49.0,1029.0,日常
2026-02-23,B004,卸妆水500ml,16,49.0,784.0,日常
2026-02-24,B004,卸妆水500ml,20,49.0,980.0,日常
2026-02-25,B004,卸妆水500ml,20,49.0,980.0,日常
2026-02-26,B004,卸妆水500ml,21,49.0,1029.0,日常
2026-02-27,B004,卸妆水500ml,16,49.0,784.0,日常
2026-02-28,B004,卸妆水500ml,26,49.0,1274.0,日常
2026-03-01,B004,卸妆水500ml,21,49.0,1029.0,日常
2026-03-02,B004,卸妆水500ml,20,49.0,980.0,日常
2026-03-03,B004,卸妆水500ml,17,49.0,833.0,日常
2026-03-04,B004,卸妆水500ml,16,49.0,784.0,日常
2026-03-05,B004,卸妆水500ml,19,49.0,931.0,日常
2026-03-06,B004,卸妆水500ml,16,49.0,784.0,日常
2026-03-07,B004,卸妆水500ml,16,49.0,784.0,日常
2026-03-08,B004,卸妆水500ml,36,41.6,1497.6,38女王节
2026-03-09,B004,卸妆水500ml,28,41.6,1164.8,38女王节
2026-03-10,B004,卸妆水500ml,32,41.6,1331.2,38女王节
2026-03-11,B004,卸妆水500ml,17,49.0,833.0,日常
2026-03-12,B004,卸妆水500ml,21,49.0,1029.0,日常
2026-03-13,B004,卸妆水500ml,20,49.0,980.0,日常
2026-03-14,B004,卸妆水500ml,17,49.0,833.0,日常
2026-03-15,B004,卸妆水500ml,21,49.0,1029.0,日常
2026-03-16,B004,卸妆水500ml,19,49.0,931.0,日常
2026-03-17,B004,卸妆水500ml,21,49.0,1029.0,日常
2026-03-18,B004,卸妆水500ml,20,49.0,980.0,日常
2026-03-19,B004,卸妆水500ml,17,49.0,833.0,日常
2026-03-20,B004,卸妆水500ml,21,49.0,1029.0,日常
2026-03-21,B004,卸妆水500ml,21,49.0,1029.0,日常
2026-03-22,B004,卸妆水500ml,20,49.0,980.0,日常
2026-03-23,B004,卸妆水500ml,16,49.0,784.0,日常
2026-03-24,B004,卸妆水500ml,19,49.0,931.0,日常
2026-03-25,B004,卸妆水500ml,22,49.0,1078.0,日常
2026-03-26,B004,卸妆水500ml,20,49.0,980.0,日常
2026-03-27,B004,卸妆水500ml,19,49.0,931.0,日常
2026-03-28,B004,卸妆水500ml,19,49.0,931.0,日常
2026-03-29,B004,卸妆水500ml,22,49.0,1078.0,日常
2026-03-30,B004,卸妆水500ml,17,49.0,833.0,日常
2026-03-31,B004,卸妆水500ml,25,49.0,1225.0,日常
2026-04-01,B004,卸妆水500ml,17,49.0,833.0,日常
2026-04-02,B004,卸妆水500ml,17,49.0,833.0,日常
2026-04-03,B004,卸妆水500ml,19,49.0,931.0,日常
2026-04-04,B004,卸妆水500ml,20,49.0,980.0,日常
2026-04-05,B004,卸妆水500ml,19,49.0,931.0,日常
2026-04-06,B004,卸妆水500ml,17,49.0,833.0,日常
2026-04-07,B004,卸妆水500ml,20,49.0,980.0,日常
2026-04-08,B004,卸妆水500ml,21,49.0,1029.0,日常
2026-04-09,B004,卸妆水500ml,20,49.0,980.0,日常
2026-04-10,B004,卸妆水500ml,19,49.0,931.0,日常
2026-04-11,B004,卸妆水500ml,22,49.0,1078.0,日常
2026-04-12,B004,卸妆水500ml,19,49.0,931.0,日常
2026-04-13,B004,卸妆水500ml,19,49.0,931.0,日常
2026-04-14,B004,卸妆水500ml,17,49.0,833.0,日常
2026-04-15,B004,卸妆水500ml,12,49.0,588.0,日常
2026-04-16,B004,卸妆水500ml,20,49.0,980.0,日常
2026-04-17,B004,卸妆水500ml,18,49.0,882.0,日常
2026-04-18,B004,卸妆水500ml,24,49.0,1176.0,日常
2026-04-19,B004,卸妆水500ml,21,49.0,1029.0,日常
2026-04-20,B004,卸妆水500ml,20,49.0,980.0,日常
2026-04-21,B004,卸妆水500ml,19,49.0,931.0,日常
2026-04-22,B004,卸妆水500ml,20,49.0,980.0,日常
2026-04-23,B004,卸妆水500ml,18,49.0,882.0,日常
2026-04-24,B004,卸妆水500ml,18,49.0,882.0,日常
2026-04-25,B004,卸妆水500ml,25,49.0,1225.0,日常
2026-04-26,B004,卸妆水500ml,22,49.0,1078.0,日常
2026-04-27,B004,卸妆水500ml,16,49.0,784.0,日常
2026-04-28,B004,卸妆水500ml,18,49.0,882.0,日常
2026-04-29,B004,卸妆水500ml,19,49.0,931.0,日常
2026-04-30,B004,卸妆水500ml,20,49.0,980.0,日常
2026-05-01,B004,卸妆水500ml,19,49.0,931.0,日常
2026-05-02,B004,卸妆水500ml,18,49.0,882.0,日常
2026-05-03,B004,卸妆水500ml,20,49.0,980.0,日常
2026-05-04,B004,卸妆水500ml,20,49.0,980.0,日常
2026-05-05,B004,卸妆水500ml,17,49.0,833.0,日常
2026-05-06,B004,卸妆水500ml,19,49.0,931.0,日常
2026-05-07,B004,卸妆水500ml,18,49.0,882.0,日常
2026-05-08,B004,卸妆水500ml,17,49.0,833.0,日常
2026-05-09,B004,卸妆水500ml,18,49.0,882.0,日常
2026-05-10,B004,卸妆水500ml,19,49.0,931.0,日常
2026-05-11,B004,卸妆水500ml,20,49.0,980.0,日常
2026-05-12,B004,卸妆水500ml,22,49.0,1078.0,日常
2026-05-13,B004,卸妆水500ml,13,49.0,637.0,日常
2026-05-14,B004,卸妆水500ml,15,49.0,735.0,日常
2026-05-15,B004,卸妆水500ml,18,49.0,882.0,日常
2026-05-16,B004,卸妆水500ml,21,49.0,1029.0,日常
2026-05-17,B004,卸妆水500ml,19,49.0,931.0,日常
2026-05-18,B004,卸妆水500ml,20,49.0,980.0,日常
2026-05-19,B004,卸妆水500ml,20,49.0,980.0,日常
2026-05-20,B004,卸妆水500ml,19,49.0,931.0,日常
2026-05-21,B004,卸妆水500ml,16,49.0,784.0,日常
2026-05-22,B004,卸妆水500ml,19,49.0,931.0,日常
2026-05-23,B004,卸妆水500ml,22,49.0,1078.0,日常
2026-05-24,B004,卸妆水500ml,20,49.0,980.0,日常
2026-05-25,B004,卸妆水500ml,17,49.0,833.0,日常
2026-05-26,B004,卸妆水500ml,19,49.0,931.0,日常
2026-05-27,B004,卸妆水500ml,19,49.0,931.0,日常
2026-05-28,B004,卸妆水500ml,20,49.0,980.0,日常
2026-05-29,B004,卸妆水500ml,14,49.0,686.0,日常
2026-05-30,B004,卸妆水500ml,20,49.0,980.0,日常
2026-05-31,B004,卸妆水500ml,18,49.0,882.0,日常
2026-06-01,B004,卸妆水500ml,55,41.6,2288.0,618大促
2026-06-02,B004,卸妆水500ml,57,41.6,2371.2,618大促
2026-06-03,B004,卸妆水500ml,45,41.6,1872.0,618大促
2026-06-04,B004,卸妆水500ml,53,41.6,2204.8,618大促
2026-06-05,B004,卸妆水500ml,65,41.6,2704.0,618大促
2026-06-06,B004,卸妆水500ml,71,41.6,2953.6,618大促
2026-06-07,B004,卸妆水500ml,64,41.6,2662.4,618大促
2026-06-08,B004,卸妆水500ml,45,41.6,1872.0,618大促
2026-06-09,B004,卸妆水500ml,47,41.6,1955.2,618大促
2026-06-10,B004,卸妆水500ml,43,41.6,1788.8,618大促
2026-06-11,B004,卸妆水500ml,52,41.6,2163.2,618大促
2026-06-12,B004,卸妆水500ml,57,41.6,2371.2,618大促
2026-06-13,B004,卸妆水500ml,57,41.6,2371.2,618大促
2026-06-14,B004,卸妆水500ml,66,41.6,2745.6,618大促
2026-06-15,B004,卸妆水500ml,53,41.6,2204.8,618大促
2026-06-16,B004,卸妆水500ml,55,41.6,2288.0,618大促
2026-06-17,B004,卸妆水500ml,54,41.6,2246.4,618大促
2026-06-18,B004,卸妆水500ml,57,41.6,2371.2,618大促
2026-06-19,B004,卸妆水500ml,18,49.0,882.0,日常
