openclaw-supply-chain/workspace-supply-chain-inventory-forecaster/sales_history_2025-2026.csv
日期,SKU编号,商品名称,销量,单价,销售额,活动标记
2025-07-01,B005,护手霜50g,5,35.0,175.0,日常
2025-07-02,B005,护手霜50g,6,35.0,210.0,日常
2025-07-03,B005,护手霜50g,5,35.0,175.0,日常
2025-07-04,B005,护手霜50g,5,35.0,175.0,日常
2025-07-05,B005,护手霜50g,7,35.0,245.0,日常
2025-07-06,B005,护手霜50g,6,35.0,210.0,日常
2025-07-07,B005,护手霜50g,5,35.0,175.0,日常
2025-07-08,B005,护手霜50g,6,35.0,210.0,日常
2025-07-09,B005,护手霜50g,5,35.0,175.0,日常
2025-07-10,B005,护手霜50g,5,35.0,175.0,日常
2025-07-11,B005,护手霜50g,6,35.0,210.0,日常
2025-07-12,B005,护手霜50g,6,35.0,210.0,日常
2025-07-13,B005,护手霜50g,7,35.0,245.0,日常
2025-07-14,B005,护手霜50g,5,35.0,175.0,日常
2025-07-15,B005,护手霜50g,6,35.0,210.0,日常
2025-07-16,B005,护手霜50g,5,35.0,175.0,日常
2025-07-17,B005,护手霜50g,5,35.0,175.0,日常
2025-07-18,B005,护手霜50g,6,35.0,210.0,日常
2025-07-19,B005,护手霜50g,7,35.0,245.0,日常
2025-07-20,B005,护手霜50g,6,35.0,210.0,日常
2025-07-21,B005,护手霜50g,4,35.0,140.0,日常
2025-07-22,B005,护手霜50g,6,35.0,210.0,日常
2025-07-23,B005,护手霜50g,5,35.0,175.0,日常
2025-07-24,B005,护手霜50g,6,35.0,210.0,日常
2025-07-25,B005,护手霜50g,5,35.0,175.0,日常
2025-07-26,B005,护手霜50g,6,35.0,210.0,日常
2025-07-27,B005,护手霜50g,5,35.0,175.0,日常
2025-07-28,B005,护手霜50g,5,35.0,175.0,日常
2025-07-29,B005,护手霜50g,4,35.0,140.0,日常
2025-07-30,B005,护手霜50g,6,35.0,210.0,日常
2025-07-31,B005,护手霜50g,5,35.0,175.0,日常
2025-08-01,B005,护手霜50g,4,35.0,140.0,日常
2025-08-02,B005,护手霜50g,6,35.0,210.0,日常
2025-08-03,B005,护手霜50g,7,35.0,245.0,日常
2025-08-04,B005,护手霜50g,5,35.0,175.0,日常
2025-08-05,B005,护手霜50g,5,35.0,175.0,日常
2025-08-06,B005,护手霜50g,5,35.0,175.0,日常
2025-08-07,B005,护手霜50g,6,35.0,210.0,日常
2025-08-08,B005,护手霜50g,6,35.0,210.0,日常
2025-08-09,B005,护手霜50g,5,35.0,175.0,日常
2025-08-10,B005,护手霜50g,6,35.0,210.0,日常
2025-08-11,B005,护手霜50g,4,35.0,140.0,日常
2025-08-12,B005,护手霜50g,5,35.0,175.0,日常
2025-08-13,B005,护手霜50g,6,35.0,210.0,日常
2025-08-14,B005,护手霜50g,5,35.0,175.0,日常
2025-08-15,B005,护手霜50g,6,35.0,210.0,日常
2025-08-16,B005,护手霜50g,6,35.0,210.0,日常
2025-08-17,B005,护手霜50g,6,35.0,210.0,日常
2025-08-18,B005,护手霜50g,6,35.0,210.0,日常
2025-08-19,B005,护手霜50g,5,35.0,175.0,日常
2025-08-20,B005,护手霜50g,6,35.0,210.0,日常
2025-08-21,B005,护手霜50g,5,35.0,175.0,日常
2025-08-22,B005,护手霜50g,5,35.0,175.0,日常
2025-08-23,B005,护手霜50g,6,35.0,210.0,日常
2025-08-24,B005,护手霜50g,5,35.0,175.0,日常
2025-08-25,B005,护手霜50g,5,35.0,175.0,日常
2025-08-26,B005,护手霜50g,4,35.0,140.0,日常
2025-08-27,B005,护手霜50g,6,35.0,210.0,日常
2025-08-28,B005,护手霜50g,6,35.0,210.0,日常
2025-08-29,B005,护手霜50g,5,35.0,175.0,日常
2025-08-30,B005,护手霜50g,6,35.0,210.0,日常
2025-08-31,B005,护手霜50g,6,35.0,210.0,日常
2025-09-01,B005,护手霜50g,16,35.0,560.0,日常
2025-09-02,B005,护手霜50g,15,35.0,525.0,日常
2025-09-03,B005,护手霜50g,16,35.0,560.0,日常
2025-09-04,B005,护手霜50g,16,35.0,560.0,日常
2025-09-05,B005,护手霜50g,16,35.0,560.0,日常
2025-09-06,B005,护手霜50g,20,35.0,700.0,日常
2025-09-07,B005,护手霜50g,21,35.0,735.0,日常
2025-09-08,B005,护手霜50g,18,35.0,630.0,日常
2025-09-09,B005,护手霜50g,15,35.0,525.0,日常
2025-09-10,B005,护手霜50g,16,35.0,560.0,日常
2025-09-11,B005,护手霜50g,18,35.0,630.0,日常
2025-09-12,B005,护手霜50g,17,35.0,595.0,日常
2025-09-13,B005,护手霜50g,18,35.0,630.0,日常
2025-09-14,B005,护手霜50g,22,35.0,770.0,日常
2025-09-15,B005,护手霜50g,18,35.0,630.0,日常
2025-09-16,B005,护手霜50g,17,35.0,595.0,日常
2025-09-17,B005,护手霜50g,15,35.0,525.0,日常
2025-09-18,B005,护手霜50g,16,35.0,560.0,日常
2025-09-19,B005,护手霜50g,43,29.8,1281.4,99大促
2025-09-20,B005,护手霜50g,45,29.8,1341.0,99大促
2025-09-21,B005,护手霜50g,48,29.8,1430.4,99大促
2025-09-22,B005,护手霜50g,42,29.8,1251.6,99大促
2025-09-23,B005,护手霜50g,43,29.8,1281.4,99大促
2025-09-24,B005,护手霜50g,17,35.0,595.0,日常
2025-09-25,B005,护手霜50g,20,35.0,700.0,日常
2025-09-26,B005,护手霜50g,17,35.0,595.0,日常
2025-09-27,B005,护手霜50g,16,35.0,560.0,日常
2025-09-28,B005,护手霜50g,21,35.0,735.0,日常
2025-09-29,B005,护手霜50g,15,35.0,525.0,日常
2025-09-30,B005,护手霜50g,20,35.0,700.0,日常
2025-10-01,B005,护手霜50g,20,35.0,700.0,日常
2025-10-02,B005,护手霜50g,16,35.0,560.0,日常
2025-10-03,B005,护手霜50g,17,35.0,595.0,日常
2025-10-04,B005,护手霜50g,20,35.0,700.0,日常
2025-10-05,B005,护手霜50g,20,35.0,700.0,日常
2025-10-06,B005,护手霜50g,19,35.0,665.0,日常
2025-10-07,B005,护手霜50g,15,35.0,525.0,日常
2025-10-08,B005,护手霜50g,22,35.0,770.0,日常
2025-10-09,B005,护手霜50g,19,35.0,665.0,日常
2025-10-10,B005,护手霜50g,15,35.0,525.0,日常
2025-10-11,B005,护手霜50g,22,35.0,770.0,日常
2025-10-12,B005,护手霜50g,22,35.0,770.0,日常
2025-10-13,B005,护手霜50g,16,35.0,560.0,日常
2025-10-14,B005,护手霜50g,18,35.0,630.0,日常
2025-10-15,B005,护手霜50g,17,35.0,595.0,日常
2025-10-16,B005,护手霜50g,15,35.0,525.0,日常
2025-10-17,B005,护手霜50g,20,35.0,700.0,日常
2025-10-18,B005,护手霜50g,17,35.0,595.0,日常
2025-10-19,B005,护手霜50g,19,35.0,665.0,日常
2025-10-20,B005,护手霜50g,16,35.0,560.0,日常
2025-10-21,B005,护手霜50g,15,35.0,525.0,日常
2025-10-22,B005,护手霜50g,20,35.0,700.0,日常
2025-10-23,B005,护手霜50g,14,35.0,490.0,日常
2025-10-24,B005,护手霜50g,17,35.0,595.0,日常
2025-10-25,B005,护手霜50g,21,35.0,735.0,日常
2025-10-26,B005,护手霜50g,20,35.0,700.0,日常
2025-10-27,B005,护手霜50g,15,35.0,525.0,日常
2025-10-28,B005,护手霜50g,17,35.0,595.0,日常
2025-10-29,B005,护手霜50g,15,35.0,525.0,日常
2025-10-30,B005,护手霜50g,18,35.0,630.0,日常
2025-10-31,B005,护手霜50g,21,35.0,735.0,日常
2025-11-01,B005,护手霜50g,138,29.8,4112.4,双11
2025-11-02,B005,护手霜50g,144,29.8,4291.2,双11
2025-11-03,B005,护手霜50g,112,29.8,3337.6,双11
2025-11-04,B005,护手霜50g,107,29.8,3188.6,双11
2025-11-05,B005,护手霜50g,108,29.8,3218.4,双11
2025-11-06,B005,护手霜50g,130,29.8,3874.0,双11
2025-11-07,B005,护手霜50g,106,29.8,3158.8,双11
2025-11-08,B005,护手霜50g,127,29.8,3784.6,双11
2025-11-09,B005,护手霜50g,138,29.8,4112.4,双11
2025-11-10,B005,护手霜50g,141,29.8,4201.8,双11
2025-11-11,B005,护手霜50g,146,29.8,4350.8,双11
2025-11-12,B005,护手霜50g,131,29.8,3903.8,双11
2025-11-13,B005,护手霜50g,118,29.8,3516.4,双11
2025-11-14,B005,护手霜50g,42,35.0,1470.0,日常
2025-11-15,B005,护手霜50g,36,35.0,1260.0,日常
2025-11-16,B005,护手霜50g,49,35.0,1715.0,日常
2025-11-17,B005,护手霜50g,37,35.0,1295.0,日常
2025-11-18,B005,护手霜50g,38,35.0,1330.0,日常
2025-11-19,B005,护手霜50g,32,35.0,1120.0,日常
2025-11-20,B005,护手霜50g,36,35.0,1260.0,日常
2025-11-21,B005,护手霜50g,36,35.0,1260.0,日常
2025-11-22,B005,护手霜50g,43,35.0,1505.0,日常
2025-11-23,B005,护手霜50g,31,35.0,1085.0,日常
2025-11-24,B005,护手霜50g,32,35.0,1120.0,日常
2025-11-25,B005,护手霜50g,35,35.0,1225.0,日常
2025-11-26,B005,护手霜50g,32,35.0,1120.0,日常
2025-11-27,B005,护手霜50g,32,35.0,1120.0,日常
2025-11-28,B005,护手霜50g,36,35.0,1260.0,日常
2025-11-29,B005,护手霜50g,50,35.0,1750.0,日常
2025-11-30,B005,护手霜50g,33,35.0,1155.0,日常
2025-12-01,B005,护手霜50g,34,35.0,1190.0,日常
2025-12-02,B005,护手霜50g,37,35.0,1295.0,日常
2025-12-03,B005,护手霜50g,29,35.0,1015.0,日常
2025-12-04,B005,护手霜50g,36,35.0,1260.0,日常
2025-12-05,B005,护手霜50g,36,35.0,1260.0,日常
2025-12-06,B005,护手霜50g,36,35.0,1260.0,日常
2025-12-07,B005,护手霜50g,33,35.0,1155.0,日常
2025-12-08,B005,护手霜50g,39,35.0,1365.0,日常
2025-12-09,B005,护手霜50g,37,35.0,1295.0,日常
2025-12-10,B005,护手霜50g,30,35.0,1050.0,日常
2025-12-11,B005,护手霜50g,32,35.0,1120.0,日常
2025-12-12,B005,护手霜50g,73,29.8,2175.4,双12
2025-12-13,B005,护手霜50g,67,29.8,1996.6,双12
2025-12-14,B005,护手霜50g,54,29.8,1609.2,双12
2025-12-15,B005,护手霜50g,36,35.0,1260.0,日常
2025-12-16,B005,护手霜50g,41,35.0,1435.0,日常
2025-12-17,B005,护手霜50g,36,35.0,1260.0,日常
2025-12-18,B005,护手霜50g,39,35.0,1365.0,日常
2025-12-19,B005,护手霜50g,37,35.0,1295.0,日常
2025-12-20,B005,护手霜50g,34,35.0,1190.0,日常
2025-12-21,B005,护手霜50g,38,35.0,1330.0,日常
2025-12-22,B005,护手霜50g,36,35.0,1260.0,日常
2025-12-23,B005,护手霜50g,34,35.0,1190.0,日常
2025-12-24,B005,护手霜50g,35,35.0,1225.0,日常
2025-12-25,B005,护手霜50g,34,35.0,1190.0,日常
2025-12-26,B005,护手霜50g,32,35.0,1120.0,日常
2025-12-27,B005,护手霜50g,34,35.0,1190.0,日常
2025-12-28,B005,护手霜50g,39,35.0,1365.0,日常
2025-12-29,B005,护手霜50g,35,35.0,1225.0,日常
2025-12-30,B005,护手霜50g,38,35.0,1330.0,日常
2025-12-31,B005,护手霜50g,33,35.0,1155.0,日常
2026-01-01,B005,护手霜50g,30,35.0,1050.0,日常
2026-01-02,B005,护手霜50g,35,35.0,1225.0,日常
2026-01-03,B005,护手霜50g,37,35.0,1295.0,日常
2026-01-04,B005,护手霜50g,36,35.0,1260.0,日常
2026-01-05,B005,护手霜50g,38,35.0,1330.0,日常
2026-01-06,B005,护手霜50g,37,35.0,1295.0,日常
2026-01-07,B005,护手霜50g,31,35.0,1085.0,日常
2026-01-08,B005,护手霜50g,30,35.0,1050.0,日常
2026-01-09,B005,护手霜50g,17,35.0,595.0,日常
2026-01-10,B005,护手霜50g,40,35.0,1400.0,日常
2026-01-11,B005,护手霜50g,42,35.0,1470.0,日常
2026-01-12,B005,护手霜50g,39,35.0,1365.0,日常
2026-01-13,B005,护手霜50g,31,35.0,1085.0,日常
2026-01-14,B005,护手霜50g,23,35.0,805.0,日常
2026-01-15,B005,护手霜50g,40,35.0,1400.0,日常
2026-01-16,B005,护手霜50g,36,35.0,1260.0,日常
2026-01-17,B005,护手霜50g,37,35.0,1295.0,日常
2026-01-18,B005,护手霜50g,40,35.0,1400.0,日常
2026-01-19,B005,护手霜50g,34,35.0,1190.0,日常
2026-01-20,B005,护手霜50g,70,29.8,2086.0,年货节
2026-01-21,B005,护手霜50g,62,29.8,1847.6,年货节
2026-01-22,B005,护手霜50g,67,29.8,1996.6,年货节
2026-01-23,B005,护手霜50g,53,29.8,1579.4,年货节
2026-01-24,B005,护手霜50g,69,29.8,2056.2,年货节
2026-01-25,B005,护手霜50g,72,29.8,2145.6,年货节
2026-01-26,B005,护手霜50g,62,29.8,1847.6,年货节
2026-01-27,B005,护手霜50g,52,29.8,1549.6,年货节
2026-01-28,B005,护手霜50g,64,29.8,1907.2,年货节
2026-01-29,B005,护手霜50g,60,29.8,1788.0,年货节
2026-01-30,B005,护手霜50g,77,29.8,2294.6,年货节
2026-01-31,B005,护手霜50g,79,29.8,2354.2,年货节
2026-02-01,B005,护手霜50g,97,29.8,2890.6,年货节
2026-02-02,B005,护手霜50g,54,29.8,1609.2,年货节
2026-02-03,B005,护手霜50g,73,29.8,2175.4,年货节
2026-02-04,B005,护手霜50g,66,29.8,1966.8,年货节
2026-02-05,B005,护手霜50g,48,29.8,1430.4,年货节
2026-02-06,B005,护手霜50g,28,35.0,980.0,日常
2026-02-07,B005,护手霜50g,41,35.0,1435.0,日常
2026-02-08,B005,护手霜50g,40,35.0,1400.0,日常
2026-02-09,B005,护手霜50g,40,35.0,1400.0,日常
2026-02-10,B005,护手霜50g,32,35.0,1120.0,日常
2026-02-11,B005,护手霜50g,31,35.0,1085.0,日常
2026-02-12,B005,护手霜50g,38,35.0,1330.0,日常
2026-02-13,B005,护手霜50g,32,35.0,1120.0,日常
2026-02-14,B005,护手霜50g,41,35.0,1435.0,日常
2026-02-15,B005,护手霜50g,30,35.0,1050.0,日常
2026-02-16,B005,护手霜50g,36,35.0,1260.0,日常
2026-02-17,B005,护手霜50g,33,35.0,1155.0,日常
2026-02-18,B005,护手霜50g,28,35.0,980.0,日常
2026-02-19,B005,护手霜50g,30,35.0,1050.0,日常
2026-02-20,B005,护手霜50g,35,35.0,1225.0,日常
2026-02-21,B005,护手霜50g,36,35.0,1260.0,日常
2026-02-22,B005,护手霜50g,35,35.0,1225.0,日常
2026-02-23,B005,护手霜50g,27,35.0,945.0,日常
2026-02-24,B005,护手霜50g,35,35.0,1225.0,日常
2026-02-25,B005,护手霜50g,32,35.0,1120.0,日常
2026-02-26,B005,护手霜50g,31,35.0,1085.0,日常
2026-02-27,B005,护手霜50g,34,35.0,1190.0,日常
2026-02-28,B005,护手霜50g,42,35.0,1470.0,日常
2026-03-01,B005,护手霜50g,18,35.0,630.0,日常
2026-03-02,B005,护手霜50g,16,35.0,560.0,日常
2026-03-03,B005,护手霜50g,17,35.0,595.0,日常
2026-03-04,B005,护手霜50g,16,35.0,560.0,日常
2026-03-05,B005,护手霜50g,12,35.0,420.0,日常
2026-03-06,B005,护手霜50g,18,35.0,630.0,日常
2026-03-07,B005,护手霜50g,17,35.0,595.0,日常
2026-03-08,B005,护手霜50g,26,29.8,774.8,38女王节
2026-03-09,B005,护手霜50g,32,29.8,953.6,38女王节
2026-03-10,B005,护手霜50g,22,29.8,655.6,38女王节
2026-03-11,B005,护手霜50g,17,35.0,595.0,日常
2026-03-12,B005,护手霜50g,13,35.0,455.0,日常
2026-03-13,B005,护手霜50g,17,35.0,595.0,日常
2026-03-14,B005,护手霜50g,20,35.0,700.0,日常
2026-03-15,B005,护手霜50g,19,35.0,665.0,日常
2026-03-16,B005,护手霜50g,14,35.0,490.0,日常
2026-03-17,B005,护手霜50g,15,35.0,525.0,日常
2026-03-18,B005,护手霜50g,15,35.0,525.0,日常
2026-03-19,B005,护手霜50g,14,35.0,490.0,日常
2026-03-20,B005,护手霜50g,17,35.0,595.0,日常
2026-03-21,B005,护手霜50g,21,35.0,735.0,日常
2026-03-22,B005,护手霜50g,17,35.0,595.0,日常
2026-03-23,B005,护手霜50g,13,35.0,455.0,日常
2026-03-24,B005,护手霜50g,14,35.0,490.0,日常
2026-03-25,B005,护手霜50g,16,35.0,560.0,日常
2026-03-26,B005,护手霜50g,18,35.0,630.0,日常
2026-03-27,B005,护手霜50g,15,35.0,525.0,日常
2026-03-28,B005,护手霜50g,15,35.0,525.0,日常
2026-03-29,B005,护手霜50g,20,35.0,700.0,日常
2026-03-30,B005,护手霜50g,14,35.0,490.0,日常
2026-03-31,B005,护手霜50g,16,35.0,560.0,日常
2026-04-01,B005,护手霜50g,15,35.0,525.0,日常
2026-04-02,B005,护手霜50g,18,35.0,630.0,日常
2026-04-03,B005,护手霜50g,17,35.0,595.0,日常
2026-04-04,B005,护手霜50g,21,35.0,735.0,日常
2026-04-05,B005,护手霜50g,15,35.0,525.0,日常
2026-04-06,B005,护手霜50g,16,35.0,560.0,日常
2026-04-07,B005,护手霜50g,16,35.0,560.0,日常
2026-04-08,B005,护手霜50g,15,35.0,525.0,日常
2026-04-09,B005,护手霜50g,18,35.0,630.0,日常
2026-04-10,B005,护手霜50g,14,35.0,490.0,日常
2026-04-11,B005,护手霜50g,16,35.0,560.0,日常
2026-04-12,B005,护手霜50g,19,35.0,665.0,日常
2026-04-13,B005,护手霜50g,16,35.0,560.0,日常
2026-04-14,B005,护手霜50g,16,35.0,560.0,日常
2026-04-15,B005,护手霜50g,16,35.0,560.0,日常
2026-04-16,B005,护手霜50g,12,35.0,420.0,日常
2026-04-17,B005,护手霜50g,16,35.0,560.0,日常
2026-04-18,B005,护手霜50g,18,35.0,630.0,日常
2026-04-19,B005,护手霜50g,21,35.0,735.0,日常
2026-04-20,B005,护手霜50g,18,35.0,630.0,日常
2026-04-21,B005,护手霜50g,15,35.0,525.0,日常
2026-04-22,B005,护手霜50g,15,35.0,525.0,日常
2026-04-23,B005,护手霜50g,16,35.0,560.0,日常
2026-04-24,B005,护手霜50g,18,35.0,630.0,日常
2026-04-25,B005,护手霜50g,21,35.0,735.0,日常
2026-04-26,B005,护手霜50g,17,35.0,595.0,日常
2026-04-27,B005,护手霜50g,17,35.0,595.0,日常
2026-04-28,B005,护手霜50g,12,35.0,420.0,日常
2026-04-29,B005,护手霜50g,15,35.0,525.0,日常
2026-04-30,B005,护手霜50g,14,35.0,490.0,日常
2026-05-01,B005,护手霜50g,16,35.0,560.0,日常
2026-05-02,B005,护手霜50g,16,35.0,560.0,日常
2026-05-03,B005,护手霜50g,19,35.0,665.0,日常
2026-05-04,B005,护手霜50g,16,35.0,560.0,日常
2026-05-05,B005,护手霜50g,18,35.0,630.0,日常
2026-05-06,B005,护手霜50g,14,35.0,490.0,日常
2026-05-07,B005,护手霜50g,17,35.0,595.0,日常
2026-05-08,B005,护手霜50g,13,35.0,455.0,日常
2026-05-09,B005,护手霜50g,24,35.0,840.0,日常
2026-05-10,B005,护手霜50g,20,35.0,700.0,日常
2026-05-11,B005,护手霜50g,18,35.0,630.0,日常
2026-05-12,B005,护手霜50g,13,35.0,455.0,日常
2026-05-13,B005,护手霜50g,16,35.0,560.0,日常
2026-05-14,B005,护手霜50g,18,35.0,630.0,日常
2026-05-15,B005,护手霜50g,17,35.0,595.0,日常
2026-05-16,B005,护手霜50g,23,35.0,805.0,日常
2026-05-17,B005,护手霜50g,19,35.0,665.0,日常
2026-05-18,B005,护手霜50g,15,35.0,525.0,日常
2026-05-19,B005,护手霜50g,15,35.0,525.0,日常
2026-05-20,B005,护手霜50g,15,35.0,525.0,日常
2026-05-21,B005,护手霜50g,15,35.0,525.0,日常
2026-05-22,B005,护手霜50g,17,35.0,595.0,日常
2026-05-23,B005,护手霜50g,20,35.0,700.0,日常
2026-05-24,B005,护手霜50g,16,35.0,560.0,日常
2026-05-25,B005,护手霜50g,15,35.0,525.0,日常
2026-05-26,B005,护手霜50g,14,35.0,490.0,日常
2026-05-27,B005,护手霜50g,15,35.0,525.0,日常
2026-05-28,B005,护手霜50g,15,35.0,525.0,日常
2026-05-29,B005,护手霜50g,11,35.0,385.0,日常
2026-05-30,B005,护手霜50g,16,35.0,560.0,日常
2026-05-31,B005,护手霜50g,16,35.0,560.0,日常
2026-06-01,B005,护手霜50g,13,29.8,387.4,618大促
2026-06-02,B005,护手霜50g,13,29.8,387.4,618大促
2026-06-03,B005,护手霜50g,12,29.8,357.6,618大促
2026-06-04,B005,护手霜50g,14,29.8,417.2,618大促
2026-06-05,B005,护手霜50g,15,29.8,447.0,618大促
2026-06-06,B005,护手霜50g,16,29.8,476.8,618大促
2026-06-07,B005,护手霜50g,14,29.8,417.2,618大促
2026-06-08,B005,护手霜50g,14,29.8,417.2,618大促
2026-06-09,B005,护手霜50g,16,29.8,476.8,618大促
2026-06-10,B005,护手霜50g,11,29.8,327.8,618大促
2026-06-11,B005,护手霜50g,16,29.8,476.8,618大促
2026-06-12,B005,护手霜50g,12,29.8,357.6,618大促
2026-06-13,B005,护手霜50g,18,29.8,536.4,618大促
2026-06-14,B005,护手霜50g,16,29.8,476.8,618大促
2026-06-15,B005,护手霜50g,14,29.8,417.2,618大促
2026-06-16,B005,护手霜50g,16,29.8,476.8,618大促
2026-06-17,B005,护手霜50g,14,29.8,417.2,618大促
2026-06-18,B005,护手霜50g,15,29.8,447.0,618大促
2026-06-19,B005,护手霜50g,4,35.0,140.0,日常
