openclaw-supply-chain/workspace-supply-chain-inventory-forecaster/sales_history_2025-2026.csv
日期,SKU编号,商品名称,销量,单价,销售额,活动标记
2025-07-01,C001,化妆棉200片,12,19.0,228.0,日常
2025-07-02,C001,化妆棉200片,12,19.0,228.0,日常
2025-07-03,C001,化妆棉200片,12,19.0,228.0,日常
2025-07-04,C001,化妆棉200片,10,19.0,190.0,日常
2025-07-05,C001,化妆棉200片,15,19.0,285.0,日常
2025-07-06,C001,化妆棉200片,14,19.0,266.0,日常
2025-07-07,C001,化妆棉200片,14,19.0,266.0,日常
2025-07-08,C001,化妆棉200片,10,19.0,190.0,日常
2025-07-09,C001,化妆棉200片,12,19.0,228.0,日常
2025-07-10,C001,化妆棉200片,12,19.0,228.0,日常
2025-07-11,C001,化妆棉200片,14,19.0,266.0,日常
2025-07-12,C001,化妆棉200片,13,19.0,247.0,日常
2025-07-13,C001,化妆棉200片,13,19.0,247.0,日常
2025-07-14,C001,化妆棉200片,12,19.0,228.0,日常
2025-07-15,C001,化妆棉200片,14,19.0,266.0,日常
2025-07-16,C001,化妆棉200片,13,19.0,247.0,日常
2025-07-17,C001,化妆棉200片,11,19.0,209.0,日常
2025-07-18,C001,化妆棉200片,10,19.0,190.0,日常
2025-07-19,C001,化妆棉200片,14,19.0,266.0,日常
2025-07-20,C001,化妆棉200片,12,19.0,228.0,日常
2025-07-21,C001,化妆棉200片,13,19.0,247.0,日常
2025-07-22,C001,化妆棉200片,12,19.0,228.0,日常
2025-07-23,C001,化妆棉200片,12,19.0,228.0,日常
2025-07-24,C001,化妆棉200片,12,19.0,228.0,日常
2025-07-25,C001,化妆棉200片,10,19.0,190.0,日常
2025-07-26,C001,化妆棉200片,15,19.0,285.0,日常
2025-07-27,C001,化妆棉200片,13,19.0,247.0,日常
2025-07-28,C001,化妆棉200片,12,19.0,228.0,日常
2025-07-29,C001,化妆棉200片,13,19.0,247.0,日常
2025-07-30,C001,化妆棉200片,11,19.0,209.0,日常
2025-07-31,C001,化妆棉200片,13,19.0,247.0,日常
2025-08-01,C001,化妆棉200片,14,19.0,266.0,日常
2025-08-02,C001,化妆棉200片,14,19.0,266.0,日常
2025-08-03,C001,化妆棉200片,14,19.0,266.0,日常
2025-08-04,C001,化妆棉200片,13,19.0,247.0,日常
2025-08-05,C001,化妆棉200片,10,19.0,190.0,日常
2025-08-06,C001,化妆棉200片,11,19.0,209.0,日常
2025-08-07,C001,化妆棉200片,10,19.0,190.0,日常
2025-08-08,C001,化妆棉200片,12,19.0,228.0,日常
2025-08-09,C001,化妆棉200片,17,19.0,323.0,日常
2025-08-10,C001,化妆棉200片,13,19.0,247.0,日常
2025-08-11,C001,化妆棉200片,11,19.0,209.0,日常
2025-08-12,C001,化妆棉200片,14,19.0,266.0,日常
2025-08-13,C001,化妆棉200片,11,19.0,209.0,日常
2025-08-14,C001,化妆棉200片,9,19.0,171.0,日常
2025-08-15,C001,化妆棉200片,12,19.0,228.0,日常
2025-08-16,C001,化妆棉200片,12,19.0,228.0,日常
2025-08-17,C001,化妆棉200片,14,19.0,266.0,日常
2025-08-18,C001,化妆棉200片,10,19.0,190.0,日常
2025-08-19,C001,化妆棉200片,15,19.0,285.0,日常
2025-08-20,C001,化妆棉200片,12,19.0,228.0,日常
2025-08-21,C001,化妆棉200片,12,19.0,228.0,日常
2025-08-22,C001,化妆棉200片,14,19.0,266.0,日常
2025-08-23,C001,化妆棉200片,14,19.0,266.0,日常
2025-08-24,C001,化妆棉200片,14,19.0,266.0,日常
2025-08-25,C001,化妆棉200片,11,19.0,209.0,日常
2025-08-26,C001,化妆棉200片,12,19.0,228.0,日常
2025-08-27,C001,化妆棉200片,13,19.0,247.0,日常
2025-08-28,C001,化妆棉200片,12,19.0,228.0,日常
2025-08-29,C001,化妆棉200片,13,19.0,247.0,日常
2025-08-30,C001,化妆棉200片,10,19.0,190.0,日常
2025-08-31,C001,化妆棉200片,13,19.0,247.0,日常
2025-09-01,C001,化妆棉200片,13,19.0,247.0,日常
2025-09-02,C001,化妆棉200片,14,19.0,266.0,日常
2025-09-03,C001,化妆棉200片,12,19.0,228.0,日常
2025-09-04,C001,化妆棉200片,10,19.0,190.0,日常
2025-09-05,C001,化妆棉200片,14,19.0,266.0,日常
2025-09-06,C001,化妆棉200片,13,19.0,247.0,日常
2025-09-07,C001,化妆棉200片,14,19.0,266.0,日常
2025-09-08,C001,化妆棉200片,10,19.0,190.0,日常
2025-09-09,C001,化妆棉200片,12,19.0,228.0,日常
2025-09-10,C001,化妆棉200片,9,19.0,171.0,日常
2025-09-11,C001,化妆棉200片,12,19.0,228.0,日常
2025-09-12,C001,化妆棉200片,9,19.0,171.0,日常
2025-09-13,C001,化妆棉200片,16,19.0,304.0,日常
2025-09-14,C001,化妆棉200片,12,19.0,228.0,日常
2025-09-15,C001,化妆棉200片,13,19.0,247.0,日常
2025-09-16,C001,化妆棉200片,12,19.0,228.0,日常
2025-09-17,C001,化妆棉200片,13,19.0,247.0,日常
2025-09-18,C001,化妆棉200片,14,19.0,266.0,日常
2025-09-19,C001,化妆棉200片,23,16.1,370.3,99大促
2025-09-20,C001,化妆棉200片,21,16.1,338.1,99大促
2025-09-21,C001,化妆棉200片,27,16.1,434.7,99大促
2025-09-22,C001,化妆棉200片,19,16.1,305.9,99大促
2025-09-23,C001,化妆棉200片,18,16.1,289.8,99大促
2025-09-24,C001,化妆棉200片,10,19.0,190.0,日常
2025-09-25,C001,化妆棉200片,13,19.0,247.0,日常
2025-09-26,C001,化妆棉200片,13,19.0,247.0,日常
2025-09-27,C001,化妆棉200片,14,19.0,266.0,日常
2025-09-28,C001,化妆棉200片,12,19.0,228.0,日常
2025-09-29,C001,化妆棉200片,14,19.0,266.0,日常
2025-09-30,C001,化妆棉200片,13,19.0,247.0,日常
2025-10-01,C001,化妆棉200片,12,19.0,228.0,日常
2025-10-02,C001,化妆棉200片,12,19.0,228.0,日常
2025-10-03,C001,化妆棉200片,10,19.0,190.0,日常
2025-10-04,C001,化妆棉200片,11,19.0,209.0,日常
2025-10-05,C001,化妆棉200片,15,19.0,285.0,日常
2025-10-06,C001,化妆棉200片,13,19.0,247.0,日常
2025-10-07,C001,化妆棉200片,11,19.0,209.0,日常
2025-10-08,C001,化妆棉200片,12,19.0,228.0,日常
2025-10-09,C001,化妆棉200片,10,19.0,190.0,日常
2025-10-10,C001,化妆棉200片,13,19.0,247.0,日常
2025-10-11,C001,化妆棉200片,15,19.0,285.0,日常
2025-10-12,C001,化妆棉200片,16,19.0,304.0,日常
2025-10-13,C001,化妆棉200片,14,19.0,266.0,日常
2025-10-14,C001,化妆棉200片,13,19.0,247.0,日常
2025-10-15,C001,化妆棉200片,13,19.0,247.0,日常
2025-10-16,C001,化妆棉200片,13,19.0,247.0,日常
2025-10-17,C001,化妆棉200片,11,19.0,209.0,日常
2025-10-18,C001,化妆棉200片,15,19.0,285.0,日常
2025-10-19,C001,化妆棉200片,15,19.0,285.0,日常
2025-10-20,C001,化妆棉200片,13,19.0,247.0,日常
2025-10-21,C001,化妆棉200片,14,19.0,266.0,日常
2025-10-22,C001,化妆棉200片,16,19.0,304.0,日常
2025-10-23,C001,化妆棉200片,12,19.0,228.0,日常
2025-10-24,C001,化妆棉200片,12,19.0,228.0,日常
2025-10-25,C001,化妆棉200片,13,19.0,247.0,日常
2025-10-26,C001,化妆棉200片,16,19.0,304.0,日常
2025-10-27,C001,化妆棉200片,15,19.0,285.0,日常
2025-10-28,C001,化妆棉200片,11,19.0,209.0,日常
2025-10-29,C001,化妆棉200片,9,19.0,171.0,日常
2025-10-30,C001,化妆棉200片,12,19.0,228.0,日常
2025-10-31,C001,化妆棉200片,11,19.0,209.0,日常
2025-11-01,C001,化妆棉200片,29,16.1,466.9,双11
2025-11-02,C001,化妆棉200片,35,16.1,563.5,双11
2025-11-03,C001,化妆棉200片,32,16.1,515.2,双11
2025-11-04,C001,化妆棉200片,30,16.1,483.0,双11
2025-11-05,C001,化妆棉200片,30,16.1,483.0,双11
2025-11-06,C001,化妆棉200片,30,16.1,483.0,双11
2025-11-07,C001,化妆棉200片,27,16.1,434.7,双11
2025-11-08,C001,化妆棉200片,35,16.1,563.5,双11
2025-11-09,C001,化妆棉200片,30,16.1,483.0,双11
2025-11-10,C001,化妆棉200片,34,16.1,547.4,双11
2025-11-11,C001,化妆棉200片,33,16.1,531.3,双11
2025-11-12,C001,化妆棉200片,23,16.1,370.3,双11
2025-11-13,C001,化妆棉200片,29,16.1,466.9,双11
2025-11-14,C001,化妆棉200片,15,19.0,285.0,日常
2025-11-15,C001,化妆棉200片,15,19.0,285.0,日常
2025-11-16,C001,化妆棉200片,12,19.0,228.0,日常
2025-11-17,C001,化妆棉200片,14,19.0,266.0,日常
2025-11-18,C001,化妆棉200片,12,19.0,228.0,日常
2025-11-19,C001,化妆棉200片,16,19.0,304.0,日常
2025-11-20,C001,化妆棉200片,10,19.0,190.0,日常
2025-11-21,C001,化妆棉200片,13,19.0,247.0,日常
2025-11-22,C001,化妆棉200片,16,19.0,304.0,日常
2025-11-23,C001,化妆棉200片,16,19.0,304.0,日常
2025-11-24,C001,化妆棉200片,12,19.0,228.0,日常
2025-11-25,C001,化妆棉200片,12,19.0,228.0,日常
2025-11-26,C001,化妆棉200片,13,19.0,247.0,日常
2025-11-27,C001,化妆棉200片,13,19.0,247.0,日常
2025-11-28,C001,化妆棉200片,13,19.0,247.0,日常
2025-11-29,C001,化妆棉200片,13,19.0,247.0,日常
2025-11-30,C001,化妆棉200片,16,19.0,304.0,日常
2025-12-01,C001,化妆棉200片,11,19.0,209.0,日常
2025-12-02,C001,化妆棉200片,11,19.0,209.0,日常
2025-12-03,C001,化妆棉200片,11,19.0,209.0,日常
2025-12-04,C001,化妆棉200片,11,19.0,209.0,日常
2025-12-05,C001,化妆棉200片,12,19.0,228.0,日常
2025-12-06,C001,化妆棉200片,13,19.0,247.0,日常
2025-12-07,C001,化妆棉200片,12,19.0,228.0,日常
2025-12-08,C001,化妆棉200片,11,19.0,209.0,日常
2025-12-09,C001,化妆棉200片,12,19.0,228.0,日常
2025-12-10,C001,化妆棉200片,12,19.0,228.0,日常
2025-12-11,C001,化妆棉200片,10,19.0,190.0,日常
2025-12-12,C001,化妆棉200片,16,16.1,257.6,双12
2025-12-13,C001,化妆棉200片,23,16.1,370.3,双12
2025-12-14,C001,化妆棉200片,21,16.1,338.1,双12
2025-12-15,C001,化妆棉200片,12,19.0,228.0,日常
2025-12-16,C001,化妆棉200片,11,19.0,209.0,日常
2025-12-17,C001,化妆棉200片,12,19.0,228.0,日常
2025-12-18,C001,化妆棉200片,12,19.0,228.0,日常
2025-12-19,C001,化妆棉200片,13,19.0,247.0,日常
2025-12-20,C001,化妆棉200片,13,19.0,247.0,日常
2025-12-21,C001,化妆棉200片,14,19.0,266.0,日常
2025-12-22,C001,化妆棉200片,14,19.0,266.0,日常
2025-12-23,C001,化妆棉200片,8,19.0,152.0,日常
2025-12-24,C001,化妆棉200片,11,19.0,209.0,日常
2025-12-25,C001,化妆棉200片,12,19.0,228.0,日常
2025-12-26,C001,化妆棉200片,12,19.0,228.0,日常
2025-12-27,C001,化妆棉200片,14,19.0,266.0,日常
2025-12-28,C001,化妆棉200片,16,19.0,304.0,日常
2025-12-29,C001,化妆棉200片,11,19.0,209.0,日常
2025-12-30,C001,化妆棉200片,10,19.0,190.0,日常
2025-12-31,C001,化妆棉200片,12,19.0,228.0,日常
2026-01-01,C001,化妆棉200片,12,19.0,228.0,日常
2026-01-02,C001,化妆棉200片,10,19.0,190.0,日常
2026-01-03,C001,化妆棉200片,13,19.0,247.0,日常
2026-01-04,C001,化妆棉200片,13,19.0,247.0,日常
2026-01-05,C001,化妆棉200片,11,19.0,209.0,日常
2026-01-06,C001,化妆棉200片,12,19.0,228.0,日常
2026-01-07,C001,化妆棉200片,12,19.0,228.0,日常
2026-01-08,C001,化妆棉200片,13,19.0,247.0,日常
2026-01-09,C001,化妆棉200片,13,19.0,247.0,日常
2026-01-10,C001,化妆棉200片,16,19.0,304.0,日常
2026-01-11,C001,化妆棉200片,15,19.0,285.0,日常
2026-01-12,C001,化妆棉200片,11,19.0,209.0,日常
2026-01-13,C001,化妆棉200片,14,19.0,266.0,日常
2026-01-14,C001,化妆棉200片,15,19.0,285.0,日常
2026-01-15,C001,化妆棉200片,14,19.0,266.0,日常
2026-01-16,C001,化妆棉200片,11,19.0,209.0,日常
2026-01-17,C001,化妆棉200片,15,19.0,285.0,日常
2026-01-18,C001,化妆棉200片,14,19.0,266.0,日常
2026-01-19,C001,化妆棉200片,11,19.0,209.0,日常
2026-01-20,C001,化妆棉200片,24,16.1,386.4,年货节
2026-01-21,C001,化妆棉200片,15,16.1,241.5,年货节
2026-01-22,C001,化妆棉200片,16,16.1,257.6,年货节
2026-01-23,C001,化妆棉200片,19,16.1,305.9,年货节
2026-01-24,C001,化妆棉200片,23,16.1,370.3,年货节
2026-01-25,C001,化妆棉200片,22,16.1,354.2,年货节
2026-01-26,C001,化妆棉200片,22,16.1,354.2,年货节
2026-01-27,C001,化妆棉200片,19,16.1,305.9,年货节
2026-01-28,C001,化妆棉200片,22,16.1,354.2,年货节
2026-01-29,C001,化妆棉200片,22,16.1,354.2,年货节
2026-01-30,C001,化妆棉200片,20,16.1,322.0,年货节
2026-01-31,C001,化妆棉200片,22,16.1,354.2,年货节
2026-02-01,C001,化妆棉200片,25,16.1,402.5,年货节
2026-02-02,C001,化妆棉200片,19,16.1,305.9,年货节
2026-02-03,C001,化妆棉200片,17,16.1,273.7,年货节
2026-02-04,C001,化妆棉200片,17,16.1,273.7,年货节
2026-02-05,C001,化妆棉200片,19,16.1,305.9,年货节
2026-02-06,C001,化妆棉200片,11,19.0,209.0,日常
2026-02-07,C001,化妆棉200片,13,19.0,247.0,日常
2026-02-08,C001,化妆棉200片,13,19.0,247.0,日常
2026-02-09,C001,化妆棉200片,11,19.0,209.0,日常
2026-02-10,C001,化妆棉200片,14,19.0,266.0,日常
2026-02-11,C001,化妆棉200片,11,19.0,209.0,日常
2026-02-12,C001,化妆棉200片,12,19.0,228.0,日常
2026-02-13,C001,化妆棉200片,11,19.0,209.0,日常
2026-02-14,C001,化妆棉200片,17,19.0,323.0,日常
2026-02-15,C001,化妆棉200片,16,19.0,304.0,日常
2026-02-16,C001,化妆棉200片,12,19.0,228.0,日常
2026-02-17,C001,化妆棉200片,10,19.0,190.0,日常
2026-02-18,C001,化妆棉200片,12,19.0,228.0,日常
2026-02-19,C001,化妆棉200片,13,19.0,247.0,日常
2026-02-20,C001,化妆棉200片,11,19.0,209.0,日常
2026-02-21,C001,化妆棉200片,13,19.0,247.0,日常
2026-02-22,C001,化妆棉200片,13,19.0,247.0,日常
2026-02-23,C001,化妆棉200片,9,19.0,171.0,日常
2026-02-24,C001,化妆棉200片,10,19.0,190.0,日常
2026-02-25,C001,化妆棉200片,11,19.0,209.0,日常
2026-02-26,C001,化妆棉200片,12,19.0,228.0,日常
2026-02-27,C001,化妆棉200片,12,19.0,228.0,日常
2026-02-28,C001,化妆棉200片,14,19.0,266.0,日常
2026-03-01,C001,化妆棉200片,14,19.0,266.0,日常
2026-03-02,C001,化妆棉200片,13,19.0,247.0,日常
2026-03-03,C001,化妆棉200片,13,19.0,247.0,日常
2026-03-04,C001,化妆棉200片,11,19.0,209.0,日常
2026-03-05,C001,化妆棉200片,13,19.0,247.0,日常
2026-03-06,C001,化妆棉200片,12,19.0,228.0,日常
2026-03-07,C001,化妆棉200片,14,19.0,266.0,日常
2026-03-08,C001,化妆棉200片,18,16.1,289.8,38女王节
2026-03-09,C001,化妆棉200片,19,16.1,305.9,38女王节
2026-03-10,C001,化妆棉200片,18,16.1,289.8,38女王节
2026-03-11,C001,化妆棉200片,12,19.0,228.0,日常
2026-03-12,C001,化妆棉200片,16,19.0,304.0,日常
2026-03-13,C001,化妆棉200片,11,19.0,209.0,日常
2026-03-14,C001,化妆棉200片,16,19.0,304.0,日常
2026-03-15,C001,化妆棉200片,13,19.0,247.0,日常
2026-03-16,C001,化妆棉200片,12,19.0,228.0,日常
2026-03-17,C001,化妆棉200片,12,19.0,228.0,日常
2026-03-18,C001,化妆棉200片,10,19.0,190.0,日常
2026-03-19,C001,化妆棉200片,10,19.0,190.0,日常
2026-03-20,C001,化妆棉200片,12,19.0,228.0,日常
2026-03-21,C001,化妆棉200片,14,19.0,266.0,日常
2026-03-22,C001,化妆棉200片,15,19.0,285.0,日常
2026-03-23,C001,化妆棉200片,13,19.0,247.0,日常
2026-03-24,C001,化妆棉200片,13,19.0,247.0,日常
2026-03-25,C001,化妆棉200片,11,19.0,209.0,日常
2026-03-26,C001,化妆棉200片,12,19.0,228.0,日常
2026-03-27,C001,化妆棉200片,14,19.0,266.0,日常
2026-03-28,C001,化妆棉200片,11,19.0,209.0,日常
2026-03-29,C001,化妆棉200片,13,19.0,247.0,日常
2026-03-30,C001,化妆棉200片,13,19.0,247.0,日常
2026-03-31,C001,化妆棉200片,11,19.0,209.0,日常
2026-04-01,C001,化妆棉200片,14,19.0,266.0,日常
2026-04-02,C001,化妆棉200片,12,19.0,228.0,日常
2026-04-03,C001,化妆棉200片,14,19.0,266.0,日常
2026-04-04,C001,化妆棉200片,13,19.0,247.0,日常
2026-04-05,C001,化妆棉200片,12,19.0,228.0,日常
2026-04-06,C001,化妆棉200片,14,19.0,266.0,日常
2026-04-07,C001,化妆棉200片,11,19.0,209.0,日常
2026-04-08,C001,化妆棉200片,13,19.0,247.0,日常
2026-04-09,C001,化妆棉200片,15,19.0,285.0,日常
2026-04-10,C001,化妆棉200片,12,19.0,228.0,日常
2026-04-11,C001,化妆棉200片,13,19.0,247.0,日常
2026-04-12,C001,化妆棉200片,14,19.0,266.0,日常
2026-04-13,C001,化妆棉200片,12,19.0,228.0,日常
2026-04-14,C001,化妆棉200片,13,19.0,247.0,日常
2026-04-15,C001,化妆棉200片,11,19.0,209.0,日常
2026-04-16,C001,化妆棉200片,11,19.0,209.0,日常
2026-04-17,C001,化妆棉200片,11,19.0,209.0,日常
2026-04-18,C001,化妆棉200片,17,19.0,323.0,日常
2026-04-19,C001,化妆棉200片,14,19.0,266.0,日常
2026-04-20,C001,化妆棉200片,7,19.0,133.0,日常
2026-04-21,C001,化妆棉200片,12,19.0,228.0,日常
2026-04-22,C001,化妆棉200片,12,19.0,228.0,日常
2026-04-23,C001,化妆棉200片,12,19.0,228.0,日常
2026-04-24,C001,化妆棉200片,13,19.0,247.0,日常
2026-04-25,C001,化妆棉200片,12,19.0,228.0,日常
2026-04-26,C001,化妆棉200片,15,19.0,285.0,日常
2026-04-27,C001,化妆棉200片,10,19.0,190.0,日常
2026-04-28,C001,化妆棉200片,11,19.0,209.0,日常
2026-04-29,C001,化妆棉200片,9,19.0,171.0,日常
2026-04-30,C001,化妆棉200片,12,19.0,228.0,日常
2026-05-01,C001,化妆棉200片,11,19.0,209.0,日常
2026-05-02,C001,化妆棉200片,13,19.0,247.0,日常
2026-05-03,C001,化妆棉200片,14,19.0,266.0,日常
2026-05-04,C001,化妆棉200片,15,19.0,285.0,日常
2026-05-05,C001,化妆棉200片,11,19.0,209.0,日常
2026-05-06,C001,化妆棉200片,13,19.0,247.0,日常
2026-05-07,C001,化妆棉200片,12,19.0,228.0,日常
2026-05-08,C001,化妆棉200片,10,19.0,190.0,日常
2026-05-09,C001,化妆棉200片,10,19.0,190.0,日常
2026-05-10,C001,化妆棉200片,12,19.0,228.0,日常
2026-05-11,C001,化妆棉200片,14,19.0,266.0,日常
2026-05-12,C001,化妆棉200片,10,19.0,190.0,日常
2026-05-13,C001,化妆棉200片,13,19.0,247.0,日常
2026-05-14,C001,化妆棉200片,10,19.0,190.0,日常
2026-05-15,C001,化妆棉200片,14,19.0,266.0,日常
2026-05-16,C001,化妆棉200片,14,19.0,266.0,日常
2026-05-17,C001,化妆棉200片,10,19.0,190.0,日常
2026-05-18,C001,化妆棉200片,11,19.0,209.0,日常
2026-05-19,C001,化妆棉200片,10,19.0,190.0,日常
2026-05-20,C001,化妆棉200片,11,19.0,209.0,日常
2026-05-21,C001,化妆棉200片,12,19.0,228.0,日常
2026-05-22,C001,化妆棉200片,14,19.0,266.0,日常
2026-05-23,C001,化妆棉200片,14,19.0,266.0,日常
2026-05-24,C001,化妆棉200片,15,19.0,285.0,日常
2026-05-25,C001,化妆棉200片,13,19.0,247.0,日常
2026-05-26,C001,化妆棉200片,11,19.0,209.0,日常
2026-05-27,C001,化妆棉200片,11,19.0,209.0,日常
2026-05-28,C001,化妆棉200片,12,19.0,228.0,日常
2026-05-29,C001,化妆棉200片,10,19.0,190.0,日常
2026-05-30,C001,化妆棉200片,14,19.0,266.0,日常
2026-05-31,C001,化妆棉200片,15,19.0,285.0,日常
2026-06-01,C001,化妆棉200片,30,16.1,483.0,618大促
2026-06-02,C001,化妆棉200片,27,16.1,434.7,618大促
2026-06-03,C001,化妆棉200片,26,16.1,418.6,618大促
2026-06-04,C001,化妆棉200片,28,16.1,450.8,618大促
2026-06-05,C001,化妆棉200片,20,16.1,322.0,618大促
2026-06-06,C001,化妆棉200片,29,16.1,466.9,618大促
2026-06-07,C001,化妆棉200片,28,16.1,450.8,618大促
2026-06-08,C001,化妆棉200片,28,16.1,450.8,618大促
2026-06-09,C001,化妆棉200片,26,16.1,418.6,618大促
2026-06-10,C001,化妆棉200片,23,16.1,370.3,618大促
2026-06-11,C001,化妆棉200片,31,16.1,499.1,618大促
2026-06-12,C001,化妆棉200片,28,16.1,450.8,618大促
2026-06-13,C001,化妆棉200片,39,16.1,627.9,618大促
2026-06-14,C001,化妆棉200片,34,16.1,547.4,618大促
2026-06-15,C001,化妆棉200片,27,16.1,434.7,618大促
2026-06-16,C001,化妆棉200片,25,16.1,402.5,618大促
2026-06-17,C001,化妆棉200片,28,16.1,450.8,618大促
2026-06-18,C001,化妆棉200片,24,16.1,386.4,618大促
2026-06-19,C001,化妆棉200片,11,19.0,209.0,日常
